Archive member included because of file (symbol)

/usr/local/CrossPack-AVR-20100115/lib/gcc/avr/4.3.3/avr51/libgcc.a(_exit.o)
                              /usr/local/CrossPack-AVR-20100115/lib/gcc/avr/4.3.3/../../../../avr/lib/avr51/crtusb1287.o (exit)
/usr/local/CrossPack-AVR-20100115/lib/gcc/avr/4.3.3/avr51/libgcc.a(_clear_bss.o)
                              Lib/RNDISCommands.o (__do_clear_bss)
/usr/local/CrossPack-AVR-20100115/lib/gcc/avr/4.3.3/../../../../avr/lib/avr51/libc.a(memcpy.o)
                              Lib/RNDISCommands.o (memcpy)
/usr/local/CrossPack-AVR-20100115/lib/gcc/avr/4.3.3/../../../../avr/lib/avr51/libc.a(iob.o)
                              RNDISEthernetHost.o (__iob)
/usr/local/CrossPack-AVR-20100115/lib/gcc/avr/4.3.3/../../../../avr/lib/avr51/libc.a(printf.o)
                              RNDISEthernetHost.o (printf)
/usr/local/CrossPack-AVR-20100115/lib/gcc/avr/4.3.3/../../../../avr/lib/avr51/libc.a(printf_p.o)
                              RNDISEthernetHost.o (printf_P)
/usr/local/CrossPack-AVR-20100115/lib/gcc/avr/4.3.3/../../../../avr/lib/avr51/libc.a(puts.o)
                              RNDISEthernetHost.o (puts)
/usr/local/CrossPack-AVR-20100115/lib/gcc/avr/4.3.3/../../../../avr/lib/avr51/libc.a(puts_p.o)
                              RNDISEthernetHost.o (puts_P)
/usr/local/CrossPack-AVR-20100115/lib/gcc/avr/4.3.3/../../../../avr/lib/avr51/libc.a(vfprintf_std.o)
                              /usr/local/CrossPack-AVR-20100115/lib/gcc/avr/4.3.3/../../../../avr/lib/avr51/libc.a(printf.o) (vfprintf)
/usr/local/CrossPack-AVR-20100115/lib/gcc/avr/4.3.3/../../../../avr/lib/avr51/libc.a(eerd_byte_at90usb1287.o)
                              ../../../../LUFA/Drivers/USB/HighLevel/PipeStream.o (__eerd_byte_usb1287)
/usr/local/CrossPack-AVR-20100115/lib/gcc/avr/4.3.3/../../../../avr/lib/avr51/libc.a(eeupd_byte_at90usb1287.o)
                              ../../../../LUFA/Drivers/USB/HighLevel/PipeStream.o (__eeupd_byte_usb1287)
/usr/local/CrossPack-AVR-20100115/lib/gcc/avr/4.3.3/../../../../avr/lib/avr51/libc.a(strnlen_P.o)
                              /usr/local/CrossPack-AVR-20100115/lib/gcc/avr/4.3.3/../../../../avr/lib/avr51/libc.a(vfprintf_std.o) (strnlen_P)
/usr/local/CrossPack-AVR-20100115/lib/gcc/avr/4.3.3/../../../../avr/lib/avr51/libc.a(strnlen.o)
                              /usr/local/CrossPack-AVR-20100115/lib/gcc/avr/4.3.3/../../../../avr/lib/avr51/libc.a(vfprintf_std.o) (strnlen)
/usr/local/CrossPack-AVR-20100115/lib/gcc/avr/4.3.3/../../../../avr/lib/avr51/libc.a(fputc.o)
                              /usr/local/CrossPack-AVR-20100115/lib/gcc/avr/4.3.3/../../../../avr/lib/avr51/libc.a(vfprintf_std.o) (fputc)
/usr/local/CrossPack-AVR-20100115/lib/gcc/avr/4.3.3/../../../../avr/lib/avr51/libc.a(ultoa_invert.o)
                              /usr/local/CrossPack-AVR-20100115/lib/gcc/avr/4.3.3/../../../../avr/lib/avr51/libc.a(vfprintf_std.o) (__ultoa_invert)

Allocating common symbols
Common symbol       size              file

USB_IsInitialized   0x1               ../../../../LUFA/Drivers/USB/HighLevel/USBTask.o
USB_ControlRequest  0x8               ../../../../LUFA/Drivers/USB/HighLevel/USBTask.o
USB_HostState       0x1               ../../../../LUFA/Drivers/USB/HighLevel/USBTask.o
__iob               0x6               /usr/local/CrossPack-AVR-20100115/lib/gcc/avr/4.3.3/../../../../avr/lib/avr51/libc.a(iob.o)

Discarded input sections

 .data          0x00000000        0x0 /usr/local/CrossPack-AVR-20100115/lib/gcc/avr/4.3.3/../../../../avr/lib/avr51/crtusb1287.o
 .bss           0x00000000        0x0 /usr/local/CrossPack-AVR-20100115/lib/gcc/avr/4.3.3/../../../../avr/lib/avr51/crtusb1287.o
 .text          0x00000000        0x0 RNDISEthernetHost.o
 .bss           0x00000000        0x0 RNDISEthernetHost.o
 .text          0x00000000        0x0 ConfigDescriptor.o
 .data          0x00000000        0x0 ConfigDescriptor.o
 .bss           0x00000000        0x0 ConfigDescriptor.o
 .text          0x00000000        0x0 Lib/RNDISCommands.o
 .data          0x00000000        0x0 Lib/RNDISCommands.o
 .text.RNDIS_SendKeepAlive
                0x00000000        0x0 Lib/RNDISCommands.o
 .text          0x00000000        0x0 ../../../../LUFA/Drivers/USB/LowLevel/Device.o
 .data          0x00000000        0x0 ../../../../LUFA/Drivers/USB/LowLevel/Device.o
 .bss           0x00000000        0x0 ../../../../LUFA/Drivers/USB/LowLevel/Device.o
 .text          0x00000000        0x0 ../../../../LUFA/Drivers/USB/LowLevel/Endpoint.o
 .data          0x00000000        0x0 ../../../../LUFA/Drivers/USB/LowLevel/Endpoint.o
 .bss           0x00000000        0x0 ../../../../LUFA/Drivers/USB/LowLevel/Endpoint.o
 .text          0x00000000        0x0 ../../../../LUFA/Drivers/USB/LowLevel/Host.o
 .text.USB_Host_ClearPipeStall
                0x00000000        0x0 ../../../../LUFA/Drivers/USB/LowLevel/Host.o
 .text.USB_Host_GetDeviceStringDescriptor
                0x00000000        0x0 ../../../../LUFA/Drivers/USB/LowLevel/Host.o
 .text.USB_Host_GetDeviceDescriptor
                0x00000000        0x0 ../../../../LUFA/Drivers/USB/LowLevel/Host.o
 .text          0x00000000        0x0 ../../../../LUFA/Drivers/USB/LowLevel/Pipe.o
 .bss           0x00000000        0x0 ../../../../LUFA/Drivers/USB/LowLevel/Pipe.o
 .text.Pipe_IsEndpointBound
                0x00000000        0x0 ../../../../LUFA/Drivers/USB/LowLevel/Pipe.o
 .text          0x00000000        0x0 ../../../../LUFA/Drivers/USB/LowLevel/USBController.o
 .data          0x00000000        0x0 ../../../../LUFA/Drivers/USB/LowLevel/USBController.o
 .bss           0x00000000        0x0 ../../../../LUFA/Drivers/USB/LowLevel/USBController.o
 .text          0x00000000        0x0 ../../../../LUFA/Drivers/USB/LowLevel/USBInterrupt.o
 .data          0x00000000        0x0 ../../../../LUFA/Drivers/USB/LowLevel/USBInterrupt.o
 .bss           0x00000000        0x0 ../../../../LUFA/Drivers/USB/LowLevel/USBInterrupt.o
 .text          0x00000000        0x0 ../../../../LUFA/Drivers/USB/HighLevel/ConfigDescriptor.o
 .data          0x00000000        0x0 ../../../../LUFA/Drivers/USB/HighLevel/ConfigDescriptor.o
 .bss           0x00000000        0x0 ../../../../LUFA/Drivers/USB/HighLevel/ConfigDescriptor.o
 .text.USB_GetNextDescriptorOfType
                0x00000000        0x0 ../../../../LUFA/Drivers/USB/HighLevel/ConfigDescriptor.o
 .text.USB_GetNextDescriptorOfTypeBefore
                0x00000000        0x0 ../../../../LUFA/Drivers/USB/HighLevel/ConfigDescriptor.o
 .text.USB_GetNextDescriptorOfTypeAfter
                0x00000000        0x0 ../../../../LUFA/Drivers/USB/HighLevel/ConfigDescriptor.o
 .text          0x00000000        0x0 ../../../../LUFA/Drivers/USB/HighLevel/DeviceStandardReq.o
 .data          0x00000000        0x0 ../../../../LUFA/Drivers/USB/HighLevel/DeviceStandardReq.o
 .bss           0x00000000        0x0 ../../../../LUFA/Drivers/USB/HighLevel/DeviceStandardReq.o
 .text          0x00000000        0x0 ../../../../LUFA/Drivers/USB/HighLevel/Events.o
 .data          0x00000000        0x0 ../../../../LUFA/Drivers/USB/HighLevel/Events.o
 .bss           0x00000000        0x0 ../../../../LUFA/Drivers/USB/HighLevel/Events.o
 .text          0x00000000        0x0 ../../../../LUFA/Drivers/USB/HighLevel/EndpointStream.o
 .data          0x00000000        0x0 ../../../../LUFA/Drivers/USB/HighLevel/EndpointStream.o
 .bss           0x00000000        0x0 ../../../../LUFA/Drivers/USB/HighLevel/EndpointStream.o
 .text          0x00000000        0x0 ../../../../LUFA/Drivers/USB/HighLevel/HostStandardReq.o
 .data          0x00000000        0x0 ../../../../LUFA/Drivers/USB/HighLevel/HostStandardReq.o
 .bss           0x00000000        0x0 ../../../../LUFA/Drivers/USB/HighLevel/HostStandardReq.o
 .text          0x00000000        0x0 ../../../../LUFA/Drivers/USB/HighLevel/PipeStream.o
 .data          0x00000000        0x0 ../../../../LUFA/Drivers/USB/HighLevel/PipeStream.o
 .bss           0x00000000        0x0 ../../../../LUFA/Drivers/USB/HighLevel/PipeStream.o
 .text.Pipe_Read_Stream_BE
                0x00000000        0x0 ../../../../LUFA/Drivers/USB/HighLevel/PipeStream.o
 .text.Pipe_Write_PStream_BE
                0x00000000        0x0 ../../../../LUFA/Drivers/USB/HighLevel/PipeStream.o
 .text.Pipe_Write_Stream_BE
                0x00000000        0x0 ../../../../LUFA/Drivers/USB/HighLevel/PipeStream.o
 .text.Pipe_Write_PStream_LE
                0x00000000        0x0 ../../../../LUFA/Drivers/USB/HighLevel/PipeStream.o
 .text.Pipe_Write_Stream_LE
                0x00000000        0x0 ../../../../LUFA/Drivers/USB/HighLevel/PipeStream.o
 .text.Pipe_Read_EStream_BE
                0x00000000        0x0 ../../../../LUFA/Drivers/USB/HighLevel/PipeStream.o
 .text.Pipe_Read_EStream_LE
                0x00000000        0x0 ../../../../LUFA/Drivers/USB/HighLevel/PipeStream.o
 .text.Pipe_Write_EStream_BE
                0x00000000        0x0 ../../../../LUFA/Drivers/USB/HighLevel/PipeStream.o
 .text.Pipe_Write_EStream_LE
                0x00000000        0x0 ../../../../LUFA/Drivers/USB/HighLevel/PipeStream.o
 .text          0x00000000        0x0 ../../../../LUFA/Drivers/USB/HighLevel/USBTask.o
 .data          0x00000000        0x0 ../../../../LUFA/Drivers/USB/HighLevel/USBTask.o
 .bss           0x00000000        0x0 ../../../../LUFA/Drivers/USB/HighLevel/USBTask.o
 .text          0x00000000        0x0 ../../../../LUFA/Drivers/USB/Class/Host/HIDParser.o
 .data          0x00000000        0x0 ../../../../LUFA/Drivers/USB/Class/Host/HIDParser.o
 .bss           0x00000000        0x0 ../../../../LUFA/Drivers/USB/Class/Host/HIDParser.o
 .text.USB_GetHIDReportItemInfo
                0x00000000        0x0 ../../../../LUFA/Drivers/USB/Class/Host/HIDParser.o
 .text.USB_SetHIDReportItemInfo
                0x00000000        0x0 ../../../../LUFA/Drivers/USB/Class/Host/HIDParser.o
 .text.USB_GetHIDReportSize
                0x00000000        0x0 ../../../../LUFA/Drivers/USB/Class/Host/HIDParser.o
 .text.USB_ProcessHIDReport
                0x00000000        0x0 ../../../../LUFA/Drivers/USB/Class/Host/HIDParser.o
 .text          0x00000000        0x0 ../../../../LUFA/Drivers/Peripheral/Serial.o
 .data          0x00000000        0x0 ../../../../LUFA/Drivers/Peripheral/Serial.o
 .bss           0x00000000        0x0 ../../../../LUFA/Drivers/Peripheral/Serial.o
 .text.Serial_TxString_P
                0x00000000        0x0 ../../../../LUFA/Drivers/Peripheral/Serial.o
 .text.Serial_TxString
                0x00000000        0x0 ../../../../LUFA/Drivers/Peripheral/Serial.o
 .text          0x00000000        0x0 ../../../../LUFA/Drivers/Peripheral/SerialStream.o
 .bss           0x00000000        0x0 ../../../../LUFA/Drivers/Peripheral/SerialStream.o
 .text          0x00000000        0x0 /usr/local/CrossPack-AVR-20100115/lib/gcc/avr/4.3.3/avr51/libgcc.a(_exit.o)
 .data          0x00000000        0x0 /usr/local/CrossPack-AVR-20100115/lib/gcc/avr/4.3.3/avr51/libgcc.a(_exit.o)
 .bss           0x00000000        0x0 /usr/local/CrossPack-AVR-20100115/lib/gcc/avr/4.3.3/avr51/libgcc.a(_exit.o)
 .text.libgcc   0x00000000        0x0 /usr/local/CrossPack-AVR-20100115/lib/gcc/avr/4.3.3/avr51/libgcc.a(_exit.o)
 .text          0x00000000        0x0 /usr/local/CrossPack-AVR-20100115/lib/gcc/avr/4.3.3/avr51/libgcc.a(_clear_bss.o)
 .data          0x00000000        0x0 /usr/local/CrossPack-AVR-20100115/lib/gcc/avr/4.3.3/avr51/libgcc.a(_clear_bss.o)
 .bss           0x00000000        0x0 /usr/local/CrossPack-AVR-20100115/lib/gcc/avr/4.3.3/avr51/libgcc.a(_clear_bss.o)
 .text.libgcc   0x00000000        0x0 /usr/local/CrossPack-AVR-20100115/lib/gcc/avr/4.3.3/avr51/libgcc.a(_clear_bss.o)
 .text          0x00000000        0x0 /usr/local/CrossPack-AVR-20100115/lib/gcc/avr/4.3.3/../../../../avr/lib/avr51/libc.a(memcpy.o)
 .data          0x00000000        0x0 /usr/local/CrossPack-AVR-20100115/lib/gcc/avr/4.3.3/../../../../avr/lib/avr51/libc.a(memcpy.o)
 .bss           0x00000000        0x0 /usr/local/CrossPack-AVR-20100115/lib/gcc/avr/4.3.3/../../../../avr/lib/avr51/libc.a(memcpy.o)
 .text          0x00000000        0x0 /usr/local/CrossPack-AVR-20100115/lib/gcc/avr/4.3.3/../../../../avr/lib/avr51/libc.a(iob.o)
 .data          0x00000000        0x0 /usr/local/CrossPack-AVR-20100115/lib/gcc/avr/4.3.3/../../../../avr/lib/avr51/libc.a(iob.o)
 .bss           0x00000000        0x0 /usr/local/CrossPack-AVR-20100115/lib/gcc/avr/4.3.3/../../../../avr/lib/avr51/libc.a(iob.o)
 .text          0x00000000        0x0 /usr/local/CrossPack-AVR-20100115/lib/gcc/avr/4.3.3/../../../../avr/lib/avr51/libc.a(printf.o)
 .data          0x00000000        0x0 /usr/local/CrossPack-AVR-20100115/lib/gcc/avr/4.3.3/../../../../avr/lib/avr51/libc.a(printf.o)
 .bss           0x00000000        0x0 /usr/local/CrossPack-AVR-20100115/lib/gcc/avr/4.3.3/../../../../avr/lib/avr51/libc.a(printf.o)
 .text          0x00000000        0x0 /usr/local/CrossPack-AVR-20100115/lib/gcc/avr/4.3.3/../../../../avr/lib/avr51/libc.a(printf_p.o)
 .data          0x00000000        0x0 /usr/local/CrossPack-AVR-20100115/lib/gcc/avr/4.3.3/../../../../avr/lib/avr51/libc.a(printf_p.o)
 .bss           0x00000000        0x0 /usr/local/CrossPack-AVR-20100115/lib/gcc/avr/4.3.3/../../../../avr/lib/avr51/libc.a(printf_p.o)
 .text          0x00000000        0x0 /usr/local/CrossPack-AVR-20100115/lib/gcc/avr/4.3.3/../../../../avr/lib/avr51/libc.a(puts.o)
 .data          0x00000000        0x0 /usr/local/CrossPack-AVR-20100115/lib/gcc/avr/4.3.3/../../../../avr/lib/avr51/libc.a(puts.o)
 .bss           0x00000000        0x0 /usr/local/CrossPack-AVR-20100115/lib/gcc/avr/4.3.3/../../../../avr/lib/avr51/libc.a(puts.o)
 .text          0x00000000        0x0 /usr/local/CrossPack-AVR-20100115/lib/gcc/avr/4.3.3/../../../../avr/lib/avr51/libc.a(puts_p.o)
 .data          0x00000000        0x0 /usr/local/CrossPack-AVR-20100115/lib/gcc/avr/4.3.3/../../../../avr/lib/avr51/libc.a(puts_p.o)
 .bss           0x00000000        0x0 /usr/local/CrossPack-AVR-20100115/lib/gcc/avr/4.3.3/../../../../avr/lib/avr51/libc.a(puts_p.o)
 .text          0x00000000        0x0 /usr/local/CrossPack-AVR-20100115/lib/gcc/avr/4.3.3/../../../../avr/lib/avr51/libc.a(vfprintf_std.o)
 .data          0x00000000        0x0 /usr/local/CrossPack-AVR-20100115/lib/gcc/avr/4.3.3/../../../../avr/lib/avr51/libc.a(vfprintf_std.o)
 .bss           0x00000000        0x0 /usr/local/CrossPack-AVR-20100115/lib/gcc/avr/4.3.3/../../../../avr/lib/avr51/libc.a(vfprintf_std.o)
 .text          0x00000000        0x0 /usr/local/CrossPack-AVR-20100115/lib/gcc/avr/4.3.3/../../../../avr/lib/avr51/libc.a(eerd_byte_at90usb1287.o)
 .data          0x00000000        0x0 /usr/local/CrossPack-AVR-20100115/lib/gcc/avr/4.3.3/../../../../avr/lib/avr51/libc.a(eerd_byte_at90usb1287.o)
 .bss           0x00000000        0x0 /usr/local/CrossPack-AVR-20100115/lib/gcc/avr/4.3.3/../../../../avr/lib/avr51/libc.a(eerd_byte_at90usb1287.o)
 .text.avr-libc
                0x00000000        0x0 /usr/local/CrossPack-AVR-20100115/lib/gcc/avr/4.3.3/../../../../avr/lib/avr51/libc.a(eerd_byte_at90usb1287.o)
 .text          0x00000000        0x0 /usr/local/CrossPack-AVR-20100115/lib/gcc/avr/4.3.3/../../../../avr/lib/avr51/libc.a(eeupd_byte_at90usb1287.o)
 .data          0x00000000        0x0 /usr/local/CrossPack-AVR-20100115/lib/gcc/avr/4.3.3/../../../../avr/lib/avr51/libc.a(eeupd_byte_at90usb1287.o)
 .bss           0x00000000        0x0 /usr/local/CrossPack-AVR-20100115/lib/gcc/avr/4.3.3/../../../../avr/lib/avr51/libc.a(eeupd_byte_at90usb1287.o)
 .text.avr-libc
                0x00000000        0x0 /usr/local/CrossPack-AVR-20100115/lib/gcc/avr/4.3.3/../../../../avr/lib/avr51/libc.a(eeupd_byte_at90usb1287.o)
 .text          0x00000000        0x0 /usr/local/CrossPack-AVR-20100115/lib/gcc/avr/4.3.3/../../../../avr/lib/avr51/libc.a(strnlen_P.o)
 .data          0x00000000        0x0 /usr/local/CrossPack-AVR-20100115/lib/gcc/avr/4.3.3/../../../../avr/lib/avr51/libc.a(strnlen_P.o)
 .bss           0x00000000        0x0 /usr/local/CrossPack-AVR-20100115/lib/gcc/avr/4.3.3/../../../../avr/lib/avr51/libc.a(strnlen_P.o)
 .text          0x00000000        0x0 /usr/local/CrossPack-AVR-20100115/lib/gcc/avr/4.3.3/../../../../avr/lib/avr51/libc.a(strnlen.o)
 .data          0x00000000        0x0 /usr/local/CrossPack-AVR-20100115/lib/gcc/avr/4.3.3/../../../../avr/lib/avr51/libc.a(strnlen.o)
 .bss           0x00000000        0x0 /usr/local/CrossPack-AVR-20100115/lib/gcc/avr/4.3.3/../../../../avr/lib/avr51/libc.a(strnlen.o)
 .text          0x00000000        0x0 /usr/local/CrossPack-AVR-20100115/lib/gcc/avr/4.3.3/../../../../avr/lib/avr51/libc.a(fputc.o)
 .data          0x00000000        0x0 /usr/local/CrossPack-AVR-20100115/lib/gcc/avr/4.3.3/../../../../avr/lib/avr51/libc.a(fputc.o)
 .bss           0x00000000        0x0 /usr/local/CrossPack-AVR-20100115/lib/gcc/avr/4.3.3/../../../../avr/lib/avr51/libc.a(fputc.o)
 .text          0x00000000        0x0 /usr/local/CrossPack-AVR-20100115/lib/gcc/avr/4.3.3/../../../../avr/lib/avr51/libc.a(ultoa_invert.o)
 .data          0x00000000        0x0 /usr/local/CrossPack-AVR-20100115/lib/gcc/avr/4.3.3/../../../../avr/lib/avr51/libc.a(ultoa_invert.o)
 .bss           0x00000000        0x0 /usr/local/CrossPack-AVR-20100115/lib/gcc/avr/4.3.3/../../../../avr/lib/avr51/libc.a(ultoa_invert.o)

Memory Configuration

Name             Origin             Length             Attributes
text             0x00000000         0x00020000         xr
data             0x00800060         0x0000ffa0         rw !x
eeprom           0x00810000         0x00010000         rw !x
fuse             0x00820000         0x00000400         rw !x
lock             0x00830000         0x00000400         rw !x
signature        0x00840000         0x00000400         rw !x
*default*        0x00000000         0xffffffff

Linker script and memory map

Address of section .data set to 0x800100
LOAD /usr/local/CrossPack-AVR-20100115/lib/gcc/avr/4.3.3/../../../../avr/lib/avr51/crtusb1287.o
LOAD RNDISEthernetHost.o
LOAD ConfigDescriptor.o
LOAD Lib/RNDISCommands.o
LOAD ../../../../LUFA/Drivers/USB/LowLevel/Device.o
LOAD ../../../../LUFA/Drivers/USB/LowLevel/Endpoint.o
LOAD ../../../../LUFA/Drivers/USB/LowLevel/Host.o
LOAD ../../../../LUFA/Drivers/USB/LowLevel/Pipe.o
LOAD ../../../../LUFA/Drivers/USB/LowLevel/USBController.o
LOAD ../../../../LUFA/Drivers/USB/LowLevel/USBInterrupt.o
LOAD ../../../../LUFA/Drivers/USB/HighLevel/ConfigDescriptor.o
LOAD ../../../../LUFA/Drivers/USB/HighLevel/DeviceStandardReq.o
LOAD ../../../../LUFA/Drivers/USB/HighLevel/Events.o
LOAD ../../../../LUFA/Drivers/USB/HighLevel/EndpointStream.o
LOAD ../../../../LUFA/Drivers/USB/HighLevel/HostStandardReq.o
LOAD ../../../../LUFA/Drivers/USB/HighLevel/PipeStream.o
LOAD ../../../../LUFA/Drivers/USB/HighLevel/USBTask.o
LOAD ../../../../LUFA/Drivers/USB/Class/Host/HIDParser.o
LOAD ../../../../LUFA/Drivers/Peripheral/Serial.o
LOAD ../../../../LUFA/Drivers/Peripheral/SerialStream.o
LOAD /usr/local/CrossPack-AVR-20100115/lib/gcc/avr/4.3.3/../../../../avr/lib/avr51/libm.a
LOAD /usr/local/CrossPack-AVR-20100115/lib/gcc/avr/4.3.3/avr51/libgcc.a
LOAD /usr/local/CrossPack-AVR-20100115/lib/gcc/avr/4.3.3/../../../../avr/lib/avr51/libc.a
LOAD /usr/local/CrossPack-AVR-20100115/lib/gcc/avr/4.3.3/avr51/libgcc.a

.hash
 *(.hash)

.dynsym
 *(.dynsym)

.dynstr
 *(.dynstr)

.gnu.version
 *(.gnu.version)

.gnu.version_d
 *(.gnu.version_d)

.gnu.version_r
 *(.gnu.version_r)

.rel.init
 *(.rel.init)

.rela.init
 *(.rela.init)

.rel.text
 *(.rel.text)
 *(.rel.text.*)
 *(.rel.gnu.linkonce.t*)

.rela.text
 *(.rela.text)
 *(.rela.text.*)
 *(.rela.gnu.linkonce.t*)

.rel.fini
 *(.rel.fini)

.rela.fini
 *(.rela.fini)

.rel.rodata
 *(.rel.rodata)
 *(.rel.rodata.*)
 *(.rel.gnu.linkonce.r*)

.rela.rodata
 *(.rela.rodata)
 *(.rela.rodata.*)
 *(.rela.gnu.linkonce.r*)

.rel.data
 *(.rel.data)
 *(.rel.data.*)
 *(.rel.gnu.linkonce.d*)

.rela.data
 *(.rela.data)
 *(.rela.data.*)
 *(.rela.gnu.linkonce.d*)

.rel.ctors
 *(.rel.ctors)

.rela.ctors
 *(.rela.ctors)

.rel.dtors
 *(.rel.dtors)

.rela.dtors
 *(.rela.dtors)

.rel.got
 *(.rel.got)

.rela.got
 *(.rela.got)

.rel.bss
 *(.rel.bss)

.rela.bss
 *(.rela.bss)

.rel.plt
 *(.rel.plt)

.rela.plt
 *(.rela.plt)

.text           0x00000000     0x207c
 *(.vectors)
 .vectors       0x00000000       0x98 /usr/local/CrossPack-AVR-20100115/lib/gcc/avr/4.3.3/../../../../avr/lib/avr51/crtusb1287.o
                0x00000000                __vectors
                0x00000000                __vector_default
 *(.vectors)
 *(.progmem.gcc*)
 *(.progmem*)
 .progmem.data  0x00000098      0x322 RNDISEthernetHost.o
                0x000003ba                . = ALIGN (0x2)
                0x000003ba                __trampolines_start = .
 *(.trampolines)
 .trampolines   0x000003ba        0x0 linker stubs
 *(.trampolines*)
                0x000003ba                __trampolines_end = .
 *(.jumptables)
 *(.jumptables*)
 *(.lowtext)
 *(.lowtext*)
                0x000003ba                __ctors_start = .
 *(.ctors)
                0x000003ba                __ctors_end = .
                0x000003ba                __dtors_start = .
 *(.dtors)
                0x000003ba                __dtors_end = .
 SORT(*)(.ctors)
 SORT(*)(.dtors)
 *(.init0)
 .init0         0x000003ba        0x0 /usr/local/CrossPack-AVR-20100115/lib/gcc/avr/4.3.3/../../../../avr/lib/avr51/crtusb1287.o
                0x000003ba                __init
 *(.init0)
 *(.init1)
 *(.init1)
 *(.init2)
 .init2         0x000003ba        0xc /usr/local/CrossPack-AVR-20100115/lib/gcc/avr/4.3.3/../../../../avr/lib/avr51/crtusb1287.o
 *(.init2)
 *(.init3)
 *(.init3)
 *(.init4)
 .init4         0x000003c6       0x1a /usr/local/CrossPack-AVR-20100115/lib/gcc/avr/4.3.3/../../../../avr/lib/avr51/crtusb1287.o
                0x000003c6                __do_copy_data
 .init4         0x000003e0       0x10 /usr/local/CrossPack-AVR-20100115/lib/gcc/avr/4.3.3/avr51/libgcc.a(_clear_bss.o)
                0x000003e0                __do_clear_bss
 *(.init4)
 *(.init5)
 *(.init5)
 *(.init6)
 *(.init6)
 *(.init7)
 *(.init7)
 *(.init8)
 *(.init8)
 *(.init9)
 .init9         0x000003f0        0x6 /usr/local/CrossPack-AVR-20100115/lib/gcc/avr/4.3.3/../../../../avr/lib/avr51/crtusb1287.o
 *(.init9)
 *(.text)
 .text          0x000003f6        0x2 /usr/local/CrossPack-AVR-20100115/lib/gcc/avr/4.3.3/../../../../avr/lib/avr51/crtusb1287.o
                0x000003f6                __vector_22
                0x000003f6                __vector_28
                0x000003f6                __vector_1
                0x000003f6                __vector_32
                0x000003f6                __vector_34
                0x000003f6                __vector_24
                0x000003f6                __vector_12
                0x000003f6                __bad_interrupt
                0x000003f6                __vector_6
                0x000003f6                __vector_31
                0x000003f6                __vector_35
                0x000003f6                __vector_3
                0x000003f6                __vector_23
                0x000003f6                __vector_30
                0x000003f6                __vector_25
                0x000003f6                __vector_11
                0x000003f6                __vector_13
                0x000003f6                __vector_17
                0x000003f6                __vector_19
                0x000003f6                __vector_7
                0x000003f6                __vector_27
                0x000003f6                __vector_5
                0x000003f6                __vector_33
                0x000003f6                __vector_37
                0x000003f6                __vector_4
                0x000003f6                __vector_9
                0x000003f6                __vector_2
                0x000003f6                __vector_21
                0x000003f6                __vector_15
                0x000003f6                __vector_36
                0x000003f6                __vector_29
                0x000003f6                __vector_8
                0x000003f6                __vector_26
                0x000003f6                __vector_14
                0x000003f6                __vector_16
                0x000003f6                __vector_18
                0x000003f6                __vector_20
                0x000003f8                . = ALIGN (0x2)
 *(.text.*)
 .text.EVENT_USB_Host_DeviceEnumerationComplete
                0x000003f8        0xa RNDISEthernetHost.o
                0x000003f8                EVENT_USB_Host_DeviceEnumerationComplete
 .text.EVENT_USB_Host_DeviceUnattached
                0x00000402       0x12 RNDISEthernetHost.o
                0x00000402                EVENT_USB_Host_DeviceUnattached
 .text.EVENT_USB_Host_DeviceAttached
                0x00000414       0x12 RNDISEthernetHost.o
                0x00000414                EVENT_USB_Host_DeviceAttached
 .text.EVENT_USB_Host_DeviceEnumerationFailed
                0x00000426       0x58 RNDISEthernetHost.o
                0x00000426                EVENT_USB_Host_DeviceEnumerationFailed
 .text.PrintIncomingPackets
                0x0000047e      0x182 RNDISEthernetHost.o
                0x0000047e                PrintIncomingPackets
 .text.RNDIS_Host_Task
                0x00000600      0x1ae RNDISEthernetHost.o
                0x00000600                RNDIS_Host_Task
 .text.EVENT_USB_Host_HostError
                0x000007ae       0x3a RNDISEthernetHost.o
                0x000007ae                EVENT_USB_Host_HostError
 .text.SetupHardware
                0x000007e8       0x6a RNDISEthernetHost.o
                0x000007e8                SetupHardware
 .text.main     0x00000852       0x1c RNDISEthernetHost.o
                0x00000852                main
 .text.DComp_NextCDCControlInterface
                0x0000086e       0x22 ConfigDescriptor.o
                0x0000086e                DComp_NextCDCControlInterface
 .text.DComp_NextCDCDataInterface
                0x00000890       0x1c ConfigDescriptor.o
                0x00000890                DComp_NextCDCDataInterface
 .text.DComp_NextCDCDataInterfaceEndpoint
                0x000008ac       0x26 ConfigDescriptor.o
                0x000008ac                DComp_NextCDCDataInterfaceEndpoint
 .text.ProcessConfigurationDescriptor
                0x000008d2      0x15c ConfigDescriptor.o
                0x000008d2                ProcessConfigurationDescriptor
 .text.RNDIS_GetPacketLength
                0x00000a2e       0x9a Lib/RNDISCommands.o
                0x00000a2e                RNDIS_GetPacketLength
 .text.RNDIS_GetEncapsulatedResponse
                0x00000ac8       0x2a Lib/RNDISCommands.o
                0x00000ac8                RNDIS_GetEncapsulatedResponse
 .text.RNDIS_SendEncapsulatedCommand
                0x00000af2       0x28 Lib/RNDISCommands.o
                0x00000af2                RNDIS_SendEncapsulatedCommand
 .text.RNDIS_QueryRNDISProperty
                0x00000b1a      0x140 Lib/RNDISCommands.o
                0x00000b1a                RNDIS_QueryRNDISProperty
 .text.RNDIS_SetRNDISProperty
                0x00000c5a      0x14e Lib/RNDISCommands.o
                0x00000c5a                RNDIS_SetRNDISProperty
 .text.RNDIS_InitializeDevice
                0x00000da8       0xe8 Lib/RNDISCommands.o
                0x00000da8                RNDIS_InitializeDevice
 .text.USB_Host_WaitMS
                0x00000e90       0x9a ../../../../LUFA/Drivers/USB/LowLevel/Host.o
                0x00000e90                USB_Host_WaitMS
 .text.USB_Host_ResetDevice
                0x00000f2a       0x98 ../../../../LUFA/Drivers/USB/LowLevel/Host.o
 .text.USB_Host_SetDeviceConfiguration
                0x00000fc2       0x2c ../../../../LUFA/Drivers/USB/LowLevel/Host.o
                0x00000fc2                USB_Host_SetDeviceConfiguration
 .text.USB_Host_ProcessNextHostState
                0x00000fee      0x25c ../../../../LUFA/Drivers/USB/LowLevel/Host.o
                0x00000fee                USB_Host_ProcessNextHostState
 .text.Pipe_ConfigurePipe
                0x0000124a       0x6c ../../../../LUFA/Drivers/USB/LowLevel/Pipe.o
                0x0000124a                Pipe_ConfigurePipe
 .text.Pipe_ClearPipes
                0x000012b6       0x28 ../../../../LUFA/Drivers/USB/LowLevel/Pipe.o
                0x000012b6                Pipe_ClearPipes
 .text.Pipe_WaitUntilReady
                0x000012de       0x5a ../../../../LUFA/Drivers/USB/LowLevel/Pipe.o
                0x000012de                Pipe_WaitUntilReady
 .text.USB_ResetInterface
                0x00001338       0x9c ../../../../LUFA/Drivers/USB/LowLevel/USBController.o
                0x00001338                USB_ResetInterface
 .text.USB_Init
                0x000013d4       0x12 ../../../../LUFA/Drivers/USB/LowLevel/USBController.o
                0x000013d4                USB_Init
 .text.USB_ShutDown
                0x000013e6       0x30 ../../../../LUFA/Drivers/USB/LowLevel/USBController.o
                0x000013e6                USB_ShutDown
 .text.USB_INT_DisableAllInterrupts
                0x00001416       0x10 ../../../../LUFA/Drivers/USB/LowLevel/USBInterrupt.o
                0x00001416                USB_INT_DisableAllInterrupts
 .text.USB_INT_ClearAllInterrupts
                0x00001426        0xa ../../../../LUFA/Drivers/USB/LowLevel/USBInterrupt.o
                0x00001426                USB_INT_ClearAllInterrupts
 .text.__vector_10
                0x00001430      0x130 ../../../../LUFA/Drivers/USB/LowLevel/USBInterrupt.o
                0x00001430                __vector_10
 .text.USB_GetNextDescriptorComp
                0x00001560       0x82 ../../../../LUFA/Drivers/USB/HighLevel/ConfigDescriptor.o
                0x00001560                USB_GetNextDescriptorComp
 .text.USB_Host_GetDeviceConfigDescriptor
                0x000015e2       0xb4 ../../../../LUFA/Drivers/USB/HighLevel/ConfigDescriptor.o
                0x000015e2                USB_Host_GetDeviceConfigDescriptor
 .text.USB_Event_Stub
                0x00001696        0x2 ../../../../LUFA/Drivers/USB/HighLevel/Events.o
                0x00001696                USB_Event_Stub
                0x00001696                EVENT_USB_Host_StartOfFrame
 .text.USB_Host_WaitForIOS
                0x00001698       0x52 ../../../../LUFA/Drivers/USB/HighLevel/HostStandardReq.o
 .text.USB_Host_SendControlRequest
                0x000016ea      0x204 ../../../../LUFA/Drivers/USB/HighLevel/HostStandardReq.o
                0x000016ea                USB_Host_SendControlRequest
 .text.Pipe_Read_Stream_LE
                0x000018ee       0x66 ../../../../LUFA/Drivers/USB/HighLevel/PipeStream.o
                0x000018ee                Pipe_Read_Stream_LE
 .text.Pipe_Discard_Stream
                0x00001954       0x4c ../../../../LUFA/Drivers/USB/HighLevel/PipeStream.o
                0x00001954                Pipe_Discard_Stream
 .text.USB_USBTask
                0x000019a0       0x24 ../../../../LUFA/Drivers/USB/HighLevel/USBTask.o
                0x000019a0                USB_USBTask
 .text.SerialStream_TxByte
                0x000019c4       0x14 ../../../../LUFA/Drivers/Peripheral/SerialStream.o
 .text.SerialStream_RxByte
                0x000019d8       0x22 ../../../../LUFA/Drivers/Peripheral/SerialStream.o
 .text.avr-libc
                0x000019fa       0x12 /usr/local/CrossPack-AVR-20100115/lib/gcc/avr/4.3.3/../../../../avr/lib/avr51/libc.a(memcpy.o)
                0x000019fa                memcpy
 .text.avr-libc
                0x00001a0c       0x22 /usr/local/CrossPack-AVR-20100115/lib/gcc/avr/4.3.3/../../../../avr/lib/avr51/libc.a(printf.o)
                0x00001a0c                printf
 .text.avr-libc
                0x00001a2e       0x44 /usr/local/CrossPack-AVR-20100115/lib/gcc/avr/4.3.3/../../../../avr/lib/avr51/libc.a(printf_p.o)
                0x00001a2e                printf_P
 .text.avr-libc
                0x00001a72       0x6a /usr/local/CrossPack-AVR-20100115/lib/gcc/avr/4.3.3/../../../../avr/lib/avr51/libc.a(puts.o)
                0x00001a72                puts
 .text.avr-libc
                0x00001adc       0x6a /usr/local/CrossPack-AVR-20100115/lib/gcc/avr/4.3.3/../../../../avr/lib/avr51/libc.a(puts_p.o)
                0x00001adc                puts_P
 .text.avr-libc
                0x00001b46      0x3f2 /usr/local/CrossPack-AVR-20100115/lib/gcc/avr/4.3.3/../../../../avr/lib/avr51/libc.a(vfprintf_std.o)
                0x00001b46                vfprintf
 .text.avr-libc
                0x00001f38       0x16 /usr/local/CrossPack-AVR-20100115/lib/gcc/avr/4.3.3/../../../../avr/lib/avr51/libc.a(strnlen_P.o)
                0x00001f38                strnlen_P
 .text.avr-libc
                0x00001f4e       0x16 /usr/local/CrossPack-AVR-20100115/lib/gcc/avr/4.3.3/../../../../avr/lib/avr51/libc.a(strnlen.o)
                0x00001f4e                strnlen
 .text.avr-libc
                0x00001f64       0x58 /usr/local/CrossPack-AVR-20100115/lib/gcc/avr/4.3.3/../../../../avr/lib/avr51/libc.a(fputc.o)
                0x00001f64                fputc
 .text.avr-libc
                0x00001fbc       0xbc /usr/local/CrossPack-AVR-20100115/lib/gcc/avr/4.3.3/../../../../avr/lib/avr51/libc.a(ultoa_invert.o)
                0x00001fbc                __ultoa_invert
                0x00002078                . = ALIGN (0x2)
 *(.fini9)
 .fini9         0x00002078        0x0 /usr/local/CrossPack-AVR-20100115/lib/gcc/avr/4.3.3/avr51/libgcc.a(_exit.o)
                0x00002078                exit
                0x00002078                _exit
 *(.fini9)
 *(.fini8)
 *(.fini8)
 *(.fini7)
 *(.fini7)
 *(.fini6)
 *(.fini6)
 *(.fini5)
 *(.fini5)
 *(.fini4)
 *(.fini4)
 *(.fini3)
 *(.fini3)
 *(.fini2)
 *(.fini2)
 *(.fini1)
 *(.fini1)
 *(.fini0)
 .fini0         0x00002078        0x4 /usr/local/CrossPack-AVR-20100115/lib/gcc/avr/4.3.3/avr51/libgcc.a(_exit.o)
 *(.fini0)
                0x0000207c                _etext = .

.data           0x00800100       0x34 load address 0x0000207c
                0x00800100                PROVIDE (__data_start, .)
 *(.data)
 .data          0x00800100        0xc RNDISEthernetHost.o
 .data          0x0080010c       0x18 ../../../../LUFA/Drivers/USB/LowLevel/Host.o
 .data          0x00800124        0x1 ../../../../LUFA/Drivers/USB/LowLevel/Pipe.o
                0x00800124                USB_ControlPipeSize
 .data          0x00800125        0xe ../../../../LUFA/Drivers/Peripheral/SerialStream.o
                0x00800125                USARTStream
 *(.data*)
 *(.rodata)
 *(.rodata*)
 *(.gnu.linkonce.d*)
                0x00800134                . = ALIGN (0x2)
 *fill*         0x00800133        0x1 00
                0x00800134                _edata = .
                0x00800134                PROVIDE (__data_end, .)

.bss            0x00800134       0x17
                0x00800134                PROVIDE (__bss_start, .)
 *(.bss)
 .bss           0x00800134        0x4 Lib/RNDISCommands.o
                0x00800134                RequestID
 .bss           0x00800138        0x3 ../../../../LUFA/Drivers/USB/LowLevel/Host.o
 *(.bss*)
 *(COMMON)
 COMMON         0x0080013b        0xa ../../../../LUFA/Drivers/USB/HighLevel/USBTask.o
                0x0080013b                USB_IsInitialized
                0x0080013c                USB_ControlRequest
                0x00800144                USB_HostState
 COMMON         0x00800145        0x6 /usr/local/CrossPack-AVR-20100115/lib/gcc/avr/4.3.3/../../../../avr/lib/avr51/libc.a(iob.o)
                0x00800145                __iob
                0x0080014b                PROVIDE (__bss_end, .)
                0x0000207c                __data_load_start = LOADADDR (.data)
                0x000020b0                __data_load_end = (__data_load_start + SIZEOF (.data))

.noinit         0x0080014b        0x0
                0x0080014b                PROVIDE (__noinit_start, .)
 *(.noinit*)
                0x0080014b                PROVIDE (__noinit_end, .)
                0x0080014b                _end = .
                0x0080014b                PROVIDE (__heap_start, .)

.eeprom         0x00810000        0x0
 *(.eeprom*)
                0x00810000                __eeprom_end = .

.fuse
 *(.fuse)
 *(.lfuse)
 *(.hfuse)
 *(.efuse)

.lock
 *(.lock*)

.signature
 *(.signature*)

.stab           0x00000000      0xf30
 *(.stab)
 .stab          0x00000000      0x750 /usr/local/CrossPack-AVR-20100115/lib/gcc/avr/4.3.3/../../../../avr/lib/avr51/crtusb1287.o
 .stab          0x00000750       0x84 /usr/local/CrossPack-AVR-20100115/lib/gcc/avr/4.3.3/../../../../avr/lib/avr51/libc.a(memcpy.o)
                                 0x90 (size before relaxing)
 .stab          0x000007d4       0x90 /usr/local/CrossPack-AVR-20100115/lib/gcc/avr/4.3.3/../../../../avr/lib/avr51/libc.a(eerd_byte_at90usb1287.o)
                                 0x9c (size before relaxing)
 .stab          0x00000864      0x114 /usr/local/CrossPack-AVR-20100115/lib/gcc/avr/4.3.3/../../../../avr/lib/avr51/libc.a(eeupd_byte_at90usb1287.o)
                                0x120 (size before relaxing)
 .stab          0x00000978       0x9c /usr/local/CrossPack-AVR-20100115/lib/gcc/avr/4.3.3/../../../../avr/lib/avr51/libc.a(strnlen_P.o)
                                 0xa8 (size before relaxing)
 .stab          0x00000a14       0x9c /usr/local/CrossPack-AVR-20100115/lib/gcc/avr/4.3.3/../../../../avr/lib/avr51/libc.a(strnlen.o)
                                 0xa8 (size before relaxing)
 .stab          0x00000ab0      0x480 /usr/local/CrossPack-AVR-20100115/lib/gcc/avr/4.3.3/../../../../avr/lib/avr51/libc.a(ultoa_invert.o)
                                0x48c (size before relaxing)

.stabstr        0x00000000      0x2b8
 *(.stabstr)
 .stabstr       0x00000000      0x2b8 /usr/local/CrossPack-AVR-20100115/lib/gcc/avr/4.3.3/../../../../avr/lib/avr51/crtusb1287.o

.stab.excl
 *(.stab.excl)

.stab.exclstr
 *(.stab.exclstr)

.stab.index
 *(.stab.index)

.stab.indexstr
 *(.stab.indexstr)

.comment
 *(.comment)

.debug
 *(.debug)

.line
 *(.line)

.debug_srcinfo
 *(.debug_srcinfo)

.debug_sfnames
 *(.debug_sfnames)

.debug_aranges  0x00000000      0x430
 *(.debug_aranges)
 .debug_aranges
                0x00000000       0x60 RNDISEthernetHost.o
 .debug_aranges
                0x00000060       0x38 ConfigDescriptor.o
 .debug_aranges
                0x00000098       0x50 Lib/RNDISCommands.o
 .debug_aranges
                0x000000e8       0x50 ../../../../LUFA/Drivers/USB/LowLevel/Host.o
 .debug_aranges
                0x00000138       0x38 ../../../../LUFA/Drivers/USB/LowLevel/Pipe.o
 .debug_aranges
                0x00000170       0x30 ../../../../LUFA/Drivers/USB/LowLevel/USBController.o
 .debug_aranges
                0x000001a0       0x30 ../../../../LUFA/Drivers/USB/LowLevel/USBInterrupt.o
 .debug_aranges
                0x000001d0       0x40 ../../../../LUFA/Drivers/USB/HighLevel/ConfigDescriptor.o
 .debug_aranges
                0x00000210       0x20 ../../../../LUFA/Drivers/USB/HighLevel/Events.o
 .debug_aranges
                0x00000230       0x28 ../../../../LUFA/Drivers/USB/HighLevel/HostStandardReq.o
 .debug_aranges
                0x00000258       0x70 ../../../../LUFA/Drivers/USB/HighLevel/PipeStream.o
 .debug_aranges
                0x000002c8       0x20 ../../../../LUFA/Drivers/USB/HighLevel/USBTask.o
 .debug_aranges
                0x000002e8       0x38 ../../../../LUFA/Drivers/USB/Class/Host/HIDParser.o
 .debug_aranges
                0x00000320       0x28 ../../../../LUFA/Drivers/Peripheral/Serial.o
 .debug_aranges
                0x00000348       0x28 ../../../../LUFA/Drivers/Peripheral/SerialStream.o
 .debug_aranges
                0x00000370       0x20 /usr/local/CrossPack-AVR-20100115/lib/gcc/avr/4.3.3/../../../../avr/lib/avr51/libc.a(printf.o)
 .debug_aranges
                0x00000390       0x20 /usr/local/CrossPack-AVR-20100115/lib/gcc/avr/4.3.3/../../../../avr/lib/avr51/libc.a(printf_p.o)
 .debug_aranges
                0x000003b0       0x20 /usr/local/CrossPack-AVR-20100115/lib/gcc/avr/4.3.3/../../../../avr/lib/avr51/libc.a(puts.o)
 .debug_aranges
                0x000003d0       0x20 /usr/local/CrossPack-AVR-20100115/lib/gcc/avr/4.3.3/../../../../avr/lib/avr51/libc.a(puts_p.o)
 .debug_aranges
                0x000003f0       0x20 /usr/local/CrossPack-AVR-20100115/lib/gcc/avr/4.3.3/../../../../avr/lib/avr51/libc.a(vfprintf_std.o)
 .debug_aranges
                0x00000410       0x20 /usr/local/CrossPack-AVR-20100115/lib/gcc/avr/4.3.3/../../../../avr/lib/avr51/libc.a(fputc.o)

.debug_pubnames
                0x00000000      0x8e1
 *(.debug_pubnames)
 .debug_pubnames
                0x00000000      0x115 RNDISEthernetHost.o
 .debug_pubnames
                0x00000115       0x9d ConfigDescriptor.o
 .debug_pubnames
                0x000001b2       0xe9 Lib/RNDISCommands.o
 .debug_pubnames
                0x0000029b       0xd0 ../../../../LUFA/Drivers/USB/LowLevel/Host.o
 .debug_pubnames
                0x0000036b       0x86 ../../../../LUFA/Drivers/USB/LowLevel/Pipe.o
 .debug_pubnames
                0x000003f1       0x47 ../../../../LUFA/Drivers/USB/LowLevel/USBController.o
 .debug_pubnames
                0x00000438       0x62 ../../../../LUFA/Drivers/USB/LowLevel/USBInterrupt.o
 .debug_pubnames
                0x0000049a       0xc2 ../../../../LUFA/Drivers/USB/HighLevel/ConfigDescriptor.o
 .debug_pubnames
                0x0000055c       0x25 ../../../../LUFA/Drivers/USB/HighLevel/Events.o
 .debug_pubnames
                0x00000581       0x32 ../../../../LUFA/Drivers/USB/HighLevel/HostStandardReq.o
 .debug_pubnames
                0x000005b3      0x126 ../../../../LUFA/Drivers/USB/HighLevel/PipeStream.o
 .debug_pubnames
                0x000006d9       0x61 ../../../../LUFA/Drivers/USB/HighLevel/USBTask.o
 .debug_pubnames
                0x0000073a       0x7e ../../../../LUFA/Drivers/USB/Class/Host/HIDParser.o
 .debug_pubnames
                0x000007b8       0x3c ../../../../LUFA/Drivers/Peripheral/Serial.o
 .debug_pubnames
                0x000007f4       0x22 ../../../../LUFA/Drivers/Peripheral/SerialStream.o
 .debug_pubnames
                0x00000816       0x1c /usr/local/CrossPack-AVR-20100115/lib/gcc/avr/4.3.3/../../../../avr/lib/avr51/libc.a(iob.o)
 .debug_pubnames
                0x00000832       0x1d /usr/local/CrossPack-AVR-20100115/lib/gcc/avr/4.3.3/../../../../avr/lib/avr51/libc.a(printf.o)
 .debug_pubnames
                0x0000084f       0x1f /usr/local/CrossPack-AVR-20100115/lib/gcc/avr/4.3.3/../../../../avr/lib/avr51/libc.a(printf_p.o)
 .debug_pubnames
                0x0000086e       0x1b /usr/local/CrossPack-AVR-20100115/lib/gcc/avr/4.3.3/../../../../avr/lib/avr51/libc.a(puts.o)
 .debug_pubnames
                0x00000889       0x1d /usr/local/CrossPack-AVR-20100115/lib/gcc/avr/4.3.3/../../../../avr/lib/avr51/libc.a(puts_p.o)
 .debug_pubnames
                0x000008a6       0x1f /usr/local/CrossPack-AVR-20100115/lib/gcc/avr/4.3.3/../../../../avr/lib/avr51/libc.a(vfprintf_std.o)
 .debug_pubnames
                0x000008c5       0x1c /usr/local/CrossPack-AVR-20100115/lib/gcc/avr/4.3.3/../../../../avr/lib/avr51/libc.a(fputc.o)

.debug_info     0x00000000     0x58de
 *(.debug_info)
 .debug_info    0x00000000      0x90d RNDISEthernetHost.o
 .debug_info    0x0000090d      0x5a1 ConfigDescriptor.o
 .debug_info    0x00000eae      0xa8a Lib/RNDISCommands.o
 .debug_info    0x00001938        0x0 ../../../../LUFA/Drivers/USB/LowLevel/Device.o
 .debug_info    0x00001938        0x0 ../../../../LUFA/Drivers/USB/LowLevel/Endpoint.o
 .debug_info    0x00001938      0x7f8 ../../../../LUFA/Drivers/USB/LowLevel/Host.o
 .debug_info    0x00002130      0x4eb ../../../../LUFA/Drivers/USB/LowLevel/Pipe.o
 .debug_info    0x0000261b      0x356 ../../../../LUFA/Drivers/USB/LowLevel/USBController.o
 .debug_info    0x00002971      0x197 ../../../../LUFA/Drivers/USB/LowLevel/USBInterrupt.o
 .debug_info    0x00002b08      0x5e6 ../../../../LUFA/Drivers/USB/HighLevel/ConfigDescriptor.o
 .debug_info    0x000030ee        0x0 ../../../../LUFA/Drivers/USB/HighLevel/DeviceStandardReq.o
 .debug_info    0x000030ee       0x76 ../../../../LUFA/Drivers/USB/HighLevel/Events.o
 .debug_info    0x00003164        0x0 ../../../../LUFA/Drivers/USB/HighLevel/EndpointStream.o
 .debug_info    0x00003164      0x595 ../../../../LUFA/Drivers/USB/HighLevel/HostStandardReq.o
 .debug_info    0x000036f9      0x888 ../../../../LUFA/Drivers/USB/HighLevel/PipeStream.o
 .debug_info    0x00003f81      0x1ef ../../../../LUFA/Drivers/USB/HighLevel/USBTask.o
 .debug_info    0x00004170      0x6f4 ../../../../LUFA/Drivers/USB/Class/Host/HIDParser.o
 .debug_info    0x00004864      0x15a ../../../../LUFA/Drivers/Peripheral/Serial.o
 .debug_info    0x000049be      0x23d ../../../../LUFA/Drivers/Peripheral/SerialStream.o
 .debug_info    0x00004bfb      0x156 /usr/local/CrossPack-AVR-20100115/lib/gcc/avr/4.3.3/../../../../avr/lib/avr51/libc.a(iob.o)
 .debug_info    0x00004d51      0x1b4 /usr/local/CrossPack-AVR-20100115/lib/gcc/avr/4.3.3/../../../../avr/lib/avr51/libc.a(printf.o)
 .debug_info    0x00004f05      0x1b4 /usr/local/CrossPack-AVR-20100115/lib/gcc/avr/4.3.3/../../../../avr/lib/avr51/libc.a(printf_p.o)
 .debug_info    0x000050b9      0x1a0 /usr/local/CrossPack-AVR-20100115/lib/gcc/avr/4.3.3/../../../../avr/lib/avr51/libc.a(puts.o)
 .debug_info    0x00005259      0x1d1 /usr/local/CrossPack-AVR-20100115/lib/gcc/avr/4.3.3/../../../../avr/lib/avr51/libc.a(puts_p.o)
 .debug_info    0x0000542a      0x34a /usr/local/CrossPack-AVR-20100115/lib/gcc/avr/4.3.3/../../../../avr/lib/avr51/libc.a(vfprintf_std.o)
 .debug_info    0x00005774      0x16a /usr/local/CrossPack-AVR-20100115/lib/gcc/avr/4.3.3/../../../../avr/lib/avr51/libc.a(fputc.o)
 *(.gnu.linkonce.wi.*)

.debug_abbrev   0x00000000     0x1f23
 *(.debug_abbrev)
 .debug_abbrev  0x00000000      0x242 RNDISEthernetHost.o
 .debug_abbrev  0x00000242      0x1ba ConfigDescriptor.o
 .debug_abbrev  0x000003fc      0x284 Lib/RNDISCommands.o
 .debug_abbrev  0x00000680        0x1 ../../../../LUFA/Drivers/USB/LowLevel/Device.o
 .debug_abbrev  0x00000681        0x1 ../../../../LUFA/Drivers/USB/LowLevel/Endpoint.o
 .debug_abbrev  0x00000682      0x284 ../../../../LUFA/Drivers/USB/LowLevel/Host.o
 .debug_abbrev  0x00000906      0x1e8 ../../../../LUFA/Drivers/USB/LowLevel/Pipe.o
 .debug_abbrev  0x00000aee      0x145 ../../../../LUFA/Drivers/USB/LowLevel/USBController.o
 .debug_abbrev  0x00000c33       0xbc ../../../../LUFA/Drivers/USB/LowLevel/USBInterrupt.o
 .debug_abbrev  0x00000cef      0x1d5 ../../../../LUFA/Drivers/USB/HighLevel/ConfigDescriptor.o
 .debug_abbrev  0x00000ec4        0x1 ../../../../LUFA/Drivers/USB/HighLevel/DeviceStandardReq.o
 .debug_abbrev  0x00000ec5       0x41 ../../../../LUFA/Drivers/USB/HighLevel/Events.o
 .debug_abbrev  0x00000f06        0x1 ../../../../LUFA/Drivers/USB/HighLevel/EndpointStream.o
 .debug_abbrev  0x00000f07      0x1b6 ../../../../LUFA/Drivers/USB/HighLevel/HostStandardReq.o
 .debug_abbrev  0x000010bd      0x162 ../../../../LUFA/Drivers/USB/HighLevel/PipeStream.o
 .debug_abbrev  0x0000121f      0x129 ../../../../LUFA/Drivers/USB/HighLevel/USBTask.o
 .debug_abbrev  0x00001348      0x1e7 ../../../../LUFA/Drivers/USB/Class/Host/HIDParser.o
 .debug_abbrev  0x0000152f       0xf7 ../../../../LUFA/Drivers/Peripheral/Serial.o
 .debug_abbrev  0x00001626      0x16f ../../../../LUFA/Drivers/Peripheral/SerialStream.o
 .debug_abbrev  0x00001795       0xd0 /usr/local/CrossPack-AVR-20100115/lib/gcc/avr/4.3.3/../../../../avr/lib/avr51/libc.a(iob.o)
 .debug_abbrev  0x00001865      0x10f /usr/local/CrossPack-AVR-20100115/lib/gcc/avr/4.3.3/../../../../avr/lib/avr51/libc.a(printf.o)
 .debug_abbrev  0x00001974      0x10f /usr/local/CrossPack-AVR-20100115/lib/gcc/avr/4.3.3/../../../../avr/lib/avr51/libc.a(printf_p.o)
 .debug_abbrev  0x00001a83      0x103 /usr/local/CrossPack-AVR-20100115/lib/gcc/avr/4.3.3/../../../../avr/lib/avr51/libc.a(puts.o)
 .debug_abbrev  0x00001b86      0x13e /usr/local/CrossPack-AVR-20100115/lib/gcc/avr/4.3.3/../../../../avr/lib/avr51/libc.a(puts_p.o)
 .debug_abbrev  0x00001cc4      0x184 /usr/local/CrossPack-AVR-20100115/lib/gcc/avr/4.3.3/../../../../avr/lib/avr51/libc.a(vfprintf_std.o)
 .debug_abbrev  0x00001e48       0xdb /usr/local/CrossPack-AVR-20100115/lib/gcc/avr/4.3.3/../../../../avr/lib/avr51/libc.a(fputc.o)

.debug_line     0x00000000     0x443b
 *(.debug_line)
 .debug_line    0x00000000      0x606 RNDISEthernetHost.o
 .debug_line    0x00000606      0x37c ConfigDescriptor.o
 .debug_line    0x00000982      0x4d3 Lib/RNDISCommands.o
 .debug_line    0x00000e55       0x24 ../../../../LUFA/Drivers/USB/LowLevel/Device.o
 .debug_line    0x00000e79       0x24 ../../../../LUFA/Drivers/USB/LowLevel/Endpoint.o
 .debug_line    0x00000e9d      0x749 ../../../../LUFA/Drivers/USB/LowLevel/Host.o
 .debug_line    0x000015e6      0x3c6 ../../../../LUFA/Drivers/USB/LowLevel/Pipe.o
 .debug_line    0x000019ac      0x2d3 ../../../../LUFA/Drivers/USB/LowLevel/USBController.o
 .debug_line    0x00001c7f      0x275 ../../../../LUFA/Drivers/USB/LowLevel/USBInterrupt.o
 .debug_line    0x00001ef4      0x38e ../../../../LUFA/Drivers/USB/HighLevel/ConfigDescriptor.o
 .debug_line    0x00002282       0x24 ../../../../LUFA/Drivers/USB/HighLevel/DeviceStandardReq.o
 .debug_line    0x000022a6       0x8b ../../../../LUFA/Drivers/USB/HighLevel/Events.o
 .debug_line    0x00002331       0x24 ../../../../LUFA/Drivers/USB/HighLevel/EndpointStream.o
 .debug_line    0x00002355      0x50b ../../../../LUFA/Drivers/USB/HighLevel/HostStandardReq.o
 .debug_line    0x00002860      0x82b ../../../../LUFA/Drivers/USB/HighLevel/PipeStream.o
 .debug_line    0x0000308b      0x1c8 ../../../../LUFA/Drivers/USB/HighLevel/USBTask.o
 .debug_line    0x00003253      0x5b0 ../../../../LUFA/Drivers/USB/Class/Host/HIDParser.o
 .debug_line    0x00003803      0x154 ../../../../LUFA/Drivers/Peripheral/Serial.o
 .debug_line    0x00003957      0x164 ../../../../LUFA/Drivers/Peripheral/SerialStream.o
 .debug_line    0x00003abb       0x83 /usr/local/CrossPack-AVR-20100115/lib/gcc/avr/4.3.3/../../../../avr/lib/avr51/libc.a(iob.o)
 .debug_line    0x00003b3e      0x106 /usr/local/CrossPack-AVR-20100115/lib/gcc/avr/4.3.3/../../../../avr/lib/avr51/libc.a(printf.o)
 .debug_line    0x00003c44      0x118 /usr/local/CrossPack-AVR-20100115/lib/gcc/avr/4.3.3/../../../../avr/lib/avr51/libc.a(printf_p.o)
 .debug_line    0x00003d5c       0xbe /usr/local/CrossPack-AVR-20100115/lib/gcc/avr/4.3.3/../../../../avr/lib/avr51/libc.a(puts.o)
 .debug_line    0x00003e1a       0xc8 /usr/local/CrossPack-AVR-20100115/lib/gcc/avr/4.3.3/../../../../avr/lib/avr51/libc.a(puts_p.o)
 .debug_line    0x00003ee2      0x482 /usr/local/CrossPack-AVR-20100115/lib/gcc/avr/4.3.3/../../../../avr/lib/avr51/libc.a(vfprintf_std.o)
 .debug_line    0x00004364       0xd7 /usr/local/CrossPack-AVR-20100115/lib/gcc/avr/4.3.3/../../../../avr/lib/avr51/libc.a(fputc.o)

.debug_frame    0x00000000      0x5c0
 *(.debug_frame)
 .debug_frame   0x00000000       0xa0 RNDISEthernetHost.o
 .debug_frame   0x000000a0       0x50 ConfigDescriptor.o
 .debug_frame   0x000000f0       0x80 Lib/RNDISCommands.o
 .debug_frame   0x00000170       0x80 ../../../../LUFA/Drivers/USB/LowLevel/Host.o
 .debug_frame   0x000001f0       0x50 ../../../../LUFA/Drivers/USB/LowLevel/Pipe.o
 .debug_frame   0x00000240       0x40 ../../../../LUFA/Drivers/USB/LowLevel/USBController.o
 .debug_frame   0x00000280       0x40 ../../../../LUFA/Drivers/USB/LowLevel/USBInterrupt.o
 .debug_frame   0x000002c0       0x60 ../../../../LUFA/Drivers/USB/HighLevel/ConfigDescriptor.o
 .debug_frame   0x00000320       0x20 ../../../../LUFA/Drivers/USB/HighLevel/Events.o
 .debug_frame   0x00000340       0x30 ../../../../LUFA/Drivers/USB/HighLevel/HostStandardReq.o
 .debug_frame   0x00000370       0xc0 ../../../../LUFA/Drivers/USB/HighLevel/PipeStream.o
 .debug_frame   0x00000430       0x20 ../../../../LUFA/Drivers/USB/HighLevel/USBTask.o
 .debug_frame   0x00000450       0x50 ../../../../LUFA/Drivers/USB/Class/Host/HIDParser.o
 .debug_frame   0x000004a0       0x30 ../../../../LUFA/Drivers/Peripheral/Serial.o
 .debug_frame   0x000004d0       0x30 ../../../../LUFA/Drivers/Peripheral/SerialStream.o
 .debug_frame   0x00000500       0x20 /usr/local/CrossPack-AVR-20100115/lib/gcc/avr/4.3.3/../../../../avr/lib/avr51/libc.a(printf.o)
 .debug_frame   0x00000520       0x20 /usr/local/CrossPack-AVR-20100115/lib/gcc/avr/4.3.3/../../../../avr/lib/avr51/libc.a(printf_p.o)
 .debug_frame   0x00000540       0x20 /usr/local/CrossPack-AVR-20100115/lib/gcc/avr/4.3.3/../../../../avr/lib/avr51/libc.a(puts.o)
 .debug_frame   0x00000560       0x20 /usr/local/CrossPack-AVR-20100115/lib/gcc/avr/4.3.3/../../../../avr/lib/avr51/libc.a(puts_p.o)
 .debug_frame   0x00000580       0x20 /usr/local/CrossPack-AVR-20100115/lib/gcc/avr/4.3.3/../../../../avr/lib/avr51/libc.a(vfprintf_std.o)
 .debug_frame   0x000005a0       0x20 /usr/local/CrossPack-AVR-20100115/lib/gcc/avr/4.3.3/../../../../avr/lib/avr51/libc.a(fputc.o)

.debug_str      0x00000000     0x27d3
 *(.debug_str)
 .debug_str     0x00000000      0x603 RNDISEthernetHost.o
                                0x660 (size before relaxing)
 .debug_str     0x00000603      0x5c0 ConfigDescriptor.o
                                0x7da (size before relaxing)
 .debug_str     0x00000bc3      0x55f Lib/RNDISCommands.o
                                0x7e3 (size before relaxing)
 .debug_str     0x00001122      0x58f ../../../../LUFA/Drivers/USB/LowLevel/Host.o
                                0xa75 (size before relaxing)
 .debug_str     0x000016b1      0x243 ../../../../LUFA/Drivers/USB/LowLevel/Pipe.o
                                0x570 (size before relaxing)
 .debug_str     0x000018f4      0x16d ../../../../LUFA/Drivers/USB/LowLevel/USBController.o
                                0x479 (size before relaxing)
 .debug_str     0x00001a61       0xa9 ../../../../LUFA/Drivers/USB/LowLevel/USBInterrupt.o
                                0x40d (size before relaxing)
 .debug_str     0x00001b0a      0x209 ../../../../LUFA/Drivers/USB/HighLevel/ConfigDescriptor.o
                                0x7f8 (size before relaxing)
 .debug_str     0x00001d13       0x3f ../../../../LUFA/Drivers/USB/HighLevel/Events.o
                                0x129 (size before relaxing)
 .debug_str     0x00001d52      0x1b4 ../../../../LUFA/Drivers/USB/HighLevel/HostStandardReq.o
                                0x535 (size before relaxing)
 .debug_str     0x00001f06      0x146 ../../../../LUFA/Drivers/USB/HighLevel/PipeStream.o
                                0x37a (size before relaxing)
 .debug_str     0x0000204c       0x53 ../../../../LUFA/Drivers/USB/HighLevel/USBTask.o
                                0x1f8 (size before relaxing)
 .debug_str     0x0000209f      0x47e ../../../../LUFA/Drivers/USB/Class/Host/HIDParser.o
                                0x5f9 (size before relaxing)
 .debug_str     0x0000251d       0x7e ../../../../LUFA/Drivers/Peripheral/Serial.o
                                0x19a (size before relaxing)
 .debug_str     0x0000259b       0x7f ../../../../LUFA/Drivers/Peripheral/SerialStream.o
                                0x1ca (size before relaxing)
 .debug_str     0x0000261a       0x7d /usr/local/CrossPack-AVR-20100115/lib/gcc/avr/4.3.3/../../../../avr/lib/avr51/libc.a(iob.o)
                                0x121 (size before relaxing)
 .debug_str     0x00002697       0x3e /usr/local/CrossPack-AVR-20100115/lib/gcc/avr/4.3.3/../../../../avr/lib/avr51/libc.a(printf.o)
                                0x154 (size before relaxing)
 .debug_str     0x000026d5       0x28 /usr/local/CrossPack-AVR-20100115/lib/gcc/avr/4.3.3/../../../../avr/lib/avr51/libc.a(printf_p.o)
                                0x158 (size before relaxing)
 .debug_str     0x000026fd       0x20 /usr/local/CrossPack-AVR-20100115/lib/gcc/avr/4.3.3/../../../../avr/lib/avr51/libc.a(puts.o)
                                0x127 (size before relaxing)
 .debug_str     0x0000271d       0x24 /usr/local/CrossPack-AVR-20100115/lib/gcc/avr/4.3.3/../../../../avr/lib/avr51/libc.a(puts_p.o)
                                0x146 (size before relaxing)
 .debug_str     0x00002741       0x70 /usr/local/CrossPack-AVR-20100115/lib/gcc/avr/4.3.3/../../../../avr/lib/avr51/libc.a(vfprintf_std.o)
                                0x19a (size before relaxing)
 .debug_str     0x000027b1       0x22 /usr/local/CrossPack-AVR-20100115/lib/gcc/avr/4.3.3/../../../../avr/lib/avr51/libc.a(fputc.o)
                                0x12a (size before relaxing)

.debug_loc      0x00000000     0x2529
 *(.debug_loc)
 .debug_loc     0x00000000      0x2bb RNDISEthernetHost.o
 .debug_loc     0x000002bb      0x170 ConfigDescriptor.o
 .debug_loc     0x0000042b      0x2f5 Lib/RNDISCommands.o
 .debug_loc     0x00000720      0x245 ../../../../LUFA/Drivers/USB/LowLevel/Host.o
 .debug_loc     0x00000965      0x136 ../../../../LUFA/Drivers/USB/LowLevel/Pipe.o
 .debug_loc     0x00000a9b       0x13 ../../../../LUFA/Drivers/USB/LowLevel/USBController.o
 .debug_loc     0x00000aae      0x352 ../../../../LUFA/Drivers/USB/HighLevel/ConfigDescriptor.o
 .debug_loc     0x00000e00      0x240 ../../../../LUFA/Drivers/USB/HighLevel/HostStandardReq.o
 .debug_loc     0x00001040      0xa4f ../../../../LUFA/Drivers/USB/HighLevel/PipeStream.o
 .debug_loc     0x00001a8f       0x13 ../../../../LUFA/Drivers/USB/HighLevel/USBTask.o
 .debug_loc     0x00001aa2      0x46c ../../../../LUFA/Drivers/USB/Class/Host/HIDParser.o
 .debug_loc     0x00001f0e       0x50 ../../../../LUFA/Drivers/Peripheral/Serial.o
 .debug_loc     0x00001f5e       0x36 ../../../../LUFA/Drivers/Peripheral/SerialStream.o
 .debug_loc     0x00001f94       0x5e /usr/local/CrossPack-AVR-20100115/lib/gcc/avr/4.3.3/../../../../avr/lib/avr51/libc.a(puts.o)
 .debug_loc     0x00001ff2       0x5e /usr/local/CrossPack-AVR-20100115/lib/gcc/avr/4.3.3/../../../../avr/lib/avr51/libc.a(puts_p.o)
 .debug_loc     0x00002050      0x479 /usr/local/CrossPack-AVR-20100115/lib/gcc/avr/4.3.3/../../../../avr/lib/avr51/libc.a(vfprintf_std.o)
 .debug_loc     0x000024c9       0x60 /usr/local/CrossPack-AVR-20100115/lib/gcc/avr/4.3.3/../../../../avr/lib/avr51/libc.a(fputc.o)

.debug_macinfo
 *(.debug_macinfo)
OUTPUT(RNDISEthernetHost.elf elf32-avr)
LOAD linker stubs

.debug_ranges   0x00000000      0x488
 .debug_ranges  0x00000000       0x58 RNDISEthernetHost.o
 .debug_ranges  0x00000058       0x48 ConfigDescriptor.o
 .debug_ranges  0x000000a0       0x48 Lib/RNDISCommands.o
 .debug_ranges  0x000000e8       0x90 ../../../../LUFA/Drivers/USB/LowLevel/Host.o
 .debug_ranges  0x00000178       0x48 ../../../../LUFA/Drivers/USB/LowLevel/Pipe.o
 .debug_ranges  0x000001c0       0x28 ../../../../LUFA/Drivers/USB/LowLevel/USBController.o
 .debug_ranges  0x000001e8       0x28 ../../../../LUFA/Drivers/USB/LowLevel/USBInterrupt.o
 .debug_ranges  0x00000210       0x38 ../../../../LUFA/Drivers/USB/HighLevel/ConfigDescriptor.o
 .debug_ranges  0x00000248       0x18 ../../../../LUFA/Drivers/USB/HighLevel/Events.o
 .debug_ranges  0x00000260       0x20 ../../../../LUFA/Drivers/USB/HighLevel/HostStandardReq.o
 .debug_ranges  0x00000280       0x68 ../../../../LUFA/Drivers/USB/HighLevel/PipeStream.o
 .debug_ranges  0x000002e8       0x18 ../../../../LUFA/Drivers/USB/HighLevel/USBTask.o
 .debug_ranges  0x00000300       0xa0 ../../../../LUFA/Drivers/USB/Class/Host/HIDParser.o
 .debug_ranges  0x000003a0       0x20 ../../../../LUFA/Drivers/Peripheral/Serial.o
 .debug_ranges  0x000003c0       0x20 ../../../../LUFA/Drivers/Peripheral/SerialStream.o
 .debug_ranges  0x000003e0       0x18 /usr/local/CrossPack-AVR-20100115/lib/gcc/avr/4.3.3/../../../../avr/lib/avr51/libc.a(printf.o)
 .debug_ranges  0x000003f8       0x18 /usr/local/CrossPack-AVR-20100115/lib/gcc/avr/4.3.3/../../../../avr/lib/avr51/libc.a(printf_p.o)
 .debug_ranges  0x00000410       0x18 /usr/local/CrossPack-AVR-20100115/lib/gcc/avr/4.3.3/../../../../avr/lib/avr51/libc.a(puts.o)
 .debug_ranges  0x00000428       0x18 /usr/local/CrossPack-AVR-20100115/lib/gcc/avr/4.3.3/../../../../avr/lib/avr51/libc.a(puts_p.o)
 .debug_ranges  0x00000440       0x30 /usr/local/CrossPack-AVR-20100115/lib/gcc/avr/4.3.3/../../../../avr/lib/avr51/libc.a(vfprintf_std.o)
 .debug_ranges  0x00000470       0x18 /usr/local/CrossPack-AVR-20100115/lib/gcc/avr/4.3.3/../../../../avr/lib/avr51/libc.a(fputc.o)

Cross Reference Table

Symbol                                            File
CALLBACK_HIDParser_FilterHIDReportItem            ../../../../LUFA/Drivers/USB/Class/Host/HIDParser.o
DComp_NextCDCControlInterface                     ConfigDescriptor.o
DComp_NextCDCDataInterface                        ConfigDescriptor.o
DComp_NextCDCDataInterfaceEndpoint                ConfigDescriptor.o
EVENT_USB_Host_DeviceAttached                     RNDISEthernetHost.o
                                                  ../../../../LUFA/Drivers/USB/LowLevel/USBInterrupt.o
EVENT_USB_Host_DeviceEnumerationComplete          RNDISEthernetHost.o
                                                  ../../../../LUFA/Drivers/USB/LowLevel/Host.o
EVENT_USB_Host_DeviceEnumerationFailed            RNDISEthernetHost.o
                                                  ../../../../LUFA/Drivers/USB/LowLevel/USBInterrupt.o
                                                  ../../../../LUFA/Drivers/USB/LowLevel/Host.o
EVENT_USB_Host_DeviceUnattached                   RNDISEthernetHost.o
                                                  ../../../../LUFA/Drivers/USB/LowLevel/USBInterrupt.o
                                                  ../../../../LUFA/Drivers/USB/LowLevel/Host.o
EVENT_USB_Host_HostError                          RNDISEthernetHost.o
                                                  ../../../../LUFA/Drivers/USB/LowLevel/USBInterrupt.o
EVENT_USB_Host_StartOfFrame                       ../../../../LUFA/Drivers/USB/HighLevel/Events.o
                                                  ../../../../LUFA/Drivers/USB/LowLevel/USBInterrupt.o
Pipe_ClearPipes                                   ../../../../LUFA/Drivers/USB/LowLevel/Pipe.o
                                                  ../../../../LUFA/Drivers/USB/LowLevel/Host.o
Pipe_ConfigurePipe                                ../../../../LUFA/Drivers/USB/LowLevel/Pipe.o
                                                  ../../../../LUFA/Drivers/USB/LowLevel/Host.o
                                                  ConfigDescriptor.o
Pipe_Discard_Stream                               ../../../../LUFA/Drivers/USB/HighLevel/PipeStream.o
                                                  Lib/RNDISCommands.o
                                                  RNDISEthernetHost.o
Pipe_IsEndpointBound                              ../../../../LUFA/Drivers/USB/LowLevel/Pipe.o
Pipe_Read_EStream_BE                              ../../../../LUFA/Drivers/USB/HighLevel/PipeStream.o
Pipe_Read_EStream_LE                              ../../../../LUFA/Drivers/USB/HighLevel/PipeStream.o
Pipe_Read_Stream_BE                               ../../../../LUFA/Drivers/USB/HighLevel/PipeStream.o
Pipe_Read_Stream_LE                               ../../../../LUFA/Drivers/USB/HighLevel/PipeStream.o
                                                  Lib/RNDISCommands.o
                                                  RNDISEthernetHost.o
Pipe_WaitUntilReady                               ../../../../LUFA/Drivers/USB/LowLevel/Pipe.o
                                                  ../../../../LUFA/Drivers/USB/HighLevel/PipeStream.o
Pipe_Write_EStream_BE                             ../../../../LUFA/Drivers/USB/HighLevel/PipeStream.o
Pipe_Write_EStream_LE                             ../../../../LUFA/Drivers/USB/HighLevel/PipeStream.o
Pipe_Write_PStream_BE                             ../../../../LUFA/Drivers/USB/HighLevel/PipeStream.o
Pipe_Write_PStream_LE                             ../../../../LUFA/Drivers/USB/HighLevel/PipeStream.o
Pipe_Write_Stream_BE                              ../../../../LUFA/Drivers/USB/HighLevel/PipeStream.o
Pipe_Write_Stream_LE                              ../../../../LUFA/Drivers/USB/HighLevel/PipeStream.o
PrintIncomingPackets                              RNDISEthernetHost.o
ProcessConfigurationDescriptor                    ConfigDescriptor.o
                                                  RNDISEthernetHost.o
RNDIS_GetEncapsulatedResponse                     Lib/RNDISCommands.o
RNDIS_GetPacketLength                             Lib/RNDISCommands.o
                                                  RNDISEthernetHost.o
RNDIS_Host_Task                                   RNDISEthernetHost.o
RNDIS_InitializeDevice                            Lib/RNDISCommands.o
                                                  RNDISEthernetHost.o
RNDIS_QueryRNDISProperty                          Lib/RNDISCommands.o
                                                  RNDISEthernetHost.o
RNDIS_SendEncapsulatedCommand                     Lib/RNDISCommands.o
RNDIS_SendKeepAlive                               Lib/RNDISCommands.o
RNDIS_SetRNDISProperty                            Lib/RNDISCommands.o
                                                  RNDISEthernetHost.o
RequestID                                         Lib/RNDISCommands.o
Serial_TxString                                   ../../../../LUFA/Drivers/Peripheral/Serial.o
Serial_TxString_P                                 ../../../../LUFA/Drivers/Peripheral/Serial.o
SetupHardware                                     RNDISEthernetHost.o
USARTStream                                       ../../../../LUFA/Drivers/Peripheral/SerialStream.o
                                                  RNDISEthernetHost.o
USB_ControlPipeSize                               ../../../../LUFA/Drivers/USB/LowLevel/Pipe.o
                                                  ../../../../LUFA/Drivers/USB/HighLevel/HostStandardReq.o
                                                  ../../../../LUFA/Drivers/USB/LowLevel/USBController.o
                                                  ../../../../LUFA/Drivers/USB/LowLevel/Host.o
USB_ControlRequest                                ../../../../LUFA/Drivers/USB/HighLevel/USBTask.o
                                                  ../../../../LUFA/Drivers/USB/HighLevel/HostStandardReq.o
                                                  ../../../../LUFA/Drivers/USB/HighLevel/ConfigDescriptor.o
                                                  ../../../../LUFA/Drivers/USB/LowLevel/Host.o
                                                  Lib/RNDISCommands.o
USB_Event_Stub                                    ../../../../LUFA/Drivers/USB/HighLevel/Events.o
USB_GetHIDReportItemInfo                          ../../../../LUFA/Drivers/USB/Class/Host/HIDParser.o
USB_GetHIDReportSize                              ../../../../LUFA/Drivers/USB/Class/Host/HIDParser.o
USB_GetNextDescriptorComp                         ../../../../LUFA/Drivers/USB/HighLevel/ConfigDescriptor.o
                                                  ConfigDescriptor.o
USB_GetNextDescriptorOfType                       ../../../../LUFA/Drivers/USB/HighLevel/ConfigDescriptor.o
USB_GetNextDescriptorOfTypeAfter                  ../../../../LUFA/Drivers/USB/HighLevel/ConfigDescriptor.o
USB_GetNextDescriptorOfTypeBefore                 ../../../../LUFA/Drivers/USB/HighLevel/ConfigDescriptor.o
USB_HostState                                     ../../../../LUFA/Drivers/USB/HighLevel/USBTask.o
                                                  ../../../../LUFA/Drivers/USB/LowLevel/USBInterrupt.o
                                                  ../../../../LUFA/Drivers/USB/LowLevel/USBController.o
                                                  ../../../../LUFA/Drivers/USB/LowLevel/Pipe.o
                                                  ../../../../LUFA/Drivers/USB/LowLevel/Host.o
                                                  RNDISEthernetHost.o
USB_Host_ClearPipeStall                           ../../../../LUFA/Drivers/USB/LowLevel/Host.o
USB_Host_GetDeviceConfigDescriptor                ../../../../LUFA/Drivers/USB/HighLevel/ConfigDescriptor.o
                                                  ConfigDescriptor.o
USB_Host_GetDeviceDescriptor                      ../../../../LUFA/Drivers/USB/LowLevel/Host.o
USB_Host_GetDeviceStringDescriptor                ../../../../LUFA/Drivers/USB/LowLevel/Host.o
USB_Host_ProcessNextHostState                     ../../../../LUFA/Drivers/USB/LowLevel/Host.o
                                                  ../../../../LUFA/Drivers/USB/HighLevel/USBTask.o
USB_Host_SendControlRequest                       ../../../../LUFA/Drivers/USB/HighLevel/HostStandardReq.o
                                                  ../../../../LUFA/Drivers/USB/HighLevel/ConfigDescriptor.o
                                                  ../../../../LUFA/Drivers/USB/LowLevel/Host.o
                                                  Lib/RNDISCommands.o
USB_Host_SetDeviceConfiguration                   ../../../../LUFA/Drivers/USB/LowLevel/Host.o
                                                  RNDISEthernetHost.o
USB_Host_WaitMS                                   ../../../../LUFA/Drivers/USB/LowLevel/Host.o
                                                  ../../../../LUFA/Drivers/USB/HighLevel/HostStandardReq.o
USB_INT_ClearAllInterrupts                        ../../../../LUFA/Drivers/USB/LowLevel/USBInterrupt.o
                                                  ../../../../LUFA/Drivers/USB/LowLevel/USBController.o
USB_INT_DisableAllInterrupts                      ../../../../LUFA/Drivers/USB/LowLevel/USBInterrupt.o
                                                  ../../../../LUFA/Drivers/USB/LowLevel/USBController.o
USB_Init                                          ../../../../LUFA/Drivers/USB/LowLevel/USBController.o
                                                  RNDISEthernetHost.o
USB_IsInitialized                                 ../../../../LUFA/Drivers/USB/HighLevel/USBTask.o
                                                  ../../../../LUFA/Drivers/USB/LowLevel/USBController.o
USB_ProcessHIDReport                              ../../../../LUFA/Drivers/USB/Class/Host/HIDParser.o
USB_ResetInterface                                ../../../../LUFA/Drivers/USB/LowLevel/USBController.o
                                                  ../../../../LUFA/Drivers/USB/LowLevel/USBInterrupt.o
                                                  ../../../../LUFA/Drivers/USB/LowLevel/Host.o
USB_SetHIDReportItemInfo                          ../../../../LUFA/Drivers/USB/Class/Host/HIDParser.o
USB_ShutDown                                      ../../../../LUFA/Drivers/USB/LowLevel/USBController.o
                                                  RNDISEthernetHost.o
USB_USBTask                                       ../../../../LUFA/Drivers/USB/HighLevel/USBTask.o
                                                  RNDISEthernetHost.o
__bad_interrupt                                   /usr/local/CrossPack-AVR-20100115/lib/gcc/avr/4.3.3/../../../../avr/lib/avr51/crtusb1287.o
__bss_end                                         /usr/local/CrossPack-AVR-20100115/lib/gcc/avr/4.3.3/avr51/libgcc.a(_clear_bss.o)
__bss_start                                       /usr/local/CrossPack-AVR-20100115/lib/gcc/avr/4.3.3/avr51/libgcc.a(_clear_bss.o)
__data_end                                        /usr/local/CrossPack-AVR-20100115/lib/gcc/avr/4.3.3/../../../../avr/lib/avr51/crtusb1287.o
__data_load_start                                 /usr/local/CrossPack-AVR-20100115/lib/gcc/avr/4.3.3/../../../../avr/lib/avr51/crtusb1287.o
__data_start                                      /usr/local/CrossPack-AVR-20100115/lib/gcc/avr/4.3.3/../../../../avr/lib/avr51/crtusb1287.o
__do_clear_bss                                    /usr/local/CrossPack-AVR-20100115/lib/gcc/avr/4.3.3/avr51/libgcc.a(_clear_bss.o)
                                                  /usr/local/CrossPack-AVR-20100115/lib/gcc/avr/4.3.3/../../../../avr/lib/avr51/libc.a(iob.o)
                                                  ../../../../LUFA/Drivers/USB/HighLevel/USBTask.o
                                                  ../../../../LUFA/Drivers/USB/LowLevel/Host.o
                                                  Lib/RNDISCommands.o
__do_copy_data                                    /usr/local/CrossPack-AVR-20100115/lib/gcc/avr/4.3.3/../../../../avr/lib/avr51/crtusb1287.o
                                                  ../../../../LUFA/Drivers/Peripheral/SerialStream.o
                                                  ../../../../LUFA/Drivers/USB/LowLevel/Pipe.o
                                                  ../../../../LUFA/Drivers/USB/LowLevel/Host.o
                                                  RNDISEthernetHost.o
__eerd_byte_usb1287                               /usr/local/CrossPack-AVR-20100115/lib/gcc/avr/4.3.3/../../../../avr/lib/avr51/libc.a(eerd_byte_at90usb1287.o)
                                                  ../../../../LUFA/Drivers/USB/HighLevel/PipeStream.o
__eeupd_byte_usb1287                              /usr/local/CrossPack-AVR-20100115/lib/gcc/avr/4.3.3/../../../../avr/lib/avr51/libc.a(eeupd_byte_at90usb1287.o)
                                                  ../../../../LUFA/Drivers/USB/HighLevel/PipeStream.o
__eeupd_r18_usb1287                               /usr/local/CrossPack-AVR-20100115/lib/gcc/avr/4.3.3/../../../../avr/lib/avr51/libc.a(eeupd_byte_at90usb1287.o)
__heap_end                                        /usr/local/CrossPack-AVR-20100115/lib/gcc/avr/4.3.3/../../../../avr/lib/avr51/crtusb1287.o
__init                                            /usr/local/CrossPack-AVR-20100115/lib/gcc/avr/4.3.3/../../../../avr/lib/avr51/crtusb1287.o
__iob                                             /usr/local/CrossPack-AVR-20100115/lib/gcc/avr/4.3.3/../../../../avr/lib/avr51/libc.a(puts_p.o)
                                                  /usr/local/CrossPack-AVR-20100115/lib/gcc/avr/4.3.3/../../../../avr/lib/avr51/libc.a(puts.o)
                                                  /usr/local/CrossPack-AVR-20100115/lib/gcc/avr/4.3.3/../../../../avr/lib/avr51/libc.a(printf_p.o)
                                                  /usr/local/CrossPack-AVR-20100115/lib/gcc/avr/4.3.3/../../../../avr/lib/avr51/libc.a(printf.o)
                                                  /usr/local/CrossPack-AVR-20100115/lib/gcc/avr/4.3.3/../../../../avr/lib/avr51/libc.a(iob.o)
                                                  RNDISEthernetHost.o
__stack                                           /usr/local/CrossPack-AVR-20100115/lib/gcc/avr/4.3.3/../../../../avr/lib/avr51/crtusb1287.o
__ultoa_invert                                    /usr/local/CrossPack-AVR-20100115/lib/gcc/avr/4.3.3/../../../../avr/lib/avr51/libc.a(ultoa_invert.o)
                                                  /usr/local/CrossPack-AVR-20100115/lib/gcc/avr/4.3.3/../../../../avr/lib/avr51/libc.a(vfprintf_std.o)
__vector_1                                        /usr/local/CrossPack-AVR-20100115/lib/gcc/avr/4.3.3/../../../../avr/lib/avr51/crtusb1287.o
__vector_10                                       ../../../../LUFA/Drivers/USB/LowLevel/USBInterrupt.o
                                                  /usr/local/CrossPack-AVR-20100115/lib/gcc/avr/4.3.3/../../../../avr/lib/avr51/crtusb1287.o
__vector_11                                       /usr/local/CrossPack-AVR-20100115/lib/gcc/avr/4.3.3/../../../../avr/lib/avr51/crtusb1287.o
__vector_12                                       /usr/local/CrossPack-AVR-20100115/lib/gcc/avr/4.3.3/../../../../avr/lib/avr51/crtusb1287.o
__vector_13                                       /usr/local/CrossPack-AVR-20100115/lib/gcc/avr/4.3.3/../../../../avr/lib/avr51/crtusb1287.o
__vector_14                                       /usr/local/CrossPack-AVR-20100115/lib/gcc/avr/4.3.3/../../../../avr/lib/avr51/crtusb1287.o
__vector_15                                       /usr/local/CrossPack-AVR-20100115/lib/gcc/avr/4.3.3/../../../../avr/lib/avr51/crtusb1287.o
__vector_16                                       /usr/local/CrossPack-AVR-20100115/lib/gcc/avr/4.3.3/../../../../avr/lib/avr51/crtusb1287.o
__vector_17                                       /usr/local/CrossPack-AVR-20100115/lib/gcc/avr/4.3.3/../../../../avr/lib/avr51/crtusb1287.o
__vector_18                                       /usr/local/CrossPack-AVR-20100115/lib/gcc/avr/4.3.3/../../../../avr/lib/avr51/crtusb1287.o
__vector_19                                       /usr/local/CrossPack-AVR-20100115/lib/gcc/avr/4.3.3/../../../../avr/lib/avr51/crtusb1287.o
__vector_2                                        /usr/local/CrossPack-AVR-20100115/lib/gcc/avr/4.3.3/../../../../avr/lib/avr51/crtusb1287.o
__vector_20                                       /usr/local/CrossPack-AVR-20100115/lib/gcc/avr/4.3.3/../../../../avr/lib/avr51/crtusb1287.o
__vector_21                                       /usr/local/CrossPack-AVR-20100115/lib/gcc/avr/4.3.3/../../../../avr/lib/avr51/crtusb1287.o
__vector_22                                       /usr/local/CrossPack-AVR-20100115/lib/gcc/avr/4.3.3/../../../../avr/lib/avr51/crtusb1287.o
__vector_23                                       /usr/local/CrossPack-AVR-20100115/lib/gcc/avr/4.3.3/../../../../avr/lib/avr51/crtusb1287.o
__vector_24                                       /usr/local/CrossPack-AVR-20100115/lib/gcc/avr/4.3.3/../../../../avr/lib/avr51/crtusb1287.o
__vector_25                                       /usr/local/CrossPack-AVR-20100115/lib/gcc/avr/4.3.3/../../../../avr/lib/avr51/crtusb1287.o
__vector_26                                       /usr/local/CrossPack-AVR-20100115/lib/gcc/avr/4.3.3/../../../../avr/lib/avr51/crtusb1287.o
__vector_27                                       /usr/local/CrossPack-AVR-20100115/lib/gcc/avr/4.3.3/../../../../avr/lib/avr51/crtusb1287.o
__vector_28                                       /usr/local/CrossPack-AVR-20100115/lib/gcc/avr/4.3.3/../../../../avr/lib/avr51/crtusb1287.o
__vector_29                                       /usr/local/CrossPack-AVR-20100115/lib/gcc/avr/4.3.3/../../../../avr/lib/avr51/crtusb1287.o
__vector_3                                        /usr/local/CrossPack-AVR-20100115/lib/gcc/avr/4.3.3/../../../../avr/lib/avr51/crtusb1287.o
__vector_30                                       /usr/local/CrossPack-AVR-20100115/lib/gcc/avr/4.3.3/../../../../avr/lib/avr51/crtusb1287.o
__vector_31                                       /usr/local/CrossPack-AVR-20100115/lib/gcc/avr/4.3.3/../../../../avr/lib/avr51/crtusb1287.o
__vector_32                                       /usr/local/CrossPack-AVR-20100115/lib/gcc/avr/4.3.3/../../../../avr/lib/avr51/crtusb1287.o
__vector_33                                       /usr/local/CrossPack-AVR-20100115/lib/gcc/avr/4.3.3/../../../../avr/lib/avr51/crtusb1287.o
__vector_34                                       /usr/local/CrossPack-AVR-20100115/lib/gcc/avr/4.3.3/../../../../avr/lib/avr51/crtusb1287.o
__vector_35                                       /usr/local/CrossPack-AVR-20100115/lib/gcc/avr/4.3.3/../../../../avr/lib/avr51/crtusb1287.o
__vector_36                                       /usr/local/CrossPack-AVR-20100115/lib/gcc/avr/4.3.3/../../../../avr/lib/avr51/crtusb1287.o
__vector_37                                       /usr/local/CrossPack-AVR-20100115/lib/gcc/avr/4.3.3/../../../../avr/lib/avr51/crtusb1287.o
__vector_4                                        /usr/local/CrossPack-AVR-20100115/lib/gcc/avr/4.3.3/../../../../avr/lib/avr51/crtusb1287.o
__vector_5                                        /usr/local/CrossPack-AVR-20100115/lib/gcc/avr/4.3.3/../../../../avr/lib/avr51/crtusb1287.o
__vector_6                                        /usr/local/CrossPack-AVR-20100115/lib/gcc/avr/4.3.3/../../../../avr/lib/avr51/crtusb1287.o
__vector_7                                        /usr/local/CrossPack-AVR-20100115/lib/gcc/avr/4.3.3/../../../../avr/lib/avr51/crtusb1287.o
__vector_8                                        /usr/local/CrossPack-AVR-20100115/lib/gcc/avr/4.3.3/../../../../avr/lib/avr51/crtusb1287.o
__vector_9                                        /usr/local/CrossPack-AVR-20100115/lib/gcc/avr/4.3.3/../../../../avr/lib/avr51/crtusb1287.o
__vector_default                                  /usr/local/CrossPack-AVR-20100115/lib/gcc/avr/4.3.3/../../../../avr/lib/avr51/crtusb1287.o
__vectors                                         /usr/local/CrossPack-AVR-20100115/lib/gcc/avr/4.3.3/../../../../avr/lib/avr51/crtusb1287.o
_exit                                             /usr/local/CrossPack-AVR-20100115/lib/gcc/avr/4.3.3/avr51/libgcc.a(_exit.o)
exit                                              /usr/local/CrossPack-AVR-20100115/lib/gcc/avr/4.3.3/avr51/libgcc.a(_exit.o)
                                                  /usr/local/CrossPack-AVR-20100115/lib/gcc/avr/4.3.3/../../../../avr/lib/avr51/crtusb1287.o
fputc                                             /usr/local/CrossPack-AVR-20100115/lib/gcc/avr/4.3.3/../../../../avr/lib/avr51/libc.a(fputc.o)
                                                  /usr/local/CrossPack-AVR-20100115/lib/gcc/avr/4.3.3/../../../../avr/lib/avr51/libc.a(vfprintf_std.o)
main                                              RNDISEthernetHost.o
                                                  /usr/local/CrossPack-AVR-20100115/lib/gcc/avr/4.3.3/../../../../avr/lib/avr51/crtusb1287.o
memcpy                                            /usr/local/CrossPack-AVR-20100115/lib/gcc/avr/4.3.3/../../../../avr/lib/avr51/libc.a(memcpy.o)
                                                  Lib/RNDISCommands.o
printf                                            /usr/local/CrossPack-AVR-20100115/lib/gcc/avr/4.3.3/../../../../avr/lib/avr51/libc.a(printf.o)
                                                  RNDISEthernetHost.o
printf_P                                          /usr/local/CrossPack-AVR-20100115/lib/gcc/avr/4.3.3/../../../../avr/lib/avr51/libc.a(printf_p.o)
                                                  RNDISEthernetHost.o
puts                                              /usr/local/CrossPack-AVR-20100115/lib/gcc/avr/4.3.3/../../../../avr/lib/avr51/libc.a(puts.o)
                                                  RNDISEthernetHost.o
puts_P                                            /usr/local/CrossPack-AVR-20100115/lib/gcc/avr/4.3.3/../../../../avr/lib/avr51/libc.a(puts_p.o)
                                                  RNDISEthernetHost.o
strnlen                                           /usr/local/CrossPack-AVR-20100115/lib/gcc/avr/4.3.3/../../../../avr/lib/avr51/libc.a(strnlen.o)
                                                  /usr/local/CrossPack-AVR-20100115/lib/gcc/avr/4.3.3/../../../../avr/lib/avr51/libc.a(vfprintf_std.o)
strnlen_P                                         /usr/local/CrossPack-AVR-20100115/lib/gcc/avr/4.3.3/../../../../avr/lib/avr51/libc.a(strnlen_P.o)
                                                  /usr/local/CrossPack-AVR-20100115/lib/gcc/avr/4.3.3/../../../../avr/lib/avr51/libc.a(vfprintf_std.o)
vfprintf                                          /usr/local/CrossPack-AVR-20100115/lib/gcc/avr/4.3.3/../../../../avr/lib/avr51/libc.a(vfprintf_std.o)
                                                  /usr/local/CrossPack-AVR-20100115/lib/gcc/avr/4.3.3/../../../../avr/lib/avr51/libc.a(printf_p.o)
                                                  /usr/local/CrossPack-AVR-20100115/lib/gcc/avr/4.3.3/../../../../avr/lib/avr51/libc.a(printf.o)
