Archive member included because of file (symbol)

/usr/local/CrossPack-AVR-20130212/lib/gcc/avr/4.6.2/avr51/libgcc.a(_exit.o)
                              /usr/local/CrossPack-AVR-20130212/lib/gcc/avr/4.6.2/../../../../avr/lib/avr51/crtusb1286.o (exit)
/usr/local/CrossPack-AVR-20130212/lib/gcc/avr/4.6.2/avr51/libgcc.a(_copy_data.o)
                              KeyboardHostWithParser.o (__do_copy_data)
/usr/local/CrossPack-AVR-20130212/lib/gcc/avr/4.6.2/avr51/libgcc.a(_clear_bss.o)
                              KeyboardHostWithParser.o (__do_clear_bss)
/usr/local/CrossPack-AVR-20130212/lib/gcc/avr/4.6.2/../../../../avr/lib/avr51/libc.a(fputc.o)
                              KeyboardHostWithParser.o (fputc)
/usr/local/CrossPack-AVR-20130212/lib/gcc/avr/4.6.2/../../../../avr/lib/avr51/libc.a(iob.o)
                              KeyboardHostWithParser.o (__iob)
/usr/local/CrossPack-AVR-20130212/lib/gcc/avr/4.6.2/../../../../avr/lib/avr51/libc.a(printf_p.o)
                              KeyboardHostWithParser.o (printf_P)
/usr/local/CrossPack-AVR-20130212/lib/gcc/avr/4.6.2/../../../../avr/lib/avr51/libc.a(puts_p.o)
                              KeyboardHostWithParser.o (puts_P)
/usr/local/CrossPack-AVR-20130212/lib/gcc/avr/4.6.2/../../../../avr/lib/avr51/libc.a(vfprintf_std.o)
                              /usr/local/CrossPack-AVR-20130212/lib/gcc/avr/4.6.2/../../../../avr/lib/avr51/libc.a(printf_p.o) (vfprintf)
/usr/local/CrossPack-AVR-20130212/lib/gcc/avr/4.6.2/../../../../avr/lib/avr51/libc.a(eerd_byte_at90usb1287.o)
                              ../../../../LUFA/Drivers/USB/Core/AVR8/PipeStream_AVR8.o (__eerd_byte_usb1287)
/usr/local/CrossPack-AVR-20130212/lib/gcc/avr/4.6.2/../../../../avr/lib/avr51/libc.a(eeupd_byte_at90usb1287.o)
                              ../../../../LUFA/Drivers/USB/Core/AVR8/PipeStream_AVR8.o (__eeupd_byte_usb1287)
/usr/local/CrossPack-AVR-20130212/lib/gcc/avr/4.6.2/../../../../avr/lib/avr51/libc.a(strnlen_P.o)
                              /usr/local/CrossPack-AVR-20130212/lib/gcc/avr/4.6.2/../../../../avr/lib/avr51/libc.a(vfprintf_std.o) (strnlen_P)
/usr/local/CrossPack-AVR-20130212/lib/gcc/avr/4.6.2/../../../../avr/lib/avr51/libc.a(strnlen.o)
                              /usr/local/CrossPack-AVR-20130212/lib/gcc/avr/4.6.2/../../../../avr/lib/avr51/libc.a(vfprintf_std.o) (strnlen)
/usr/local/CrossPack-AVR-20130212/lib/gcc/avr/4.6.2/../../../../avr/lib/avr51/libc.a(ultoa_invert.o)
                              /usr/local/CrossPack-AVR-20130212/lib/gcc/avr/4.6.2/../../../../avr/lib/avr51/libc.a(vfprintf_std.o) (__ultoa_invert)

Allocating common symbols
Common symbol       size              file

USB_IsInitialized   0x1               ../../../../LUFA/Drivers/USB/Core/USBTask.o
USB_Host_ConfigurationNumber
                    0x1               ../../../../LUFA/Drivers/USB/Core/HostStandardReq.o
USARTSerialStream   0xe               ../../../../LUFA/Drivers/Peripheral/AVR8/Serial_AVR8.o
USB_ControlRequest  0x8               ../../../../LUFA/Drivers/USB/Core/USBTask.o
USB_HostState       0x1               ../../../../LUFA/Drivers/USB/Core/USBTask.o
HIDReportInfo       0x3d9             HIDReport.o
__iob               0x6               /usr/local/CrossPack-AVR-20130212/lib/gcc/avr/4.6.2/../../../../avr/lib/avr51/libc.a(iob.o)
HIDReportSize       0x2               HIDReport.o

Discarded input sections

 .bss           0x00000000        0x0 /usr/local/CrossPack-AVR-20130212/lib/gcc/avr/4.6.2/../../../../avr/lib/avr51/crtusb1286.o
 .text          0x00000000        0x0 KeyboardHostWithParser.o
 .bss           0x00000000        0x0 KeyboardHostWithParser.o
 .text          0x00000000        0x0 ConfigDescriptor.o
 .bss           0x00000000        0x0 ConfigDescriptor.o
 .text          0x00000000        0x0 HIDReport.o
 .bss           0x00000000        0x0 HIDReport.o
 .text          0x00000000        0x0 ../../../../LUFA/Drivers/USB/Class/Common/HIDParser.o
 .bss           0x00000000        0x0 ../../../../LUFA/Drivers/USB/Class/Common/HIDParser.o
 .text.USB_SetHIDReportItemInfo
                0x00000000       0xd8 ../../../../LUFA/Drivers/USB/Class/Common/HIDParser.o
 .text.USB_GetHIDReportSize
                0x00000000       0x60 ../../../../LUFA/Drivers/USB/Class/Common/HIDParser.o
 .text          0x00000000        0x0 ../../../../LUFA/Drivers/USB/Core/AVR8/Device_AVR8.o
 .bss           0x00000000        0x0 ../../../../LUFA/Drivers/USB/Core/AVR8/Device_AVR8.o
 .text          0x00000000        0x0 ../../../../LUFA/Drivers/USB/Core/AVR8/EndpointStream_AVR8.o
 .bss           0x00000000        0x0 ../../../../LUFA/Drivers/USB/Core/AVR8/EndpointStream_AVR8.o
 .text          0x00000000        0x0 ../../../../LUFA/Drivers/USB/Core/AVR8/Endpoint_AVR8.o
 .bss           0x00000000        0x0 ../../../../LUFA/Drivers/USB/Core/AVR8/Endpoint_AVR8.o
 .text          0x00000000        0x0 ../../../../LUFA/Drivers/USB/Core/AVR8/Host_AVR8.o
 .text          0x00000000        0x0 ../../../../LUFA/Drivers/USB/Core/AVR8/PipeStream_AVR8.o
 .bss           0x00000000        0x0 ../../../../LUFA/Drivers/USB/Core/AVR8/PipeStream_AVR8.o
 .text.Pipe_Discard_Stream
                0x00000000       0x9a ../../../../LUFA/Drivers/USB/Core/AVR8/PipeStream_AVR8.o
 .text.Pipe_Null_Stream
                0x00000000       0x9e ../../../../LUFA/Drivers/USB/Core/AVR8/PipeStream_AVR8.o
 .text.Pipe_Write_Stream_LE
                0x00000000       0xb2 ../../../../LUFA/Drivers/USB/Core/AVR8/PipeStream_AVR8.o
 .text.Pipe_Write_Stream_BE
                0x00000000       0xb8 ../../../../LUFA/Drivers/USB/Core/AVR8/PipeStream_AVR8.o
 .text.Pipe_Read_Stream_BE
                0x00000000       0xb8 ../../../../LUFA/Drivers/USB/Core/AVR8/PipeStream_AVR8.o
 .text.Pipe_Write_PStream_LE
                0x00000000       0xb6 ../../../../LUFA/Drivers/USB/Core/AVR8/PipeStream_AVR8.o
 .text.Pipe_Write_PStream_BE
                0x00000000       0xba ../../../../LUFA/Drivers/USB/Core/AVR8/PipeStream_AVR8.o
 .text.Pipe_Write_EStream_LE
                0x00000000       0xb8 ../../../../LUFA/Drivers/USB/Core/AVR8/PipeStream_AVR8.o
 .text.Pipe_Write_EStream_BE
                0x00000000       0xbc ../../../../LUFA/Drivers/USB/Core/AVR8/PipeStream_AVR8.o
 .text.Pipe_Read_EStream_LE
                0x00000000       0xb8 ../../../../LUFA/Drivers/USB/Core/AVR8/PipeStream_AVR8.o
 .text.Pipe_Read_EStream_BE
                0x00000000       0xbc ../../../../LUFA/Drivers/USB/Core/AVR8/PipeStream_AVR8.o
 .text          0x00000000        0x0 ../../../../LUFA/Drivers/USB/Core/AVR8/Pipe_AVR8.o
 .bss           0x00000000        0x0 ../../../../LUFA/Drivers/USB/Core/AVR8/Pipe_AVR8.o
 .text.Pipe_ConfigurePipeTable
                0x00000000       0x44 ../../../../LUFA/Drivers/USB/Core/AVR8/Pipe_AVR8.o
 .text.Pipe_IsEndpointBound
                0x00000000       0x44 ../../../../LUFA/Drivers/USB/Core/AVR8/Pipe_AVR8.o
 .text          0x00000000        0x0 ../../../../LUFA/Drivers/USB/Core/AVR8/USBController_AVR8.o
 .bss           0x00000000        0x0 ../../../../LUFA/Drivers/USB/Core/AVR8/USBController_AVR8.o
 .text          0x00000000        0x0 ../../../../LUFA/Drivers/USB/Core/AVR8/USBInterrupt_AVR8.o
 .bss           0x00000000        0x0 ../../../../LUFA/Drivers/USB/Core/AVR8/USBInterrupt_AVR8.o
 .text          0x00000000        0x0 ../../../../LUFA/Drivers/USB/Core/ConfigDescriptors.o
 .bss           0x00000000        0x0 ../../../../LUFA/Drivers/USB/Core/ConfigDescriptors.o
 .text.USB_GetNextDescriptorOfType
                0x00000000       0x4e ../../../../LUFA/Drivers/USB/Core/ConfigDescriptors.o
 .text.USB_GetNextDescriptorOfTypeBefore
                0x00000000       0x56 ../../../../LUFA/Drivers/USB/Core/ConfigDescriptors.o
 .text.USB_GetNextDescriptorOfTypeAfter
                0x00000000       0x34 ../../../../LUFA/Drivers/USB/Core/ConfigDescriptors.o
 .text          0x00000000        0x0 ../../../../LUFA/Drivers/USB/Core/DeviceStandardReq.o
 .bss           0x00000000        0x0 ../../../../LUFA/Drivers/USB/Core/DeviceStandardReq.o
 .text          0x00000000        0x0 ../../../../LUFA/Drivers/USB/Core/Events.o
 .bss           0x00000000        0x0 ../../../../LUFA/Drivers/USB/Core/Events.o
 .text          0x00000000        0x0 ../../../../LUFA/Drivers/USB/Core/HostStandardReq.o
 .bss           0x00000000        0x0 ../../../../LUFA/Drivers/USB/Core/HostStandardReq.o
 .text.USB_Host_GetDeviceConfiguration
                0x00000000       0x1c ../../../../LUFA/Drivers/USB/Core/HostStandardReq.o
 .text.USB_Host_GetDescriptor
                0x00000000       0x3c ../../../../LUFA/Drivers/USB/Core/HostStandardReq.o
 .text.USB_Host_GetDeviceStatus
                0x00000000       0x2c ../../../../LUFA/Drivers/USB/Core/HostStandardReq.o
 .text.USB_Host_ClearEndpointStall
                0x00000000       0x32 ../../../../LUFA/Drivers/USB/Core/HostStandardReq.o
 .text.USB_Host_SetInterfaceAltSetting
                0x00000000       0x32 ../../../../LUFA/Drivers/USB/Core/HostStandardReq.o
 .text.USB_Host_GetInterfaceAltSetting
                0x00000000       0x34 ../../../../LUFA/Drivers/USB/Core/HostStandardReq.o
 .text          0x00000000        0x0 ../../../../LUFA/Drivers/USB/Core/USBTask.o
 .bss           0x00000000        0x0 ../../../../LUFA/Drivers/USB/Core/USBTask.o
 .text          0x00000000        0x0 ../../../../LUFA/Drivers/Peripheral/AVR8/Serial_AVR8.o
 .bss           0x00000000        0x0 ../../../../LUFA/Drivers/Peripheral/AVR8/Serial_AVR8.o
 .text.Serial_getchar_Blocking
                0x00000000       0x1e ../../../../LUFA/Drivers/Peripheral/AVR8/Serial_AVR8.o
 .text.Serial_SendString_P
                0x00000000       0x1a ../../../../LUFA/Drivers/Peripheral/AVR8/Serial_AVR8.o
 .text.Serial_SendString
                0x00000000       0x18 ../../../../LUFA/Drivers/Peripheral/AVR8/Serial_AVR8.o
 .text.Serial_SendData
                0x00000000       0x1e ../../../../LUFA/Drivers/Peripheral/AVR8/Serial_AVR8.o
 .text.Serial_CreateBlockingStream
                0x00000000       0x3a ../../../../LUFA/Drivers/Peripheral/AVR8/Serial_AVR8.o
 .text          0x00000000        0x0 /usr/local/CrossPack-AVR-20130212/lib/gcc/avr/4.6.2/avr51/libgcc.a(_exit.o)
 .bss           0x00000000        0x0 /usr/local/CrossPack-AVR-20130212/lib/gcc/avr/4.6.2/avr51/libgcc.a(_exit.o)
 .text.libgcc   0x00000000        0x0 /usr/local/CrossPack-AVR-20130212/lib/gcc/avr/4.6.2/avr51/libgcc.a(_exit.o)
 .text          0x00000000        0x0 /usr/local/CrossPack-AVR-20130212/lib/gcc/avr/4.6.2/avr51/libgcc.a(_copy_data.o)
 .bss           0x00000000        0x0 /usr/local/CrossPack-AVR-20130212/lib/gcc/avr/4.6.2/avr51/libgcc.a(_copy_data.o)
 .text.libgcc   0x00000000        0x0 /usr/local/CrossPack-AVR-20130212/lib/gcc/avr/4.6.2/avr51/libgcc.a(_copy_data.o)
 .text          0x00000000        0x0 /usr/local/CrossPack-AVR-20130212/lib/gcc/avr/4.6.2/avr51/libgcc.a(_clear_bss.o)
 .bss           0x00000000        0x0 /usr/local/CrossPack-AVR-20130212/lib/gcc/avr/4.6.2/avr51/libgcc.a(_clear_bss.o)
 .text.libgcc   0x00000000        0x0 /usr/local/CrossPack-AVR-20130212/lib/gcc/avr/4.6.2/avr51/libgcc.a(_clear_bss.o)
 .text          0x00000000        0x0 /usr/local/CrossPack-AVR-20130212/lib/gcc/avr/4.6.2/../../../../avr/lib/avr51/libc.a(fputc.o)
 .bss           0x00000000        0x0 /usr/local/CrossPack-AVR-20130212/lib/gcc/avr/4.6.2/../../../../avr/lib/avr51/libc.a(fputc.o)
 .text          0x00000000        0x0 /usr/local/CrossPack-AVR-20130212/lib/gcc/avr/4.6.2/../../../../avr/lib/avr51/libc.a(iob.o)
 .bss           0x00000000        0x0 /usr/local/CrossPack-AVR-20130212/lib/gcc/avr/4.6.2/../../../../avr/lib/avr51/libc.a(iob.o)
 .text          0x00000000        0x0 /usr/local/CrossPack-AVR-20130212/lib/gcc/avr/4.6.2/../../../../avr/lib/avr51/libc.a(printf_p.o)
 .bss           0x00000000        0x0 /usr/local/CrossPack-AVR-20130212/lib/gcc/avr/4.6.2/../../../../avr/lib/avr51/libc.a(printf_p.o)
 .text          0x00000000        0x0 /usr/local/CrossPack-AVR-20130212/lib/gcc/avr/4.6.2/../../../../avr/lib/avr51/libc.a(puts_p.o)
 .bss           0x00000000        0x0 /usr/local/CrossPack-AVR-20130212/lib/gcc/avr/4.6.2/../../../../avr/lib/avr51/libc.a(puts_p.o)
 .text          0x00000000        0x0 /usr/local/CrossPack-AVR-20130212/lib/gcc/avr/4.6.2/../../../../avr/lib/avr51/libc.a(vfprintf_std.o)
 .bss           0x00000000        0x0 /usr/local/CrossPack-AVR-20130212/lib/gcc/avr/4.6.2/../../../../avr/lib/avr51/libc.a(vfprintf_std.o)
 .text          0x00000000        0x0 /usr/local/CrossPack-AVR-20130212/lib/gcc/avr/4.6.2/../../../../avr/lib/avr51/libc.a(eerd_byte_at90usb1287.o)
 .bss           0x00000000        0x0 /usr/local/CrossPack-AVR-20130212/lib/gcc/avr/4.6.2/../../../../avr/lib/avr51/libc.a(eerd_byte_at90usb1287.o)
 .text.avr-libc
                0x00000000       0x10 /usr/local/CrossPack-AVR-20130212/lib/gcc/avr/4.6.2/../../../../avr/lib/avr51/libc.a(eerd_byte_at90usb1287.o)
 .text          0x00000000        0x0 /usr/local/CrossPack-AVR-20130212/lib/gcc/avr/4.6.2/../../../../avr/lib/avr51/libc.a(eeupd_byte_at90usb1287.o)
 .bss           0x00000000        0x0 /usr/local/CrossPack-AVR-20130212/lib/gcc/avr/4.6.2/../../../../avr/lib/avr51/libc.a(eeupd_byte_at90usb1287.o)
 .text.avr-libc
                0x00000000       0x24 /usr/local/CrossPack-AVR-20130212/lib/gcc/avr/4.6.2/../../../../avr/lib/avr51/libc.a(eeupd_byte_at90usb1287.o)
 .text          0x00000000        0x0 /usr/local/CrossPack-AVR-20130212/lib/gcc/avr/4.6.2/../../../../avr/lib/avr51/libc.a(strnlen_P.o)
 .bss           0x00000000        0x0 /usr/local/CrossPack-AVR-20130212/lib/gcc/avr/4.6.2/../../../../avr/lib/avr51/libc.a(strnlen_P.o)
 .text          0x00000000        0x0 /usr/local/CrossPack-AVR-20130212/lib/gcc/avr/4.6.2/../../../../avr/lib/avr51/libc.a(strnlen.o)
 .bss           0x00000000        0x0 /usr/local/CrossPack-AVR-20130212/lib/gcc/avr/4.6.2/../../../../avr/lib/avr51/libc.a(strnlen.o)
 .text          0x00000000        0x0 /usr/local/CrossPack-AVR-20130212/lib/gcc/avr/4.6.2/../../../../avr/lib/avr51/libc.a(ultoa_invert.o)
 .bss           0x00000000        0x0 /usr/local/CrossPack-AVR-20130212/lib/gcc/avr/4.6.2/../../../../avr/lib/avr51/libc.a(ultoa_invert.o)

Memory Configuration

Name             Origin             Length             Attributes
text             0x00000000         0x00020000         xr
data             0x00800100         0x0000ff00         rw !x
eeprom           0x00810000         0x00010000         rw !x
fuse             0x00820000         0x00000400         rw !x
lock             0x00830000         0x00000400         rw !x
signature        0x00840000         0x00000400         rw !x
*default*        0x00000000         0xffffffff

Linker script and memory map

Address of section .data set to 0x800100
LOAD /usr/local/CrossPack-AVR-20130212/lib/gcc/avr/4.6.2/../../../../avr/lib/avr51/crtusb1286.o
LOAD KeyboardHostWithParser.o
LOAD ConfigDescriptor.o
LOAD HIDReport.o
LOAD ../../../../LUFA/Drivers/USB/Class/Common/HIDParser.o
LOAD ../../../../LUFA/Drivers/USB/Core/AVR8/Device_AVR8.o
LOAD ../../../../LUFA/Drivers/USB/Core/AVR8/EndpointStream_AVR8.o
LOAD ../../../../LUFA/Drivers/USB/Core/AVR8/Endpoint_AVR8.o
LOAD ../../../../LUFA/Drivers/USB/Core/AVR8/Host_AVR8.o
LOAD ../../../../LUFA/Drivers/USB/Core/AVR8/PipeStream_AVR8.o
LOAD ../../../../LUFA/Drivers/USB/Core/AVR8/Pipe_AVR8.o
LOAD ../../../../LUFA/Drivers/USB/Core/AVR8/USBController_AVR8.o
LOAD ../../../../LUFA/Drivers/USB/Core/AVR8/USBInterrupt_AVR8.o
LOAD ../../../../LUFA/Drivers/USB/Core/ConfigDescriptors.o
LOAD ../../../../LUFA/Drivers/USB/Core/DeviceStandardReq.o
LOAD ../../../../LUFA/Drivers/USB/Core/Events.o
LOAD ../../../../LUFA/Drivers/USB/Core/HostStandardReq.o
LOAD ../../../../LUFA/Drivers/USB/Core/USBTask.o
LOAD ../../../../LUFA/Drivers/Peripheral/AVR8/Serial_AVR8.o
LOAD /usr/local/CrossPack-AVR-20130212/lib/gcc/avr/4.6.2/../../../../avr/lib/avr51/libm.a
LOAD /usr/local/CrossPack-AVR-20130212/lib/gcc/avr/4.6.2/avr51/libgcc.a
LOAD /usr/local/CrossPack-AVR-20130212/lib/gcc/avr/4.6.2/../../../../avr/lib/avr51/libc.a
LOAD /usr/local/CrossPack-AVR-20130212/lib/gcc/avr/4.6.2/avr51/libgcc.a

.hash
 *(.hash)

.dynsym
 *(.dynsym)

.dynstr
 *(.dynstr)

.gnu.version
 *(.gnu.version)

.gnu.version_d
 *(.gnu.version_d)

.gnu.version_r
 *(.gnu.version_r)

.rel.init
 *(.rel.init)

.rela.init
 *(.rela.init)

.rel.text
 *(.rel.text)
 *(.rel.text.*)
 *(.rel.gnu.linkonce.t*)

.rela.text
 *(.rela.text)
 *(.rela.text.*)
 *(.rela.gnu.linkonce.t*)

.rel.fini
 *(.rel.fini)

.rela.fini
 *(.rela.fini)

.rel.rodata
 *(.rel.rodata)
 *(.rel.rodata.*)
 *(.rel.gnu.linkonce.r*)

.rela.rodata
 *(.rela.rodata)
 *(.rela.rodata.*)
 *(.rela.gnu.linkonce.r*)

.rel.data
 *(.rel.data)
 *(.rel.data.*)
 *(.rel.gnu.linkonce.d*)

.rela.data
 *(.rela.data)
 *(.rela.data.*)
 *(.rela.gnu.linkonce.d*)

.rel.ctors
 *(.rel.ctors)

.rela.ctors
 *(.rela.ctors)

.rel.dtors
 *(.rel.dtors)

.rela.dtors
 *(.rela.dtors)

.rel.got
 *(.rel.got)

.rela.got
 *(.rela.got)

.rel.bss
 *(.rel.bss)

.rela.bss
 *(.rela.bss)

.rel.plt
 *(.rel.plt)

.rela.plt
 *(.rela.plt)

.text           0x00000000     0x2320
 *(.vectors)
 .vectors       0x00000000       0x98 /usr/local/CrossPack-AVR-20130212/lib/gcc/avr/4.6.2/../../../../avr/lib/avr51/crtusb1286.o
                0x00000000                __vectors
                0x00000000                __vector_default
 *(.vectors)
 *(.progmem.gcc*)
 *(.progmem*)
 .progmem.data  0x00000098      0x23c KeyboardHostWithParser.o
                0x000002d4                . = ALIGN (0x2)
                0x000002d4                __trampolines_start = .
 *(.trampolines)
 .trampolines   0x000002d4        0x0 linker stubs
 *(.trampolines*)
                0x000002d4                __trampolines_end = .
 *(.jumptables)
 *(.jumptables*)
 *(.lowtext)
 *(.lowtext*)
                0x000002d4                __ctors_start = .
 *(.ctors)
                0x000002d4                __ctors_end = .
                0x000002d4                __dtors_start = .
 *(.dtors)
                0x000002d4                __dtors_end = .
 SORT(*)(.ctors)
 SORT(*)(.dtors)
 *(.init0)
 .init0         0x000002d4        0x0 /usr/local/CrossPack-AVR-20130212/lib/gcc/avr/4.6.2/../../../../avr/lib/avr51/crtusb1286.o
                0x000002d4                __init
 *(.init0)
 *(.init1)
 *(.init1)
 *(.init2)
 .init2         0x000002d4        0xc /usr/local/CrossPack-AVR-20130212/lib/gcc/avr/4.6.2/../../../../avr/lib/avr51/crtusb1286.o
 *(.init2)
 *(.init3)
 *(.init3)
 *(.init4)
 .init4         0x000002e0       0x1c /usr/local/CrossPack-AVR-20130212/lib/gcc/avr/4.6.2/avr51/libgcc.a(_copy_data.o)
                0x000002e0                __do_copy_data
 .init4         0x000002fc       0x10 /usr/local/CrossPack-AVR-20130212/lib/gcc/avr/4.6.2/avr51/libgcc.a(_clear_bss.o)
                0x000002fc                __do_clear_bss
 *(.init4)
 *(.init5)
 *(.init5)
 *(.init6)
 *(.init6)
 *(.init7)
 *(.init7)
 *(.init8)
 *(.init8)
 *(.init9)
 .init9         0x0000030c        0x6 /usr/local/CrossPack-AVR-20130212/lib/gcc/avr/4.6.2/../../../../avr/lib/avr51/crtusb1286.o
 *(.init9)
 *(.text)
 .text          0x00000312        0x2 /usr/local/CrossPack-AVR-20130212/lib/gcc/avr/4.6.2/../../../../avr/lib/avr51/crtusb1286.o
                0x00000312                __vector_20
                0x00000312                __vector_28
                0x00000312                __vector_1
                0x00000312                __vector_32
                0x00000312                __vector_34
                0x00000312                __vector_24
                0x00000312                __vector_12
                0x00000312                __bad_interrupt
                0x00000312                __vector_6
                0x00000312                __vector_31
                0x00000312                __vector_35
                0x00000312                __vector_3
                0x00000312                __vector_23
                0x00000312                __vector_30
                0x00000312                __vector_25
                0x00000312                __vector_11
                0x00000312                __vector_13
                0x00000312                __vector_17
                0x00000312                __vector_19
                0x00000312                __vector_7
                0x00000312                __vector_27
                0x00000312                __vector_5
                0x00000312                __vector_33
                0x00000312                __vector_37
                0x00000312                __vector_4
                0x00000312                __vector_9
                0x00000312                __vector_2
                0x00000312                __vector_21
                0x00000312                __vector_15
                0x00000312                __vector_36
                0x00000312                __vector_29
                0x00000312                __vector_8
                0x00000312                __vector_26
                0x00000312                __vector_14
                0x00000312                __vector_16
                0x00000312                __vector_18
                0x00000312                __vector_22
                0x00000314                . = ALIGN (0x2)
 *(.text.*)
 .text.LEDs_SetAllLEDs
                0x00000314        0xa KeyboardHostWithParser.o
 .text.SetupHardware
                0x0000031e       0x5e KeyboardHostWithParser.o
                0x0000031e                SetupHardware
 .text.EVENT_USB_Host_DeviceAttached
                0x0000037c        0xc KeyboardHostWithParser.o
                0x0000037c                EVENT_USB_Host_DeviceAttached
 .text.EVENT_USB_Host_DeviceUnattached
                0x00000388        0xc KeyboardHostWithParser.o
                0x00000388                EVENT_USB_Host_DeviceUnattached
 .text.EVENT_USB_Host_DeviceEnumerationComplete
                0x00000394      0x106 KeyboardHostWithParser.o
                0x00000394                EVENT_USB_Host_DeviceEnumerationComplete
 .text.EVENT_USB_Host_HostError
                0x0000049a       0x42 KeyboardHostWithParser.o
                0x0000049a                EVENT_USB_Host_HostError
 .text.EVENT_USB_Host_DeviceEnumerationFailed
                0x000004dc       0x52 KeyboardHostWithParser.o
                0x000004dc                EVENT_USB_Host_DeviceEnumerationFailed
 .text.ProcessKeyboardReport
                0x0000052e       0xc6 KeyboardHostWithParser.o
                0x0000052e                ProcessKeyboardReport
 .text.KeyboardHost_Task
                0x000005f4       0xac KeyboardHostWithParser.o
                0x000005f4                KeyboardHost_Task
 .text.startup.main
                0x000006a0       0x18 KeyboardHostWithParser.o
                0x000006a0                main
 .text.DComp_NextKeyboardInterface
                0x000006b8       0x16 ConfigDescriptor.o
                0x000006b8                DComp_NextKeyboardInterface
 .text.DComp_NextKeyboardInterfaceDataEndpoint
                0x000006ce       0x18 ConfigDescriptor.o
                0x000006ce                DComp_NextKeyboardInterfaceDataEndpoint
 .text.DComp_NextHID
                0x000006e6       0x18 ConfigDescriptor.o
                0x000006e6                DComp_NextHID
 .text.ProcessConfigurationDescriptor
                0x000006fe      0x120 ConfigDescriptor.o
                0x000006fe                ProcessConfigurationDescriptor
 .text.GetHIDReportData
                0x0000081e       0xa2 HIDReport.o
                0x0000081e                GetHIDReportData
 .text.CALLBACK_HIDParser_FilterHIDReportItem
                0x000008c0       0x14 HIDReport.o
                0x000008c0                CALLBACK_HIDParser_FilterHIDReportItem
 .text.USB_ProcessHIDReport
                0x000008d4      0x778 ../../../../LUFA/Drivers/USB/Class/Common/HIDParser.o
                0x000008d4                USB_ProcessHIDReport
 .text.USB_GetHIDReportItemInfo
                0x0000104c       0xc2 ../../../../LUFA/Drivers/USB/Class/Common/HIDParser.o
                0x0000104c                USB_GetHIDReportItemInfo
 .text.USB_Host_ResetDevice
                0x0000110e       0xac ../../../../LUFA/Drivers/USB/Core/AVR8/Host_AVR8.o
 .text.USB_Host_WaitMS
                0x000011ba       0xaa ../../../../LUFA/Drivers/USB/Core/AVR8/Host_AVR8.o
                0x000011ba                USB_Host_WaitMS
 .text.USB_Host_ProcessNextHostState
                0x00001264      0x256 ../../../../LUFA/Drivers/USB/Core/AVR8/Host_AVR8.o
                0x00001264                USB_Host_ProcessNextHostState
 .text.Pipe_Read_Stream_LE
                0x000014ba       0xae ../../../../LUFA/Drivers/USB/Core/AVR8/PipeStream_AVR8.o
                0x000014ba                Pipe_Read_Stream_LE
 .text.Pipe_ConfigurePipe
                0x00001568       0xca ../../../../LUFA/Drivers/USB/Core/AVR8/Pipe_AVR8.o
                0x00001568                Pipe_ConfigurePipe
 .text.Pipe_ClearPipes
                0x00001632       0x28 ../../../../LUFA/Drivers/USB/Core/AVR8/Pipe_AVR8.o
                0x00001632                Pipe_ClearPipes
 .text.Pipe_WaitUntilReady
                0x0000165a       0x5c ../../../../LUFA/Drivers/USB/Core/AVR8/Pipe_AVR8.o
                0x0000165a                Pipe_WaitUntilReady
 .text.USB_Disable
                0x000016b6       0x30 ../../../../LUFA/Drivers/USB/Core/AVR8/USBController_AVR8.o
                0x000016b6                USB_Disable
 .text.USB_ResetInterface
                0x000016e6       0xa0 ../../../../LUFA/Drivers/USB/Core/AVR8/USBController_AVR8.o
                0x000016e6                USB_ResetInterface
 .text.USB_Init
                0x00001786       0x1c ../../../../LUFA/Drivers/USB/Core/AVR8/USBController_AVR8.o
                0x00001786                USB_Init
 .text.USB_INT_DisableAllInterrupts
                0x000017a2       0x10 ../../../../LUFA/Drivers/USB/Core/AVR8/USBInterrupt_AVR8.o
                0x000017a2                USB_INT_DisableAllInterrupts
 .text.USB_INT_ClearAllInterrupts
                0x000017b2        0xa ../../../../LUFA/Drivers/USB/Core/AVR8/USBInterrupt_AVR8.o
                0x000017b2                USB_INT_ClearAllInterrupts
 .text.__vector_10
                0x000017bc      0x132 ../../../../LUFA/Drivers/USB/Core/AVR8/USBInterrupt_AVR8.o
                0x000017bc                __vector_10
 .text.USB_Host_GetDeviceConfigDescriptor
                0x000018ee       0xae ../../../../LUFA/Drivers/USB/Core/ConfigDescriptors.o
                0x000018ee                USB_Host_GetDeviceConfigDescriptor
 .text.USB_GetNextDescriptorComp
                0x0000199c       0x8e ../../../../LUFA/Drivers/USB/Core/ConfigDescriptors.o
                0x0000199c                USB_GetNextDescriptorComp
 .text.USB_Event_Stub
                0x00001a2a        0x2 ../../../../LUFA/Drivers/USB/Core/Events.o
                0x00001a2a                USB_Event_Stub
                0x00001a2a                EVENT_USB_Host_StartOfFrame
 .text.USB_Host_WaitForIOS
                0x00001a2c       0x50 ../../../../LUFA/Drivers/USB/Core/HostStandardReq.o
 .text.USB_Host_SendControlRequest
                0x00001a7c      0x1fc ../../../../LUFA/Drivers/USB/Core/HostStandardReq.o
                0x00001a7c                USB_Host_SendControlRequest
 .text.USB_Host_SetDeviceConfiguration
                0x00001c78       0x4a ../../../../LUFA/Drivers/USB/Core/HostStandardReq.o
                0x00001c78                USB_Host_SetDeviceConfiguration
 .text.USB_USBTask
                0x00001cc2       0x1a ../../../../LUFA/Drivers/USB/Core/USBTask.o
                0x00001cc2                USB_USBTask
 .text.Serial_putchar
                0x00001cdc       0x12 ../../../../LUFA/Drivers/Peripheral/AVR8/Serial_AVR8.o
                0x00001cdc                Serial_putchar
 .text.Serial_getchar
                0x00001cee       0x24 ../../../../LUFA/Drivers/Peripheral/AVR8/Serial_AVR8.o
                0x00001cee                Serial_getchar
 .text.Serial_CreateStream
                0x00001d12       0x3a ../../../../LUFA/Drivers/Peripheral/AVR8/Serial_AVR8.o
                0x00001d12                Serial_CreateStream
 .text.avr-libc
                0x00001d4c       0x58 /usr/local/CrossPack-AVR-20130212/lib/gcc/avr/4.6.2/../../../../avr/lib/avr51/libc.a(fputc.o)
                0x00001d4c                fputc
 .text.avr-libc
                0x00001da4       0x3e /usr/local/CrossPack-AVR-20130212/lib/gcc/avr/4.6.2/../../../../avr/lib/avr51/libc.a(printf_p.o)
                0x00001da4                printf_P
 .text.avr-libc
                0x00001de2       0x5e /usr/local/CrossPack-AVR-20130212/lib/gcc/avr/4.6.2/../../../../avr/lib/avr51/libc.a(puts_p.o)
                0x00001de2                puts_P
 .text.avr-libc
                0x00001e40      0x3f4 /usr/local/CrossPack-AVR-20130212/lib/gcc/avr/4.6.2/../../../../avr/lib/avr51/libc.a(vfprintf_std.o)
                0x00001e40                vfprintf
 .text.avr-libc
                0x00002234       0x16 /usr/local/CrossPack-AVR-20130212/lib/gcc/avr/4.6.2/../../../../avr/lib/avr51/libc.a(strnlen_P.o)
                0x00002234                strnlen_P
 .text.avr-libc
                0x0000224a       0x16 /usr/local/CrossPack-AVR-20130212/lib/gcc/avr/4.6.2/../../../../avr/lib/avr51/libc.a(strnlen.o)
                0x0000224a                strnlen
 .text.avr-libc
                0x00002260       0xbc /usr/local/CrossPack-AVR-20130212/lib/gcc/avr/4.6.2/../../../../avr/lib/avr51/libc.a(ultoa_invert.o)
                0x00002260                __ultoa_invert
                0x0000231c                . = ALIGN (0x2)
 *(.fini9)
 .fini9         0x0000231c        0x0 /usr/local/CrossPack-AVR-20130212/lib/gcc/avr/4.6.2/avr51/libgcc.a(_exit.o)
                0x0000231c                exit
                0x0000231c                _exit
 *(.fini9)
 *(.fini8)
 *(.fini8)
 *(.fini7)
 *(.fini7)
 *(.fini6)
 *(.fini6)
 *(.fini5)
 *(.fini5)
 *(.fini4)
 *(.fini4)
 *(.fini3)
 *(.fini3)
 *(.fini2)
 *(.fini2)
 *(.fini1)
 *(.fini1)
 *(.fini0)
 .fini0         0x0000231c        0x4 /usr/local/CrossPack-AVR-20130212/lib/gcc/avr/4.6.2/avr51/libgcc.a(_exit.o)
 *(.fini0)
                0x00002320                _etext = .

.data           0x00800100       0x1a load address 0x00002320
                0x00800100                PROVIDE (__data_start, .)
 *(.data)
 .data          0x00800100        0x0 /usr/local/CrossPack-AVR-20130212/lib/gcc/avr/4.6.2/../../../../avr/lib/avr51/crtusb1286.o
 .data          0x00800100        0x0 KeyboardHostWithParser.o
 .data          0x00800100        0x0 ConfigDescriptor.o
 .data          0x00800100        0x0 HIDReport.o
 .data          0x00800100        0x0 ../../../../LUFA/Drivers/USB/Class/Common/HIDParser.o
 .data          0x00800100        0x0 ../../../../LUFA/Drivers/USB/Core/AVR8/Device_AVR8.o
 .data          0x00800100        0x0 ../../../../LUFA/Drivers/USB/Core/AVR8/EndpointStream_AVR8.o
 .data          0x00800100        0x0 ../../../../LUFA/Drivers/USB/Core/AVR8/Endpoint_AVR8.o
 .data          0x00800100       0x10 ../../../../LUFA/Drivers/USB/Core/AVR8/Host_AVR8.o
 .data          0x00800110        0x0 ../../../../LUFA/Drivers/USB/Core/AVR8/PipeStream_AVR8.o
 .data          0x00800110        0x1 ../../../../LUFA/Drivers/USB/Core/AVR8/Pipe_AVR8.o
                0x00800110                USB_Host_ControlPipeSize
 .data          0x00800111        0x0 ../../../../LUFA/Drivers/USB/Core/AVR8/USBController_AVR8.o
 .data          0x00800111        0x0 ../../../../LUFA/Drivers/USB/Core/AVR8/USBInterrupt_AVR8.o
 .data          0x00800111        0x0 ../../../../LUFA/Drivers/USB/Core/ConfigDescriptors.o
 .data          0x00800111        0x0 ../../../../LUFA/Drivers/USB/Core/DeviceStandardReq.o
 .data          0x00800111        0x0 ../../../../LUFA/Drivers/USB/Core/Events.o
 .data          0x00800111        0x8 ../../../../LUFA/Drivers/USB/Core/HostStandardReq.o
 .data          0x00800119        0x0 ../../../../LUFA/Drivers/USB/Core/USBTask.o
 .data          0x00800119        0x0 ../../../../LUFA/Drivers/Peripheral/AVR8/Serial_AVR8.o
 .data          0x00800119        0x0 /usr/local/CrossPack-AVR-20130212/lib/gcc/avr/4.6.2/avr51/libgcc.a(_exit.o)
 .data          0x00800119        0x0 /usr/local/CrossPack-AVR-20130212/lib/gcc/avr/4.6.2/avr51/libgcc.a(_copy_data.o)
 .data          0x00800119        0x0 /usr/local/CrossPack-AVR-20130212/lib/gcc/avr/4.6.2/avr51/libgcc.a(_clear_bss.o)
 .data          0x00800119        0x0 /usr/local/CrossPack-AVR-20130212/lib/gcc/avr/4.6.2/../../../../avr/lib/avr51/libc.a(fputc.o)
 .data          0x00800119        0x0 /usr/local/CrossPack-AVR-20130212/lib/gcc/avr/4.6.2/../../../../avr/lib/avr51/libc.a(iob.o)
 .data          0x00800119        0x0 /usr/local/CrossPack-AVR-20130212/lib/gcc/avr/4.6.2/../../../../avr/lib/avr51/libc.a(printf_p.o)
 .data          0x00800119        0x0 /usr/local/CrossPack-AVR-20130212/lib/gcc/avr/4.6.2/../../../../avr/lib/avr51/libc.a(puts_p.o)
 .data          0x00800119        0x0 /usr/local/CrossPack-AVR-20130212/lib/gcc/avr/4.6.2/../../../../avr/lib/avr51/libc.a(vfprintf_std.o)
 .data          0x00800119        0x0 /usr/local/CrossPack-AVR-20130212/lib/gcc/avr/4.6.2/../../../../avr/lib/avr51/libc.a(eerd_byte_at90usb1287.o)
 .data          0x00800119        0x0 /usr/local/CrossPack-AVR-20130212/lib/gcc/avr/4.6.2/../../../../avr/lib/avr51/libc.a(eeupd_byte_at90usb1287.o)
 .data          0x00800119        0x0 /usr/local/CrossPack-AVR-20130212/lib/gcc/avr/4.6.2/../../../../avr/lib/avr51/libc.a(strnlen_P.o)
 .data          0x00800119        0x0 /usr/local/CrossPack-AVR-20130212/lib/gcc/avr/4.6.2/../../../../avr/lib/avr51/libc.a(strnlen.o)
 .data          0x00800119        0x0 /usr/local/CrossPack-AVR-20130212/lib/gcc/avr/4.6.2/../../../../avr/lib/avr51/libc.a(ultoa_invert.o)
 *(.data*)
 *(.rodata)
 *(.rodata*)
 *(.gnu.linkonce.d*)
                0x0080011a                . = ALIGN (0x2)
 *fill*         0x00800119        0x1 00
                0x0080011a                _edata = .
                0x0080011a                PROVIDE (__data_end, .)

.bss            0x0080011a      0x3fd
                0x0080011a                PROVIDE (__bss_start, .)
 *(.bss)
 .bss           0x0080011a        0x3 ../../../../LUFA/Drivers/USB/Core/AVR8/Host_AVR8.o
 *(.bss*)
 *(COMMON)
 COMMON         0x0080011d      0x3db HIDReport.o
                0x0080011d                HIDReportInfo
                0x008004f6                HIDReportSize
 COMMON         0x008004f8        0x1 ../../../../LUFA/Drivers/USB/Core/HostStandardReq.o
                0x008004f8                USB_Host_ConfigurationNumber
 COMMON         0x008004f9        0xa ../../../../LUFA/Drivers/USB/Core/USBTask.o
                0x008004f9                USB_IsInitialized
                0x008004fa                USB_ControlRequest
                0x00800502                USB_HostState
 COMMON         0x00800503        0xe ../../../../LUFA/Drivers/Peripheral/AVR8/Serial_AVR8.o
                0x00800503                USARTSerialStream
 COMMON         0x00800511        0x6 /usr/local/CrossPack-AVR-20130212/lib/gcc/avr/4.6.2/../../../../avr/lib/avr51/libc.a(iob.o)
                0x00800511                __iob
                0x00800517                PROVIDE (__bss_end, .)
                0x00002320                __data_load_start = LOADADDR (.data)
                0x0000233a                __data_load_end = (__data_load_start + SIZEOF (.data))

.noinit         0x00800517        0x0
                0x00800517                PROVIDE (__noinit_start, .)
 *(.noinit*)
                0x00800517                PROVIDE (__noinit_end, .)
                0x00800517                _end = .
                0x00800517                PROVIDE (__heap_start, .)

.eeprom         0x00810000        0x0
 *(.eeprom*)
                0x00810000                __eeprom_end = .

.fuse
 *(.fuse)
 *(.lfuse)
 *(.hfuse)
 *(.efuse)

.lock
 *(.lock*)

.signature
 *(.signature*)

.stab           0x00000000      0xe28
 *(.stab)
 .stab          0x00000000      0x6cc /usr/local/CrossPack-AVR-20130212/lib/gcc/avr/4.6.2/../../../../avr/lib/avr51/crtusb1286.o
 .stab          0x000006cc       0x90 /usr/local/CrossPack-AVR-20130212/lib/gcc/avr/4.6.2/../../../../avr/lib/avr51/libc.a(eerd_byte_at90usb1287.o)
                                 0x9c (size before relaxing)
 .stab          0x0000075c      0x114 /usr/local/CrossPack-AVR-20130212/lib/gcc/avr/4.6.2/../../../../avr/lib/avr51/libc.a(eeupd_byte_at90usb1287.o)
                                0x120 (size before relaxing)
 .stab          0x00000870       0x9c /usr/local/CrossPack-AVR-20130212/lib/gcc/avr/4.6.2/../../../../avr/lib/avr51/libc.a(strnlen_P.o)
                                 0xa8 (size before relaxing)
 .stab          0x0000090c       0x9c /usr/local/CrossPack-AVR-20130212/lib/gcc/avr/4.6.2/../../../../avr/lib/avr51/libc.a(strnlen.o)
                                 0xa8 (size before relaxing)
 .stab          0x000009a8      0x480 /usr/local/CrossPack-AVR-20130212/lib/gcc/avr/4.6.2/../../../../avr/lib/avr51/libc.a(ultoa_invert.o)
                                0x48c (size before relaxing)

.stabstr        0x00000000      0x256
 *(.stabstr)
 .stabstr       0x00000000      0x256 /usr/local/CrossPack-AVR-20130212/lib/gcc/avr/4.6.2/../../../../avr/lib/avr51/crtusb1286.o

.stab.excl
 *(.stab.excl)

.stab.exclstr
 *(.stab.exclstr)

.stab.index
 *(.stab.index)

.stab.indexstr
 *(.stab.indexstr)

.comment
 *(.comment)

.debug
 *(.debug)

.line
 *(.line)

.debug_srcinfo
 *(.debug_srcinfo)

.debug_sfnames
 *(.debug_sfnames)

.debug_aranges  0x00000000      0x460
 *(.debug_aranges)
 .debug_aranges
                0x00000000       0x68 KeyboardHostWithParser.o
 .debug_aranges
                0x00000068       0x38 ConfigDescriptor.o
 .debug_aranges
                0x000000a0       0x28 HIDReport.o
 .debug_aranges
                0x000000c8       0x38 ../../../../LUFA/Drivers/USB/Class/Common/HIDParser.o
 .debug_aranges
                0x00000100       0x30 ../../../../LUFA/Drivers/USB/Core/AVR8/Host_AVR8.o
 .debug_aranges
                0x00000130       0x78 ../../../../LUFA/Drivers/USB/Core/AVR8/PipeStream_AVR8.o
 .debug_aranges
                0x000001a8       0x40 ../../../../LUFA/Drivers/USB/Core/AVR8/Pipe_AVR8.o
 .debug_aranges
                0x000001e8       0x30 ../../../../LUFA/Drivers/USB/Core/AVR8/USBController_AVR8.o
 .debug_aranges
                0x00000218       0x30 ../../../../LUFA/Drivers/USB/Core/AVR8/USBInterrupt_AVR8.o
 .debug_aranges
                0x00000248       0x40 ../../../../LUFA/Drivers/USB/Core/ConfigDescriptors.o
 .debug_aranges
                0x00000288       0x20 ../../../../LUFA/Drivers/USB/Core/Events.o
 .debug_aranges
                0x000002a8       0x60 ../../../../LUFA/Drivers/USB/Core/HostStandardReq.o
 .debug_aranges
                0x00000308       0x20 ../../../../LUFA/Drivers/USB/Core/USBTask.o
 .debug_aranges
                0x00000328       0x58 ../../../../LUFA/Drivers/Peripheral/AVR8/Serial_AVR8.o
 .debug_aranges
                0x00000380       0x20 /usr/local/CrossPack-AVR-20130212/lib/gcc/avr/4.6.2/avr51/libgcc.a(_exit.o)
 .debug_aranges
                0x000003a0       0x20 /usr/local/CrossPack-AVR-20130212/lib/gcc/avr/4.6.2/avr51/libgcc.a(_copy_data.o)
 .debug_aranges
                0x000003c0       0x20 /usr/local/CrossPack-AVR-20130212/lib/gcc/avr/4.6.2/avr51/libgcc.a(_clear_bss.o)
 .debug_aranges
                0x000003e0       0x20 /usr/local/CrossPack-AVR-20130212/lib/gcc/avr/4.6.2/../../../../avr/lib/avr51/libc.a(fputc.o)
 .debug_aranges
                0x00000400       0x20 /usr/local/CrossPack-AVR-20130212/lib/gcc/avr/4.6.2/../../../../avr/lib/avr51/libc.a(printf_p.o)
 .debug_aranges
                0x00000420       0x20 /usr/local/CrossPack-AVR-20130212/lib/gcc/avr/4.6.2/../../../../avr/lib/avr51/libc.a(puts_p.o)
 .debug_aranges
                0x00000440       0x20 /usr/local/CrossPack-AVR-20130212/lib/gcc/avr/4.6.2/../../../../avr/lib/avr51/libc.a(vfprintf_std.o)

.debug_pubnames
 *(.debug_pubnames)

.debug_info     0x00000000     0x636b
 *(.debug_info)
 .debug_info    0x00000000      0x9ab KeyboardHostWithParser.o
 .debug_info    0x000009ab      0x545 ConfigDescriptor.o
 .debug_info    0x00000ef0      0x5f5 HIDReport.o
 .debug_info    0x000014e5      0x6fa ../../../../LUFA/Drivers/USB/Class/Common/HIDParser.o
 .debug_info    0x00001bdf       0x5e ../../../../LUFA/Drivers/USB/Core/AVR8/Device_AVR8.o
 .debug_info    0x00001c3d       0x5e ../../../../LUFA/Drivers/USB/Core/AVR8/EndpointStream_AVR8.o
 .debug_info    0x00001c9b       0x5e ../../../../LUFA/Drivers/USB/Core/AVR8/Endpoint_AVR8.o
 .debug_info    0x00001cf9      0xa2c ../../../../LUFA/Drivers/USB/Core/AVR8/Host_AVR8.o
 .debug_info    0x00002725      0xab8 ../../../../LUFA/Drivers/USB/Core/AVR8/PipeStream_AVR8.o
 .debug_info    0x000031dd      0x658 ../../../../LUFA/Drivers/USB/Core/AVR8/Pipe_AVR8.o
 .debug_info    0x00003835      0x3f6 ../../../../LUFA/Drivers/USB/Core/AVR8/USBController_AVR8.o
 .debug_info    0x00003c2b      0x47b ../../../../LUFA/Drivers/USB/Core/AVR8/USBInterrupt_AVR8.o
 .debug_info    0x000040a6      0x631 ../../../../LUFA/Drivers/USB/Core/ConfigDescriptors.o
 .debug_info    0x000046d7       0x5e ../../../../LUFA/Drivers/USB/Core/DeviceStandardReq.o
 .debug_info    0x00004735       0x77 ../../../../LUFA/Drivers/USB/Core/Events.o
 .debug_info    0x000047ac      0x97e ../../../../LUFA/Drivers/USB/Core/HostStandardReq.o
 .debug_info    0x0000512a      0x1f5 ../../../../LUFA/Drivers/USB/Core/USBTask.o
 .debug_info    0x0000531f      0x459 ../../../../LUFA/Drivers/Peripheral/AVR8/Serial_AVR8.o
 .debug_info    0x00005778       0xc1 /usr/local/CrossPack-AVR-20130212/lib/gcc/avr/4.6.2/avr51/libgcc.a(_exit.o)
 .debug_info    0x00005839       0xc1 /usr/local/CrossPack-AVR-20130212/lib/gcc/avr/4.6.2/avr51/libgcc.a(_copy_data.o)
 .debug_info    0x000058fa       0xc1 /usr/local/CrossPack-AVR-20130212/lib/gcc/avr/4.6.2/avr51/libgcc.a(_clear_bss.o)
 .debug_info    0x000059bb      0x16b /usr/local/CrossPack-AVR-20130212/lib/gcc/avr/4.6.2/../../../../avr/lib/avr51/libc.a(fputc.o)
 .debug_info    0x00005b26      0x153 /usr/local/CrossPack-AVR-20130212/lib/gcc/avr/4.6.2/../../../../avr/lib/avr51/libc.a(iob.o)
 .debug_info    0x00005c79      0x1ca /usr/local/CrossPack-AVR-20130212/lib/gcc/avr/4.6.2/../../../../avr/lib/avr51/libc.a(printf_p.o)
 .debug_info    0x00005e43      0x1e2 /usr/local/CrossPack-AVR-20130212/lib/gcc/avr/4.6.2/../../../../avr/lib/avr51/libc.a(puts_p.o)
 .debug_info    0x00006025      0x346 /usr/local/CrossPack-AVR-20130212/lib/gcc/avr/4.6.2/../../../../avr/lib/avr51/libc.a(vfprintf_std.o)
 *(.gnu.linkonce.wi.*)

.debug_abbrev   0x00000000     0x1e59
 *(.debug_abbrev)
 .debug_abbrev  0x00000000      0x2fe KeyboardHostWithParser.o
 .debug_abbrev  0x000002fe      0x18b ConfigDescriptor.o
 .debug_abbrev  0x00000489      0x197 HIDReport.o
 .debug_abbrev  0x00000620      0x1ec ../../../../LUFA/Drivers/USB/Class/Common/HIDParser.o
 .debug_abbrev  0x0000080c       0x2a ../../../../LUFA/Drivers/USB/Core/AVR8/Device_AVR8.o
 .debug_abbrev  0x00000836       0x2a ../../../../LUFA/Drivers/USB/Core/AVR8/EndpointStream_AVR8.o
 .debug_abbrev  0x00000860       0x2a ../../../../LUFA/Drivers/USB/Core/AVR8/Endpoint_AVR8.o
 .debug_abbrev  0x0000088a      0x294 ../../../../LUFA/Drivers/USB/Core/AVR8/Host_AVR8.o
 .debug_abbrev  0x00000b1e      0x164 ../../../../LUFA/Drivers/USB/Core/AVR8/PipeStream_AVR8.o
 .debug_abbrev  0x00000c82      0x244 ../../../../LUFA/Drivers/USB/Core/AVR8/Pipe_AVR8.o
 .debug_abbrev  0x00000ec6      0x13d ../../../../LUFA/Drivers/USB/Core/AVR8/USBController_AVR8.o
 .debug_abbrev  0x00001003      0x12a ../../../../LUFA/Drivers/USB/Core/AVR8/USBInterrupt_AVR8.o
 .debug_abbrev  0x0000112d      0x1ca ../../../../LUFA/Drivers/USB/Core/ConfigDescriptors.o
 .debug_abbrev  0x000012f7       0x2a ../../../../LUFA/Drivers/USB/Core/DeviceStandardReq.o
 .debug_abbrev  0x00001321       0x41 ../../../../LUFA/Drivers/USB/Core/Events.o
 .debug_abbrev  0x00001362      0x282 ../../../../LUFA/Drivers/USB/Core/HostStandardReq.o
 .debug_abbrev  0x000015e4      0x116 ../../../../LUFA/Drivers/USB/Core/USBTask.o
 .debug_abbrev  0x000016fa      0x1e5 ../../../../LUFA/Drivers/Peripheral/AVR8/Serial_AVR8.o
 .debug_abbrev  0x000018df       0x14 /usr/local/CrossPack-AVR-20130212/lib/gcc/avr/4.6.2/avr51/libgcc.a(_exit.o)
 .debug_abbrev  0x000018f3       0x14 /usr/local/CrossPack-AVR-20130212/lib/gcc/avr/4.6.2/avr51/libgcc.a(_copy_data.o)
 .debug_abbrev  0x00001907       0x14 /usr/local/CrossPack-AVR-20130212/lib/gcc/avr/4.6.2/avr51/libgcc.a(_clear_bss.o)
 .debug_abbrev  0x0000191b       0xdb /usr/local/CrossPack-AVR-20130212/lib/gcc/avr/4.6.2/../../../../avr/lib/avr51/libc.a(fputc.o)
 .debug_abbrev  0x000019f6       0xc7 /usr/local/CrossPack-AVR-20130212/lib/gcc/avr/4.6.2/../../../../avr/lib/avr51/libc.a(iob.o)
 .debug_abbrev  0x00001abd      0x11e /usr/local/CrossPack-AVR-20130212/lib/gcc/avr/4.6.2/../../../../avr/lib/avr51/libc.a(printf_p.o)
 .debug_abbrev  0x00001bdb      0x11b /usr/local/CrossPack-AVR-20130212/lib/gcc/avr/4.6.2/../../../../avr/lib/avr51/libc.a(puts_p.o)
 .debug_abbrev  0x00001cf6      0x163 /usr/local/CrossPack-AVR-20130212/lib/gcc/avr/4.6.2/../../../../avr/lib/avr51/libc.a(vfprintf_std.o)

.debug_line     0x00000000     0x2fa2
 *(.debug_line)
 .debug_line    0x00000000      0x49e KeyboardHostWithParser.o
 .debug_line    0x0000049e      0x282 ConfigDescriptor.o
 .debug_line    0x00000720      0x228 HIDReport.o
 .debug_line    0x00000948      0x275 ../../../../LUFA/Drivers/USB/Class/Common/HIDParser.o
 .debug_line    0x00000bbd       0x1a ../../../../LUFA/Drivers/USB/Core/AVR8/Device_AVR8.o
 .debug_line    0x00000bd7       0x1a ../../../../LUFA/Drivers/USB/Core/AVR8/EndpointStream_AVR8.o
 .debug_line    0x00000bf1       0x1a ../../../../LUFA/Drivers/USB/Core/AVR8/Endpoint_AVR8.o
 .debug_line    0x00000c0b      0x56a ../../../../LUFA/Drivers/USB/Core/AVR8/Host_AVR8.o
 .debug_line    0x00001175      0x60a ../../../../LUFA/Drivers/USB/Core/AVR8/PipeStream_AVR8.o
 .debug_line    0x0000177f      0x366 ../../../../LUFA/Drivers/USB/Core/AVR8/Pipe_AVR8.o
 .debug_line    0x00001ae5      0x2ae ../../../../LUFA/Drivers/USB/Core/AVR8/USBController_AVR8.o
 .debug_line    0x00001d93      0x29b ../../../../LUFA/Drivers/USB/Core/AVR8/USBInterrupt_AVR8.o
 .debug_line    0x0000202e      0x23a ../../../../LUFA/Drivers/USB/Core/ConfigDescriptors.o
 .debug_line    0x00002268       0x1a ../../../../LUFA/Drivers/USB/Core/DeviceStandardReq.o
 .debug_line    0x00002282       0x58 ../../../../LUFA/Drivers/USB/Core/Events.o
 .debug_line    0x000022da      0x3f3 ../../../../LUFA/Drivers/USB/Core/HostStandardReq.o
 .debug_line    0x000026cd      0x152 ../../../../LUFA/Drivers/USB/Core/USBTask.o
 .debug_line    0x0000281f      0x216 ../../../../LUFA/Drivers/Peripheral/AVR8/Serial_AVR8.o
 .debug_line    0x00002a35       0x5c /usr/local/CrossPack-AVR-20130212/lib/gcc/avr/4.6.2/avr51/libgcc.a(_exit.o)
 .debug_line    0x00002a91       0x6a /usr/local/CrossPack-AVR-20130212/lib/gcc/avr/4.6.2/avr51/libgcc.a(_copy_data.o)
 .debug_line    0x00002afb       0x62 /usr/local/CrossPack-AVR-20130212/lib/gcc/avr/4.6.2/avr51/libgcc.a(_clear_bss.o)
 .debug_line    0x00002b5d       0x79 /usr/local/CrossPack-AVR-20130212/lib/gcc/avr/4.6.2/../../../../avr/lib/avr51/libc.a(fputc.o)
 .debug_line    0x00002bd6       0x5f /usr/local/CrossPack-AVR-20130212/lib/gcc/avr/4.6.2/../../../../avr/lib/avr51/libc.a(iob.o)
 .debug_line    0x00002c35       0xd5 /usr/local/CrossPack-AVR-20130212/lib/gcc/avr/4.6.2/../../../../avr/lib/avr51/libc.a(printf_p.o)
 .debug_line    0x00002d0a       0x87 /usr/local/CrossPack-AVR-20130212/lib/gcc/avr/4.6.2/../../../../avr/lib/avr51/libc.a(puts_p.o)
 .debug_line    0x00002d91      0x211 /usr/local/CrossPack-AVR-20130212/lib/gcc/avr/4.6.2/../../../../avr/lib/avr51/libc.a(vfprintf_std.o)

.debug_frame    0x00000000      0xbd0
 *(.debug_frame)
 .debug_frame   0x00000000      0x14c KeyboardHostWithParser.o
 .debug_frame   0x0000014c       0x8c ConfigDescriptor.o
 .debug_frame   0x000001d8       0x58 HIDReport.o
 .debug_frame   0x00000230      0x110 ../../../../LUFA/Drivers/USB/Class/Common/HIDParser.o
 .debug_frame   0x00000340       0x5c ../../../../LUFA/Drivers/USB/Core/AVR8/Host_AVR8.o
 .debug_frame   0x0000039c      0x2fc ../../../../LUFA/Drivers/USB/Core/AVR8/PipeStream_AVR8.o
 .debug_frame   0x00000698       0x88 ../../../../LUFA/Drivers/USB/Core/AVR8/Pipe_AVR8.o
 .debug_frame   0x00000720       0x44 ../../../../LUFA/Drivers/USB/Core/AVR8/USBController_AVR8.o
 .debug_frame   0x00000764       0x8c ../../../../LUFA/Drivers/USB/Core/AVR8/USBInterrupt_AVR8.o
 .debug_frame   0x000007f0       0xf8 ../../../../LUFA/Drivers/USB/Core/ConfigDescriptors.o
 .debug_frame   0x000008e8       0x24 ../../../../LUFA/Drivers/USB/Core/Events.o
 .debug_frame   0x0000090c       0xdc ../../../../LUFA/Drivers/USB/Core/HostStandardReq.o
 .debug_frame   0x000009e8       0x2c ../../../../LUFA/Drivers/USB/Core/USBTask.o
 .debug_frame   0x00000a14       0x94 ../../../../LUFA/Drivers/Peripheral/AVR8/Serial_AVR8.o
 .debug_frame   0x00000aa8       0x38 /usr/local/CrossPack-AVR-20130212/lib/gcc/avr/4.6.2/../../../../avr/lib/avr51/libc.a(fputc.o)
 .debug_frame   0x00000ae0       0x34 /usr/local/CrossPack-AVR-20130212/lib/gcc/avr/4.6.2/../../../../avr/lib/avr51/libc.a(printf_p.o)
 .debug_frame   0x00000b14       0x38 /usr/local/CrossPack-AVR-20130212/lib/gcc/avr/4.6.2/../../../../avr/lib/avr51/libc.a(puts_p.o)
 .debug_frame   0x00000b4c       0x84 /usr/local/CrossPack-AVR-20130212/lib/gcc/avr/4.6.2/../../../../avr/lib/avr51/libc.a(vfprintf_std.o)

.debug_str      0x00000000     0x2820
 *(.debug_str)
 .debug_str     0x00000000      0x886 KeyboardHostWithParser.o
                                0x956 (size before relaxing)
 .debug_str     0x00000886      0x5e3 ConfigDescriptor.o
                                0x7f0 (size before relaxing)
 .debug_str     0x00000e69      0x341 HIDReport.o
                                0x7b5 (size before relaxing)
 .debug_str     0x000011aa      0x17c ../../../../LUFA/Drivers/USB/Class/Common/HIDParser.o
                                0x618 (size before relaxing)
 .debug_str     0x00001326       0x35 ../../../../LUFA/Drivers/USB/Core/AVR8/Device_AVR8.o
                                0x125 (size before relaxing)
 .debug_str     0x0000135b       0x3d ../../../../LUFA/Drivers/USB/Core/AVR8/EndpointStream_AVR8.o
                                0x12d (size before relaxing)
 .debug_str     0x00001398       0x37 ../../../../LUFA/Drivers/USB/Core/AVR8/Endpoint_AVR8.o
                                0x127 (size before relaxing)
 .debug_str     0x000013cf      0x4bd ../../../../LUFA/Drivers/USB/Core/AVR8/Host_AVR8.o
                                0xa3d (size before relaxing)
 .debug_str     0x0000188c      0x260 ../../../../LUFA/Drivers/USB/Core/AVR8/PipeStream_AVR8.o
                                0x3af (size before relaxing)
 .debug_str     0x00001aec      0x2bf ../../../../LUFA/Drivers/USB/Core/AVR8/Pipe_AVR8.o
                                0x5ac (size before relaxing)
 .debug_str     0x00001dab      0x16d ../../../../LUFA/Drivers/USB/Core/AVR8/USBController_AVR8.o
                                0x509 (size before relaxing)
 .debug_str     0x00001f18       0xaf ../../../../LUFA/Drivers/USB/Core/AVR8/USBInterrupt_AVR8.o
                                0x4cb (size before relaxing)
 .debug_str     0x00001fc7      0x22e ../../../../LUFA/Drivers/USB/Core/ConfigDescriptors.o
                                0x827 (size before relaxing)
 .debug_str     0x000021f5       0x36 ../../../../LUFA/Drivers/USB/Core/DeviceStandardReq.o
                                0x126 (size before relaxing)
 .debug_str     0x0000222b       0x3a ../../../../LUFA/Drivers/USB/Core/Events.o
                                0x12a (size before relaxing)
 .debug_str     0x00002265      0x2b8 ../../../../LUFA/Drivers/USB/Core/HostStandardReq.o
                                0x92e (size before relaxing)
 .debug_str     0x0000251d       0x4e ../../../../LUFA/Drivers/USB/Core/USBTask.o
                                0x20c (size before relaxing)
 .debug_str     0x0000256b      0x13f ../../../../LUFA/Drivers/Peripheral/AVR8/Serial_AVR8.o
                                0x2a8 (size before relaxing)
 .debug_str     0x000026aa       0x86 /usr/local/CrossPack-AVR-20130212/lib/gcc/avr/4.6.2/../../../../avr/lib/avr51/libc.a(fputc.o)
                                0x124 (size before relaxing)
 .debug_str     0x00002730       0x1a /usr/local/CrossPack-AVR-20130212/lib/gcc/avr/4.6.2/../../../../avr/lib/avr51/libc.a(iob.o)
                                0x11b (size before relaxing)
 .debug_str     0x0000274a       0x49 /usr/local/CrossPack-AVR-20130212/lib/gcc/avr/4.6.2/../../../../avr/lib/avr51/libc.a(printf_p.o)
                                0x152 (size before relaxing)
 .debug_str     0x00002793       0x24 /usr/local/CrossPack-AVR-20130212/lib/gcc/avr/4.6.2/../../../../avr/lib/avr51/libc.a(puts_p.o)
                                0x140 (size before relaxing)
 .debug_str     0x000027b7       0x69 /usr/local/CrossPack-AVR-20130212/lib/gcc/avr/4.6.2/../../../../avr/lib/avr51/libc.a(vfprintf_std.o)
                                0x194 (size before relaxing)

.debug_loc      0x00000000     0x4159
 *(.debug_loc)
 .debug_loc     0x00000000      0x376 KeyboardHostWithParser.o
 .debug_loc     0x00000376      0x2cc ConfigDescriptor.o
 .debug_loc     0x00000642       0xb3 HIDReport.o
 .debug_loc     0x000006f5      0xb47 ../../../../LUFA/Drivers/USB/Class/Common/HIDParser.o
 .debug_loc     0x0000123c      0x36d ../../../../LUFA/Drivers/USB/Core/AVR8/Host_AVR8.o
 .debug_loc     0x000015a9     0x13c5 ../../../../LUFA/Drivers/USB/Core/AVR8/PipeStream_AVR8.o
 .debug_loc     0x0000296e      0x397 ../../../../LUFA/Drivers/USB/Core/AVR8/Pipe_AVR8.o
 .debug_loc     0x00002d05      0x1e3 ../../../../LUFA/Drivers/USB/Core/AVR8/USBInterrupt_AVR8.o
 .debug_loc     0x00002ee8      0x565 ../../../../LUFA/Drivers/USB/Core/ConfigDescriptors.o
 .debug_loc     0x0000344d      0x432 ../../../../LUFA/Drivers/USB/Core/HostStandardReq.o
 .debug_loc     0x0000387f       0x22 ../../../../LUFA/Drivers/USB/Core/USBTask.o
 .debug_loc     0x000038a1      0x130 ../../../../LUFA/Drivers/Peripheral/AVR8/Serial_AVR8.o
 .debug_loc     0x000039d1       0x99 /usr/local/CrossPack-AVR-20130212/lib/gcc/avr/4.6.2/../../../../avr/lib/avr51/libc.a(fputc.o)
 .debug_loc     0x00003a6a       0x3b /usr/local/CrossPack-AVR-20130212/lib/gcc/avr/4.6.2/../../../../avr/lib/avr51/libc.a(printf_p.o)
 .debug_loc     0x00003aa5       0xcb /usr/local/CrossPack-AVR-20130212/lib/gcc/avr/4.6.2/../../../../avr/lib/avr51/libc.a(puts_p.o)
 .debug_loc     0x00003b70      0x5e9 /usr/local/CrossPack-AVR-20130212/lib/gcc/avr/4.6.2/../../../../avr/lib/avr51/libc.a(vfprintf_std.o)

.debug_macinfo
 *(.debug_macinfo)
OUTPUT(KeyboardHostWithParser.elf elf32-avr)
LOAD linker stubs

.debug_ranges   0x00000000      0x470
 .debug_ranges  0x00000000       0x70 KeyboardHostWithParser.o
 .debug_ranges  0x00000070       0x58 ConfigDescriptor.o
 .debug_ranges  0x000000c8       0x18 HIDReport.o
 .debug_ranges  0x000000e0       0xc8 ../../../../LUFA/Drivers/USB/Class/Common/HIDParser.o
 .debug_ranges  0x000001a8       0x20 ../../../../LUFA/Drivers/USB/Core/AVR8/Host_AVR8.o
 .debug_ranges  0x000001c8       0x68 ../../../../LUFA/Drivers/USB/Core/AVR8/PipeStream_AVR8.o
 .debug_ranges  0x00000230       0xa8 ../../../../LUFA/Drivers/USB/Core/AVR8/Pipe_AVR8.o
 .debug_ranges  0x000002d8       0x20 ../../../../LUFA/Drivers/USB/Core/AVR8/USBController_AVR8.o
 .debug_ranges  0x000002f8       0x20 ../../../../LUFA/Drivers/USB/Core/AVR8/USBInterrupt_AVR8.o
 .debug_ranges  0x00000318       0x30 ../../../../LUFA/Drivers/USB/Core/ConfigDescriptors.o
 .debug_ranges  0x00000348       0x10 ../../../../LUFA/Drivers/USB/Core/Events.o
 .debug_ranges  0x00000358       0x68 ../../../../LUFA/Drivers/USB/Core/HostStandardReq.o
 .debug_ranges  0x000003c0       0x10 ../../../../LUFA/Drivers/USB/Core/USBTask.o
 .debug_ranges  0x000003d0       0x60 ../../../../LUFA/Drivers/Peripheral/AVR8/Serial_AVR8.o
 .debug_ranges  0x00000430       0x10 /usr/local/CrossPack-AVR-20130212/lib/gcc/avr/4.6.2/../../../../avr/lib/avr51/libc.a(fputc.o)
 .debug_ranges  0x00000440       0x10 /usr/local/CrossPack-AVR-20130212/lib/gcc/avr/4.6.2/../../../../avr/lib/avr51/libc.a(printf_p.o)
 .debug_ranges  0x00000450       0x10 /usr/local/CrossPack-AVR-20130212/lib/gcc/avr/4.6.2/../../../../avr/lib/avr51/libc.a(puts_p.o)
 .debug_ranges  0x00000460       0x10 /usr/local/CrossPack-AVR-20130212/lib/gcc/avr/4.6.2/../../../../avr/lib/avr51/libc.a(vfprintf_std.o)

Cross Reference Table

Symbol                                            File
CALLBACK_HIDParser_FilterHIDReportItem            HIDReport.o
                                                  ../../../../LUFA/Drivers/USB/Class/Common/HIDParser.o
DComp_NextHID                                     ConfigDescriptor.o
DComp_NextKeyboardInterface                       ConfigDescriptor.o
DComp_NextKeyboardInterfaceDataEndpoint           ConfigDescriptor.o
EVENT_USB_Host_DeviceAttached                     KeyboardHostWithParser.o
                                                  ../../../../LUFA/Drivers/USB/Core/AVR8/USBInterrupt_AVR8.o
EVENT_USB_Host_DeviceEnumerationComplete          KeyboardHostWithParser.o
                                                  ../../../../LUFA/Drivers/USB/Core/AVR8/Host_AVR8.o
EVENT_USB_Host_DeviceEnumerationFailed            KeyboardHostWithParser.o
                                                  ../../../../LUFA/Drivers/USB/Core/AVR8/USBInterrupt_AVR8.o
                                                  ../../../../LUFA/Drivers/USB/Core/AVR8/Host_AVR8.o
EVENT_USB_Host_DeviceUnattached                   KeyboardHostWithParser.o
                                                  ../../../../LUFA/Drivers/USB/Core/AVR8/USBInterrupt_AVR8.o
                                                  ../../../../LUFA/Drivers/USB/Core/AVR8/Host_AVR8.o
EVENT_USB_Host_HostError                          KeyboardHostWithParser.o
                                                  ../../../../LUFA/Drivers/USB/Core/AVR8/USBInterrupt_AVR8.o
EVENT_USB_Host_StartOfFrame                       ../../../../LUFA/Drivers/USB/Core/Events.o
                                                  ../../../../LUFA/Drivers/USB/Core/AVR8/USBInterrupt_AVR8.o
GetHIDReportData                                  HIDReport.o
                                                  KeyboardHostWithParser.o
HIDReportInfo                                     HIDReport.o
                                                  KeyboardHostWithParser.o
HIDReportSize                                     HIDReport.o
                                                  ConfigDescriptor.o
                                                  KeyboardHostWithParser.o
KeyboardHost_Task                                 KeyboardHostWithParser.o
Pipe_ClearPipes                                   ../../../../LUFA/Drivers/USB/Core/AVR8/Pipe_AVR8.o
                                                  ../../../../LUFA/Drivers/USB/Core/AVR8/Host_AVR8.o
Pipe_ConfigurePipe                                ../../../../LUFA/Drivers/USB/Core/AVR8/Pipe_AVR8.o
                                                  ../../../../LUFA/Drivers/USB/Core/AVR8/Host_AVR8.o
                                                  ConfigDescriptor.o
Pipe_ConfigurePipeTable                           ../../../../LUFA/Drivers/USB/Core/AVR8/Pipe_AVR8.o
Pipe_Discard_Stream                               ../../../../LUFA/Drivers/USB/Core/AVR8/PipeStream_AVR8.o
Pipe_IsEndpointBound                              ../../../../LUFA/Drivers/USB/Core/AVR8/Pipe_AVR8.o
Pipe_Null_Stream                                  ../../../../LUFA/Drivers/USB/Core/AVR8/PipeStream_AVR8.o
Pipe_Read_EStream_BE                              ../../../../LUFA/Drivers/USB/Core/AVR8/PipeStream_AVR8.o
Pipe_Read_EStream_LE                              ../../../../LUFA/Drivers/USB/Core/AVR8/PipeStream_AVR8.o
Pipe_Read_Stream_BE                               ../../../../LUFA/Drivers/USB/Core/AVR8/PipeStream_AVR8.o
Pipe_Read_Stream_LE                               ../../../../LUFA/Drivers/USB/Core/AVR8/PipeStream_AVR8.o
                                                  KeyboardHostWithParser.o
Pipe_WaitUntilReady                               ../../../../LUFA/Drivers/USB/Core/AVR8/Pipe_AVR8.o
                                                  ../../../../LUFA/Drivers/USB/Core/AVR8/PipeStream_AVR8.o
Pipe_Write_EStream_BE                             ../../../../LUFA/Drivers/USB/Core/AVR8/PipeStream_AVR8.o
Pipe_Write_EStream_LE                             ../../../../LUFA/Drivers/USB/Core/AVR8/PipeStream_AVR8.o
Pipe_Write_PStream_BE                             ../../../../LUFA/Drivers/USB/Core/AVR8/PipeStream_AVR8.o
Pipe_Write_PStream_LE                             ../../../../LUFA/Drivers/USB/Core/AVR8/PipeStream_AVR8.o
Pipe_Write_Stream_BE                              ../../../../LUFA/Drivers/USB/Core/AVR8/PipeStream_AVR8.o
Pipe_Write_Stream_LE                              ../../../../LUFA/Drivers/USB/Core/AVR8/PipeStream_AVR8.o
ProcessConfigurationDescriptor                    ConfigDescriptor.o
                                                  KeyboardHostWithParser.o
ProcessKeyboardReport                             KeyboardHostWithParser.o
Serial_CreateBlockingStream                       ../../../../LUFA/Drivers/Peripheral/AVR8/Serial_AVR8.o
Serial_CreateStream                               ../../../../LUFA/Drivers/Peripheral/AVR8/Serial_AVR8.o
                                                  KeyboardHostWithParser.o
Serial_SendData                                   ../../../../LUFA/Drivers/Peripheral/AVR8/Serial_AVR8.o
Serial_SendString                                 ../../../../LUFA/Drivers/Peripheral/AVR8/Serial_AVR8.o
Serial_SendString_P                               ../../../../LUFA/Drivers/Peripheral/AVR8/Serial_AVR8.o
Serial_getchar                                    ../../../../LUFA/Drivers/Peripheral/AVR8/Serial_AVR8.o
Serial_getchar_Blocking                           ../../../../LUFA/Drivers/Peripheral/AVR8/Serial_AVR8.o
Serial_putchar                                    ../../../../LUFA/Drivers/Peripheral/AVR8/Serial_AVR8.o
SetupHardware                                     KeyboardHostWithParser.o
USARTSerialStream                                 ../../../../LUFA/Drivers/Peripheral/AVR8/Serial_AVR8.o
USB_ControlRequest                                ../../../../LUFA/Drivers/USB/Core/USBTask.o
                                                  ../../../../LUFA/Drivers/USB/Core/HostStandardReq.o
                                                  ../../../../LUFA/Drivers/USB/Core/ConfigDescriptors.o
                                                  ../../../../LUFA/Drivers/USB/Core/AVR8/Host_AVR8.o
                                                  HIDReport.o
USB_Disable                                       ../../../../LUFA/Drivers/USB/Core/AVR8/USBController_AVR8.o
                                                  KeyboardHostWithParser.o
USB_Event_Stub                                    ../../../../LUFA/Drivers/USB/Core/Events.o
USB_GetHIDReportItemInfo                          ../../../../LUFA/Drivers/USB/Class/Common/HIDParser.o
                                                  KeyboardHostWithParser.o
USB_GetHIDReportSize                              ../../../../LUFA/Drivers/USB/Class/Common/HIDParser.o
USB_GetNextDescriptorComp                         ../../../../LUFA/Drivers/USB/Core/ConfigDescriptors.o
                                                  ConfigDescriptor.o
USB_GetNextDescriptorOfType                       ../../../../LUFA/Drivers/USB/Core/ConfigDescriptors.o
USB_GetNextDescriptorOfTypeAfter                  ../../../../LUFA/Drivers/USB/Core/ConfigDescriptors.o
USB_GetNextDescriptorOfTypeBefore                 ../../../../LUFA/Drivers/USB/Core/ConfigDescriptors.o
USB_HostState                                     ../../../../LUFA/Drivers/USB/Core/USBTask.o
                                                  ../../../../LUFA/Drivers/USB/Core/HostStandardReq.o
                                                  ../../../../LUFA/Drivers/USB/Core/AVR8/USBInterrupt_AVR8.o
                                                  ../../../../LUFA/Drivers/USB/Core/AVR8/USBController_AVR8.o
                                                  ../../../../LUFA/Drivers/USB/Core/AVR8/Pipe_AVR8.o
                                                  ../../../../LUFA/Drivers/USB/Core/AVR8/Host_AVR8.o
                                                  KeyboardHostWithParser.o
USB_Host_ClearEndpointStall                       ../../../../LUFA/Drivers/USB/Core/HostStandardReq.o
USB_Host_ConfigurationNumber                      ../../../../LUFA/Drivers/USB/Core/HostStandardReq.o
                                                  ../../../../LUFA/Drivers/USB/Core/AVR8/USBController_AVR8.o
                                                  ../../../../LUFA/Drivers/USB/Core/AVR8/Host_AVR8.o
USB_Host_ControlPipeSize                          ../../../../LUFA/Drivers/USB/Core/AVR8/Pipe_AVR8.o
                                                  ../../../../LUFA/Drivers/USB/Core/HostStandardReq.o
                                                  ../../../../LUFA/Drivers/USB/Core/AVR8/USBController_AVR8.o
                                                  ../../../../LUFA/Drivers/USB/Core/AVR8/Host_AVR8.o
USB_Host_GetDescriptor                            ../../../../LUFA/Drivers/USB/Core/HostStandardReq.o
USB_Host_GetDeviceConfigDescriptor                ../../../../LUFA/Drivers/USB/Core/ConfigDescriptors.o
                                                  ConfigDescriptor.o
USB_Host_GetDeviceConfiguration                   ../../../../LUFA/Drivers/USB/Core/HostStandardReq.o
USB_Host_GetDeviceStatus                          ../../../../LUFA/Drivers/USB/Core/HostStandardReq.o
USB_Host_GetInterfaceAltSetting                   ../../../../LUFA/Drivers/USB/Core/HostStandardReq.o
USB_Host_ProcessNextHostState                     ../../../../LUFA/Drivers/USB/Core/AVR8/Host_AVR8.o
                                                  ../../../../LUFA/Drivers/USB/Core/USBTask.o
USB_Host_SendControlRequest                       ../../../../LUFA/Drivers/USB/Core/HostStandardReq.o
                                                  ../../../../LUFA/Drivers/USB/Core/ConfigDescriptors.o
                                                  ../../../../LUFA/Drivers/USB/Core/AVR8/Host_AVR8.o
                                                  HIDReport.o
USB_Host_SetDeviceConfiguration                   ../../../../LUFA/Drivers/USB/Core/HostStandardReq.o
                                                  KeyboardHostWithParser.o
USB_Host_SetInterfaceAltSetting                   ../../../../LUFA/Drivers/USB/Core/HostStandardReq.o
USB_Host_WaitMS                                   ../../../../LUFA/Drivers/USB/Core/AVR8/Host_AVR8.o
                                                  ../../../../LUFA/Drivers/USB/Core/HostStandardReq.o
USB_INT_ClearAllInterrupts                        ../../../../LUFA/Drivers/USB/Core/AVR8/USBInterrupt_AVR8.o
                                                  ../../../../LUFA/Drivers/USB/Core/AVR8/USBController_AVR8.o
USB_INT_DisableAllInterrupts                      ../../../../LUFA/Drivers/USB/Core/AVR8/USBInterrupt_AVR8.o
                                                  ../../../../LUFA/Drivers/USB/Core/AVR8/USBController_AVR8.o
USB_Init                                          ../../../../LUFA/Drivers/USB/Core/AVR8/USBController_AVR8.o
                                                  KeyboardHostWithParser.o
USB_IsInitialized                                 ../../../../LUFA/Drivers/USB/Core/USBTask.o
                                                  ../../../../LUFA/Drivers/USB/Core/AVR8/USBController_AVR8.o
USB_ProcessHIDReport                              ../../../../LUFA/Drivers/USB/Class/Common/HIDParser.o
                                                  HIDReport.o
USB_ResetInterface                                ../../../../LUFA/Drivers/USB/Core/AVR8/USBController_AVR8.o
                                                  ../../../../LUFA/Drivers/USB/Core/AVR8/USBInterrupt_AVR8.o
                                                  ../../../../LUFA/Drivers/USB/Core/AVR8/Host_AVR8.o
USB_SetHIDReportItemInfo                          ../../../../LUFA/Drivers/USB/Class/Common/HIDParser.o
USB_USBTask                                       ../../../../LUFA/Drivers/USB/Core/USBTask.o
                                                  ../../../../LUFA/Drivers/USB/Core/AVR8/PipeStream_AVR8.o
                                                  KeyboardHostWithParser.o
__bad_interrupt                                   /usr/local/CrossPack-AVR-20130212/lib/gcc/avr/4.6.2/../../../../avr/lib/avr51/crtusb1286.o
__bss_end                                         /usr/local/CrossPack-AVR-20130212/lib/gcc/avr/4.6.2/avr51/libgcc.a(_clear_bss.o)
__bss_start                                       /usr/local/CrossPack-AVR-20130212/lib/gcc/avr/4.6.2/avr51/libgcc.a(_clear_bss.o)
__data_end                                        /usr/local/CrossPack-AVR-20130212/lib/gcc/avr/4.6.2/avr51/libgcc.a(_copy_data.o)
__data_load_start                                 /usr/local/CrossPack-AVR-20130212/lib/gcc/avr/4.6.2/avr51/libgcc.a(_copy_data.o)
__data_start                                      /usr/local/CrossPack-AVR-20130212/lib/gcc/avr/4.6.2/avr51/libgcc.a(_copy_data.o)
__do_clear_bss                                    /usr/local/CrossPack-AVR-20130212/lib/gcc/avr/4.6.2/avr51/libgcc.a(_clear_bss.o)
                                                  /usr/local/CrossPack-AVR-20130212/lib/gcc/avr/4.6.2/../../../../avr/lib/avr51/libc.a(vfprintf_std.o)
                                                  /usr/local/CrossPack-AVR-20130212/lib/gcc/avr/4.6.2/../../../../avr/lib/avr51/libc.a(puts_p.o)
                                                  /usr/local/CrossPack-AVR-20130212/lib/gcc/avr/4.6.2/../../../../avr/lib/avr51/libc.a(printf_p.o)
                                                  /usr/local/CrossPack-AVR-20130212/lib/gcc/avr/4.6.2/../../../../avr/lib/avr51/libc.a(iob.o)
                                                  /usr/local/CrossPack-AVR-20130212/lib/gcc/avr/4.6.2/../../../../avr/lib/avr51/libc.a(fputc.o)
                                                  ../../../../LUFA/Drivers/Peripheral/AVR8/Serial_AVR8.o
                                                  ../../../../LUFA/Drivers/USB/Core/USBTask.o
                                                  ../../../../LUFA/Drivers/USB/Core/HostStandardReq.o
                                                  ../../../../LUFA/Drivers/USB/Core/Events.o
                                                  ../../../../LUFA/Drivers/USB/Core/DeviceStandardReq.o
                                                  ../../../../LUFA/Drivers/USB/Core/ConfigDescriptors.o
                                                  ../../../../LUFA/Drivers/USB/Core/AVR8/USBInterrupt_AVR8.o
                                                  ../../../../LUFA/Drivers/USB/Core/AVR8/USBController_AVR8.o
                                                  ../../../../LUFA/Drivers/USB/Core/AVR8/Pipe_AVR8.o
                                                  ../../../../LUFA/Drivers/USB/Core/AVR8/PipeStream_AVR8.o
                                                  ../../../../LUFA/Drivers/USB/Core/AVR8/Host_AVR8.o
                                                  ../../../../LUFA/Drivers/USB/Core/AVR8/Endpoint_AVR8.o
                                                  ../../../../LUFA/Drivers/USB/Core/AVR8/EndpointStream_AVR8.o
                                                  ../../../../LUFA/Drivers/USB/Core/AVR8/Device_AVR8.o
                                                  ../../../../LUFA/Drivers/USB/Class/Common/HIDParser.o
                                                  HIDReport.o
                                                  ConfigDescriptor.o
                                                  KeyboardHostWithParser.o
__do_copy_data                                    /usr/local/CrossPack-AVR-20130212/lib/gcc/avr/4.6.2/avr51/libgcc.a(_copy_data.o)
                                                  /usr/local/CrossPack-AVR-20130212/lib/gcc/avr/4.6.2/../../../../avr/lib/avr51/libc.a(vfprintf_std.o)
                                                  /usr/local/CrossPack-AVR-20130212/lib/gcc/avr/4.6.2/../../../../avr/lib/avr51/libc.a(puts_p.o)
                                                  /usr/local/CrossPack-AVR-20130212/lib/gcc/avr/4.6.2/../../../../avr/lib/avr51/libc.a(printf_p.o)
                                                  /usr/local/CrossPack-AVR-20130212/lib/gcc/avr/4.6.2/../../../../avr/lib/avr51/libc.a(iob.o)
                                                  /usr/local/CrossPack-AVR-20130212/lib/gcc/avr/4.6.2/../../../../avr/lib/avr51/libc.a(fputc.o)
                                                  ../../../../LUFA/Drivers/Peripheral/AVR8/Serial_AVR8.o
                                                  ../../../../LUFA/Drivers/USB/Core/USBTask.o
                                                  ../../../../LUFA/Drivers/USB/Core/HostStandardReq.o
                                                  ../../../../LUFA/Drivers/USB/Core/Events.o
                                                  ../../../../LUFA/Drivers/USB/Core/DeviceStandardReq.o
                                                  ../../../../LUFA/Drivers/USB/Core/ConfigDescriptors.o
                                                  ../../../../LUFA/Drivers/USB/Core/AVR8/USBInterrupt_AVR8.o
                                                  ../../../../LUFA/Drivers/USB/Core/AVR8/USBController_AVR8.o
                                                  ../../../../LUFA/Drivers/USB/Core/AVR8/Pipe_AVR8.o
                                                  ../../../../LUFA/Drivers/USB/Core/AVR8/PipeStream_AVR8.o
                                                  ../../../../LUFA/Drivers/USB/Core/AVR8/Host_AVR8.o
                                                  ../../../../LUFA/Drivers/USB/Core/AVR8/Endpoint_AVR8.o
                                                  ../../../../LUFA/Drivers/USB/Core/AVR8/EndpointStream_AVR8.o
                                                  ../../../../LUFA/Drivers/USB/Core/AVR8/Device_AVR8.o
                                                  ../../../../LUFA/Drivers/USB/Class/Common/HIDParser.o
                                                  HIDReport.o
                                                  ConfigDescriptor.o
                                                  KeyboardHostWithParser.o
__eerd_byte_usb1287                               /usr/local/CrossPack-AVR-20130212/lib/gcc/avr/4.6.2/../../../../avr/lib/avr51/libc.a(eerd_byte_at90usb1287.o)
                                                  ../../../../LUFA/Drivers/USB/Core/AVR8/PipeStream_AVR8.o
__eeupd_byte_usb1287                              /usr/local/CrossPack-AVR-20130212/lib/gcc/avr/4.6.2/../../../../avr/lib/avr51/libc.a(eeupd_byte_at90usb1287.o)
                                                  ../../../../LUFA/Drivers/USB/Core/AVR8/PipeStream_AVR8.o
__eeupd_r18_usb1287                               /usr/local/CrossPack-AVR-20130212/lib/gcc/avr/4.6.2/../../../../avr/lib/avr51/libc.a(eeupd_byte_at90usb1287.o)
__heap_end                                        /usr/local/CrossPack-AVR-20130212/lib/gcc/avr/4.6.2/../../../../avr/lib/avr51/crtusb1286.o
__init                                            /usr/local/CrossPack-AVR-20130212/lib/gcc/avr/4.6.2/../../../../avr/lib/avr51/crtusb1286.o
__iob                                             /usr/local/CrossPack-AVR-20130212/lib/gcc/avr/4.6.2/../../../../avr/lib/avr51/libc.a(puts_p.o)
                                                  /usr/local/CrossPack-AVR-20130212/lib/gcc/avr/4.6.2/../../../../avr/lib/avr51/libc.a(printf_p.o)
                                                  /usr/local/CrossPack-AVR-20130212/lib/gcc/avr/4.6.2/../../../../avr/lib/avr51/libc.a(iob.o)
                                                  ../../../../LUFA/Drivers/Peripheral/AVR8/Serial_AVR8.o
                                                  KeyboardHostWithParser.o
__stack                                           /usr/local/CrossPack-AVR-20130212/lib/gcc/avr/4.6.2/../../../../avr/lib/avr51/crtusb1286.o
__ultoa_invert                                    /usr/local/CrossPack-AVR-20130212/lib/gcc/avr/4.6.2/../../../../avr/lib/avr51/libc.a(ultoa_invert.o)
                                                  /usr/local/CrossPack-AVR-20130212/lib/gcc/avr/4.6.2/../../../../avr/lib/avr51/libc.a(vfprintf_std.o)
__vector_1                                        /usr/local/CrossPack-AVR-20130212/lib/gcc/avr/4.6.2/../../../../avr/lib/avr51/crtusb1286.o
__vector_10                                       ../../../../LUFA/Drivers/USB/Core/AVR8/USBInterrupt_AVR8.o
                                                  /usr/local/CrossPack-AVR-20130212/lib/gcc/avr/4.6.2/../../../../avr/lib/avr51/crtusb1286.o
__vector_11                                       /usr/local/CrossPack-AVR-20130212/lib/gcc/avr/4.6.2/../../../../avr/lib/avr51/crtusb1286.o
__vector_12                                       /usr/local/CrossPack-AVR-20130212/lib/gcc/avr/4.6.2/../../../../avr/lib/avr51/crtusb1286.o
__vector_13                                       /usr/local/CrossPack-AVR-20130212/lib/gcc/avr/4.6.2/../../../../avr/lib/avr51/crtusb1286.o
__vector_14                                       /usr/local/CrossPack-AVR-20130212/lib/gcc/avr/4.6.2/../../../../avr/lib/avr51/crtusb1286.o
__vector_15                                       /usr/local/CrossPack-AVR-20130212/lib/gcc/avr/4.6.2/../../../../avr/lib/avr51/crtusb1286.o
__vector_16                                       /usr/local/CrossPack-AVR-20130212/lib/gcc/avr/4.6.2/../../../../avr/lib/avr51/crtusb1286.o
__vector_17                                       /usr/local/CrossPack-AVR-20130212/lib/gcc/avr/4.6.2/../../../../avr/lib/avr51/crtusb1286.o
__vector_18                                       /usr/local/CrossPack-AVR-20130212/lib/gcc/avr/4.6.2/../../../../avr/lib/avr51/crtusb1286.o
__vector_19                                       /usr/local/CrossPack-AVR-20130212/lib/gcc/avr/4.6.2/../../../../avr/lib/avr51/crtusb1286.o
__vector_2                                        /usr/local/CrossPack-AVR-20130212/lib/gcc/avr/4.6.2/../../../../avr/lib/avr51/crtusb1286.o
__vector_20                                       /usr/local/CrossPack-AVR-20130212/lib/gcc/avr/4.6.2/../../../../avr/lib/avr51/crtusb1286.o
__vector_21                                       /usr/local/CrossPack-AVR-20130212/lib/gcc/avr/4.6.2/../../../../avr/lib/avr51/crtusb1286.o
__vector_22                                       /usr/local/CrossPack-AVR-20130212/lib/gcc/avr/4.6.2/../../../../avr/lib/avr51/crtusb1286.o
__vector_23                                       /usr/local/CrossPack-AVR-20130212/lib/gcc/avr/4.6.2/../../../../avr/lib/avr51/crtusb1286.o
__vector_24                                       /usr/local/CrossPack-AVR-20130212/lib/gcc/avr/4.6.2/../../../../avr/lib/avr51/crtusb1286.o
__vector_25                                       /usr/local/CrossPack-AVR-20130212/lib/gcc/avr/4.6.2/../../../../avr/lib/avr51/crtusb1286.o
__vector_26                                       /usr/local/CrossPack-AVR-20130212/lib/gcc/avr/4.6.2/../../../../avr/lib/avr51/crtusb1286.o
__vector_27                                       /usr/local/CrossPack-AVR-20130212/lib/gcc/avr/4.6.2/../../../../avr/lib/avr51/crtusb1286.o
__vector_28                                       /usr/local/CrossPack-AVR-20130212/lib/gcc/avr/4.6.2/../../../../avr/lib/avr51/crtusb1286.o
__vector_29                                       /usr/local/CrossPack-AVR-20130212/lib/gcc/avr/4.6.2/../../../../avr/lib/avr51/crtusb1286.o
__vector_3                                        /usr/local/CrossPack-AVR-20130212/lib/gcc/avr/4.6.2/../../../../avr/lib/avr51/crtusb1286.o
__vector_30                                       /usr/local/CrossPack-AVR-20130212/lib/gcc/avr/4.6.2/../../../../avr/lib/avr51/crtusb1286.o
__vector_31                                       /usr/local/CrossPack-AVR-20130212/lib/gcc/avr/4.6.2/../../../../avr/lib/avr51/crtusb1286.o
__vector_32                                       /usr/local/CrossPack-AVR-20130212/lib/gcc/avr/4.6.2/../../../../avr/lib/avr51/crtusb1286.o
__vector_33                                       /usr/local/CrossPack-AVR-20130212/lib/gcc/avr/4.6.2/../../../../avr/lib/avr51/crtusb1286.o
__vector_34                                       /usr/local/CrossPack-AVR-20130212/lib/gcc/avr/4.6.2/../../../../avr/lib/avr51/crtusb1286.o
__vector_35                                       /usr/local/CrossPack-AVR-20130212/lib/gcc/avr/4.6.2/../../../../avr/lib/avr51/crtusb1286.o
__vector_36                                       /usr/local/CrossPack-AVR-20130212/lib/gcc/avr/4.6.2/../../../../avr/lib/avr51/crtusb1286.o
__vector_37                                       /usr/local/CrossPack-AVR-20130212/lib/gcc/avr/4.6.2/../../../../avr/lib/avr51/crtusb1286.o
__vector_4                                        /usr/local/CrossPack-AVR-20130212/lib/gcc/avr/4.6.2/../../../../avr/lib/avr51/crtusb1286.o
__vector_5                                        /usr/local/CrossPack-AVR-20130212/lib/gcc/avr/4.6.2/../../../../avr/lib/avr51/crtusb1286.o
__vector_6                                        /usr/local/CrossPack-AVR-20130212/lib/gcc/avr/4.6.2/../../../../avr/lib/avr51/crtusb1286.o
__vector_7                                        /usr/local/CrossPack-AVR-20130212/lib/gcc/avr/4.6.2/../../../../avr/lib/avr51/crtusb1286.o
__vector_8                                        /usr/local/CrossPack-AVR-20130212/lib/gcc/avr/4.6.2/../../../../avr/lib/avr51/crtusb1286.o
__vector_9                                        /usr/local/CrossPack-AVR-20130212/lib/gcc/avr/4.6.2/../../../../avr/lib/avr51/crtusb1286.o
__vector_default                                  /usr/local/CrossPack-AVR-20130212/lib/gcc/avr/4.6.2/../../../../avr/lib/avr51/crtusb1286.o
__vectors                                         /usr/local/CrossPack-AVR-20130212/lib/gcc/avr/4.6.2/../../../../avr/lib/avr51/crtusb1286.o
_exit                                             /usr/local/CrossPack-AVR-20130212/lib/gcc/avr/4.6.2/avr51/libgcc.a(_exit.o)
exit                                              /usr/local/CrossPack-AVR-20130212/lib/gcc/avr/4.6.2/avr51/libgcc.a(_exit.o)
                                                  /usr/local/CrossPack-AVR-20130212/lib/gcc/avr/4.6.2/../../../../avr/lib/avr51/crtusb1286.o
fputc                                             /usr/local/CrossPack-AVR-20130212/lib/gcc/avr/4.6.2/../../../../avr/lib/avr51/libc.a(fputc.o)
                                                  /usr/local/CrossPack-AVR-20130212/lib/gcc/avr/4.6.2/../../../../avr/lib/avr51/libc.a(vfprintf_std.o)
                                                  KeyboardHostWithParser.o
main                                              KeyboardHostWithParser.o
                                                  /usr/local/CrossPack-AVR-20130212/lib/gcc/avr/4.6.2/../../../../avr/lib/avr51/crtusb1286.o
printf_P                                          /usr/local/CrossPack-AVR-20130212/lib/gcc/avr/4.6.2/../../../../avr/lib/avr51/libc.a(printf_p.o)
                                                  KeyboardHostWithParser.o
puts_P                                            /usr/local/CrossPack-AVR-20130212/lib/gcc/avr/4.6.2/../../../../avr/lib/avr51/libc.a(puts_p.o)
                                                  KeyboardHostWithParser.o
strnlen                                           /usr/local/CrossPack-AVR-20130212/lib/gcc/avr/4.6.2/../../../../avr/lib/avr51/libc.a(strnlen.o)
                                                  /usr/local/CrossPack-AVR-20130212/lib/gcc/avr/4.6.2/../../../../avr/lib/avr51/libc.a(vfprintf_std.o)
strnlen_P                                         /usr/local/CrossPack-AVR-20130212/lib/gcc/avr/4.6.2/../../../../avr/lib/avr51/libc.a(strnlen_P.o)
                                                  /usr/local/CrossPack-AVR-20130212/lib/gcc/avr/4.6.2/../../../../avr/lib/avr51/libc.a(vfprintf_std.o)
vfprintf                                          /usr/local/CrossPack-AVR-20130212/lib/gcc/avr/4.6.2/../../../../avr/lib/avr51/libc.a(vfprintf_std.o)
                                                  /usr/local/CrossPack-AVR-20130212/lib/gcc/avr/4.6.2/../../../../avr/lib/avr51/libc.a(printf_p.o)
