Archive member included because of file (symbol)

/usr/local/CrossPack-AVR-20100115/lib/gcc/avr/4.3.3/avr51/libgcc.a(_exit.o)
                              /usr/local/CrossPack-AVR-20100115/lib/gcc/avr/4.3.3/../../../../avr/lib/avr51/crtusb1287.o (exit)
/usr/local/CrossPack-AVR-20100115/lib/gcc/avr/4.3.3/avr51/libgcc.a(_clear_bss.o)
                              ../../../../LUFA/Drivers/USB/LowLevel/Host.o (__do_clear_bss)
/usr/local/CrossPack-AVR-20100115/lib/gcc/avr/4.3.3/../../../../avr/lib/avr51/libc.a(iob.o)
                              GenericHIDHost.o (__iob)
/usr/local/CrossPack-AVR-20100115/lib/gcc/avr/4.3.3/../../../../avr/lib/avr51/libc.a(printf_p.o)
                              GenericHIDHost.o (printf_P)
/usr/local/CrossPack-AVR-20100115/lib/gcc/avr/4.3.3/../../../../avr/lib/avr51/libc.a(puts_p.o)
                              GenericHIDHost.o (puts_P)
/usr/local/CrossPack-AVR-20100115/lib/gcc/avr/4.3.3/../../../../avr/lib/avr51/libc.a(vfprintf_std.o)
                              /usr/local/CrossPack-AVR-20100115/lib/gcc/avr/4.3.3/../../../../avr/lib/avr51/libc.a(printf_p.o) (vfprintf)
/usr/local/CrossPack-AVR-20100115/lib/gcc/avr/4.3.3/../../../../avr/lib/avr51/libc.a(eerd_byte_at90usb1287.o)
                              ../../../../LUFA/Drivers/USB/HighLevel/PipeStream.o (__eerd_byte_usb1287)
/usr/local/CrossPack-AVR-20100115/lib/gcc/avr/4.3.3/../../../../avr/lib/avr51/libc.a(eeupd_byte_at90usb1287.o)
                              ../../../../LUFA/Drivers/USB/HighLevel/PipeStream.o (__eeupd_byte_usb1287)
/usr/local/CrossPack-AVR-20100115/lib/gcc/avr/4.3.3/../../../../avr/lib/avr51/libc.a(strnlen_P.o)
                              /usr/local/CrossPack-AVR-20100115/lib/gcc/avr/4.3.3/../../../../avr/lib/avr51/libc.a(vfprintf_std.o) (strnlen_P)
/usr/local/CrossPack-AVR-20100115/lib/gcc/avr/4.3.3/../../../../avr/lib/avr51/libc.a(strnlen.o)
                              /usr/local/CrossPack-AVR-20100115/lib/gcc/avr/4.3.3/../../../../avr/lib/avr51/libc.a(vfprintf_std.o) (strnlen)
/usr/local/CrossPack-AVR-20100115/lib/gcc/avr/4.3.3/../../../../avr/lib/avr51/libc.a(fputc.o)
                              /usr/local/CrossPack-AVR-20100115/lib/gcc/avr/4.3.3/../../../../avr/lib/avr51/libc.a(vfprintf_std.o) (fputc)
/usr/local/CrossPack-AVR-20100115/lib/gcc/avr/4.3.3/../../../../avr/lib/avr51/libc.a(ultoa_invert.o)
                              /usr/local/CrossPack-AVR-20100115/lib/gcc/avr/4.3.3/../../../../avr/lib/avr51/libc.a(vfprintf_std.o) (__ultoa_invert)

Allocating common symbols
Common symbol       size              file

USB_IsInitialized   0x1               ../../../../LUFA/Drivers/USB/HighLevel/USBTask.o
USB_ControlRequest  0x8               ../../../../LUFA/Drivers/USB/HighLevel/USBTask.o
USB_HostState       0x1               ../../../../LUFA/Drivers/USB/HighLevel/USBTask.o
__iob               0x6               /usr/local/CrossPack-AVR-20100115/lib/gcc/avr/4.3.3/../../../../avr/lib/avr51/libc.a(iob.o)

Discarded input sections

 .data          0x00000000        0x0 /usr/local/CrossPack-AVR-20100115/lib/gcc/avr/4.3.3/../../../../avr/lib/avr51/crtusb1287.o
 .bss           0x00000000        0x0 /usr/local/CrossPack-AVR-20100115/lib/gcc/avr/4.3.3/../../../../avr/lib/avr51/crtusb1287.o
 .text          0x00000000        0x0 GenericHIDHost.o
 .data          0x00000000        0x0 GenericHIDHost.o
 .bss           0x00000000        0x0 GenericHIDHost.o
 .text.WriteNextReport
                0x00000000        0x0 GenericHIDHost.o
 .text          0x00000000        0x0 ConfigDescriptor.o
 .data          0x00000000        0x0 ConfigDescriptor.o
 .bss           0x00000000        0x0 ConfigDescriptor.o
 .text          0x00000000        0x0 ../../../../LUFA/Drivers/USB/LowLevel/Device.o
 .data          0x00000000        0x0 ../../../../LUFA/Drivers/USB/LowLevel/Device.o
 .bss           0x00000000        0x0 ../../../../LUFA/Drivers/USB/LowLevel/Device.o
 .text          0x00000000        0x0 ../../../../LUFA/Drivers/USB/LowLevel/Endpoint.o
 .data          0x00000000        0x0 ../../../../LUFA/Drivers/USB/LowLevel/Endpoint.o
 .bss           0x00000000        0x0 ../../../../LUFA/Drivers/USB/LowLevel/Endpoint.o
 .text          0x00000000        0x0 ../../../../LUFA/Drivers/USB/LowLevel/Host.o
 .text.USB_Host_ClearPipeStall
                0x00000000        0x0 ../../../../LUFA/Drivers/USB/LowLevel/Host.o
 .text.USB_Host_GetDeviceStringDescriptor
                0x00000000        0x0 ../../../../LUFA/Drivers/USB/LowLevel/Host.o
 .text.USB_Host_GetDeviceDescriptor
                0x00000000        0x0 ../../../../LUFA/Drivers/USB/LowLevel/Host.o
 .text          0x00000000        0x0 ../../../../LUFA/Drivers/USB/LowLevel/Pipe.o
 .bss           0x00000000        0x0 ../../../../LUFA/Drivers/USB/LowLevel/Pipe.o
 .text.Pipe_IsEndpointBound
                0x00000000        0x0 ../../../../LUFA/Drivers/USB/LowLevel/Pipe.o
 .text          0x00000000        0x0 ../../../../LUFA/Drivers/USB/LowLevel/USBController.o
 .data          0x00000000        0x0 ../../../../LUFA/Drivers/USB/LowLevel/USBController.o
 .bss           0x00000000        0x0 ../../../../LUFA/Drivers/USB/LowLevel/USBController.o
 .text          0x00000000        0x0 ../../../../LUFA/Drivers/USB/LowLevel/USBInterrupt.o
 .data          0x00000000        0x0 ../../../../LUFA/Drivers/USB/LowLevel/USBInterrupt.o
 .bss           0x00000000        0x0 ../../../../LUFA/Drivers/USB/LowLevel/USBInterrupt.o
 .text          0x00000000        0x0 ../../../../LUFA/Drivers/USB/HighLevel/ConfigDescriptor.o
 .data          0x00000000        0x0 ../../../../LUFA/Drivers/USB/HighLevel/ConfigDescriptor.o
 .bss           0x00000000        0x0 ../../../../LUFA/Drivers/USB/HighLevel/ConfigDescriptor.o
 .text.USB_GetNextDescriptorOfType
                0x00000000        0x0 ../../../../LUFA/Drivers/USB/HighLevel/ConfigDescriptor.o
 .text.USB_GetNextDescriptorOfTypeBefore
                0x00000000        0x0 ../../../../LUFA/Drivers/USB/HighLevel/ConfigDescriptor.o
 .text.USB_GetNextDescriptorOfTypeAfter
                0x00000000        0x0 ../../../../LUFA/Drivers/USB/HighLevel/ConfigDescriptor.o
 .text          0x00000000        0x0 ../../../../LUFA/Drivers/USB/HighLevel/DeviceStandardReq.o
 .data          0x00000000        0x0 ../../../../LUFA/Drivers/USB/HighLevel/DeviceStandardReq.o
 .bss           0x00000000        0x0 ../../../../LUFA/Drivers/USB/HighLevel/DeviceStandardReq.o
 .text          0x00000000        0x0 ../../../../LUFA/Drivers/USB/HighLevel/Events.o
 .data          0x00000000        0x0 ../../../../LUFA/Drivers/USB/HighLevel/Events.o
 .bss           0x00000000        0x0 ../../../../LUFA/Drivers/USB/HighLevel/Events.o
 .text          0x00000000        0x0 ../../../../LUFA/Drivers/USB/HighLevel/EndpointStream.o
 .data          0x00000000        0x0 ../../../../LUFA/Drivers/USB/HighLevel/EndpointStream.o
 .bss           0x00000000        0x0 ../../../../LUFA/Drivers/USB/HighLevel/EndpointStream.o
 .text          0x00000000        0x0 ../../../../LUFA/Drivers/USB/HighLevel/HostStandardReq.o
 .data          0x00000000        0x0 ../../../../LUFA/Drivers/USB/HighLevel/HostStandardReq.o
 .bss           0x00000000        0x0 ../../../../LUFA/Drivers/USB/HighLevel/HostStandardReq.o
 .text          0x00000000        0x0 ../../../../LUFA/Drivers/USB/HighLevel/PipeStream.o
 .data          0x00000000        0x0 ../../../../LUFA/Drivers/USB/HighLevel/PipeStream.o
 .bss           0x00000000        0x0 ../../../../LUFA/Drivers/USB/HighLevel/PipeStream.o
 .text.Pipe_Read_Stream_BE
                0x00000000        0x0 ../../../../LUFA/Drivers/USB/HighLevel/PipeStream.o
 .text.Pipe_Write_PStream_BE
                0x00000000        0x0 ../../../../LUFA/Drivers/USB/HighLevel/PipeStream.o
 .text.Pipe_Write_Stream_BE
                0x00000000        0x0 ../../../../LUFA/Drivers/USB/HighLevel/PipeStream.o
 .text.Pipe_Write_PStream_LE
                0x00000000        0x0 ../../../../LUFA/Drivers/USB/HighLevel/PipeStream.o
 .text.Pipe_Write_Stream_LE
                0x00000000        0x0 ../../../../LUFA/Drivers/USB/HighLevel/PipeStream.o
 .text.Pipe_Discard_Stream
                0x00000000        0x0 ../../../../LUFA/Drivers/USB/HighLevel/PipeStream.o
 .text.Pipe_Read_EStream_BE
                0x00000000        0x0 ../../../../LUFA/Drivers/USB/HighLevel/PipeStream.o
 .text.Pipe_Read_EStream_LE
                0x00000000        0x0 ../../../../LUFA/Drivers/USB/HighLevel/PipeStream.o
 .text.Pipe_Write_EStream_BE
                0x00000000        0x0 ../../../../LUFA/Drivers/USB/HighLevel/PipeStream.o
 .text.Pipe_Write_EStream_LE
                0x00000000        0x0 ../../../../LUFA/Drivers/USB/HighLevel/PipeStream.o
 .text          0x00000000        0x0 ../../../../LUFA/Drivers/USB/HighLevel/USBTask.o
 .data          0x00000000        0x0 ../../../../LUFA/Drivers/USB/HighLevel/USBTask.o
 .bss           0x00000000        0x0 ../../../../LUFA/Drivers/USB/HighLevel/USBTask.o
 .text          0x00000000        0x0 ../../../../LUFA/Drivers/USB/Class/Host/HIDParser.o
 .data          0x00000000        0x0 ../../../../LUFA/Drivers/USB/Class/Host/HIDParser.o
 .bss           0x00000000        0x0 ../../../../LUFA/Drivers/USB/Class/Host/HIDParser.o
 .text.USB_GetHIDReportItemInfo
                0x00000000        0x0 ../../../../LUFA/Drivers/USB/Class/Host/HIDParser.o
 .text.USB_SetHIDReportItemInfo
                0x00000000        0x0 ../../../../LUFA/Drivers/USB/Class/Host/HIDParser.o
 .text.USB_GetHIDReportSize
                0x00000000        0x0 ../../../../LUFA/Drivers/USB/Class/Host/HIDParser.o
 .text.USB_ProcessHIDReport
                0x00000000        0x0 ../../../../LUFA/Drivers/USB/Class/Host/HIDParser.o
 .text          0x00000000        0x0 ../../../../LUFA/Drivers/Peripheral/Serial.o
 .data          0x00000000        0x0 ../../../../LUFA/Drivers/Peripheral/Serial.o
 .bss           0x00000000        0x0 ../../../../LUFA/Drivers/Peripheral/Serial.o
 .text.Serial_TxString_P
                0x00000000        0x0 ../../../../LUFA/Drivers/Peripheral/Serial.o
 .text.Serial_TxString
                0x00000000        0x0 ../../../../LUFA/Drivers/Peripheral/Serial.o
 .text          0x00000000        0x0 ../../../../LUFA/Drivers/Peripheral/SerialStream.o
 .bss           0x00000000        0x0 ../../../../LUFA/Drivers/Peripheral/SerialStream.o
 .text          0x00000000        0x0 /usr/local/CrossPack-AVR-20100115/lib/gcc/avr/4.3.3/avr51/libgcc.a(_exit.o)
 .data          0x00000000        0x0 /usr/local/CrossPack-AVR-20100115/lib/gcc/avr/4.3.3/avr51/libgcc.a(_exit.o)
 .bss           0x00000000        0x0 /usr/local/CrossPack-AVR-20100115/lib/gcc/avr/4.3.3/avr51/libgcc.a(_exit.o)
 .text.libgcc   0x00000000        0x0 /usr/local/CrossPack-AVR-20100115/lib/gcc/avr/4.3.3/avr51/libgcc.a(_exit.o)
 .text          0x00000000        0x0 /usr/local/CrossPack-AVR-20100115/lib/gcc/avr/4.3.3/avr51/libgcc.a(_clear_bss.o)
 .data          0x00000000        0x0 /usr/local/CrossPack-AVR-20100115/lib/gcc/avr/4.3.3/avr51/libgcc.a(_clear_bss.o)
 .bss           0x00000000        0x0 /usr/local/CrossPack-AVR-20100115/lib/gcc/avr/4.3.3/avr51/libgcc.a(_clear_bss.o)
 .text.libgcc   0x00000000        0x0 /usr/local/CrossPack-AVR-20100115/lib/gcc/avr/4.3.3/avr51/libgcc.a(_clear_bss.o)
 .text          0x00000000        0x0 /usr/local/CrossPack-AVR-20100115/lib/gcc/avr/4.3.3/../../../../avr/lib/avr51/libc.a(iob.o)
 .data          0x00000000        0x0 /usr/local/CrossPack-AVR-20100115/lib/gcc/avr/4.3.3/../../../../avr/lib/avr51/libc.a(iob.o)
 .bss           0x00000000        0x0 /usr/local/CrossPack-AVR-20100115/lib/gcc/avr/4.3.3/../../../../avr/lib/avr51/libc.a(iob.o)
 .text          0x00000000        0x0 /usr/local/CrossPack-AVR-20100115/lib/gcc/avr/4.3.3/../../../../avr/lib/avr51/libc.a(printf_p.o)
 .data          0x00000000        0x0 /usr/local/CrossPack-AVR-20100115/lib/gcc/avr/4.3.3/../../../../avr/lib/avr51/libc.a(printf_p.o)
 .bss           0x00000000        0x0 /usr/local/CrossPack-AVR-20100115/lib/gcc/avr/4.3.3/../../../../avr/lib/avr51/libc.a(printf_p.o)
 .text          0x00000000        0x0 /usr/local/CrossPack-AVR-20100115/lib/gcc/avr/4.3.3/../../../../avr/lib/avr51/libc.a(puts_p.o)
 .data          0x00000000        0x0 /usr/local/CrossPack-AVR-20100115/lib/gcc/avr/4.3.3/../../../../avr/lib/avr51/libc.a(puts_p.o)
 .bss           0x00000000        0x0 /usr/local/CrossPack-AVR-20100115/lib/gcc/avr/4.3.3/../../../../avr/lib/avr51/libc.a(puts_p.o)
 .text          0x00000000        0x0 /usr/local/CrossPack-AVR-20100115/lib/gcc/avr/4.3.3/../../../../avr/lib/avr51/libc.a(vfprintf_std.o)
 .data          0x00000000        0x0 /usr/local/CrossPack-AVR-20100115/lib/gcc/avr/4.3.3/../../../../avr/lib/avr51/libc.a(vfprintf_std.o)
 .bss           0x00000000        0x0 /usr/local/CrossPack-AVR-20100115/lib/gcc/avr/4.3.3/../../../../avr/lib/avr51/libc.a(vfprintf_std.o)
 .text          0x00000000        0x0 /usr/local/CrossPack-AVR-20100115/lib/gcc/avr/4.3.3/../../../../avr/lib/avr51/libc.a(eerd_byte_at90usb1287.o)
 .data          0x00000000        0x0 /usr/local/CrossPack-AVR-20100115/lib/gcc/avr/4.3.3/../../../../avr/lib/avr51/libc.a(eerd_byte_at90usb1287.o)
 .bss           0x00000000        0x0 /usr/local/CrossPack-AVR-20100115/lib/gcc/avr/4.3.3/../../../../avr/lib/avr51/libc.a(eerd_byte_at90usb1287.o)
 .text.avr-libc
                0x00000000        0x0 /usr/local/CrossPack-AVR-20100115/lib/gcc/avr/4.3.3/../../../../avr/lib/avr51/libc.a(eerd_byte_at90usb1287.o)
 .text          0x00000000        0x0 /usr/local/CrossPack-AVR-20100115/lib/gcc/avr/4.3.3/../../../../avr/lib/avr51/libc.a(eeupd_byte_at90usb1287.o)
 .data          0x00000000        0x0 /usr/local/CrossPack-AVR-20100115/lib/gcc/avr/4.3.3/../../../../avr/lib/avr51/libc.a(eeupd_byte_at90usb1287.o)
 .bss           0x00000000        0x0 /usr/local/CrossPack-AVR-20100115/lib/gcc/avr/4.3.3/../../../../avr/lib/avr51/libc.a(eeupd_byte_at90usb1287.o)
 .text.avr-libc
                0x00000000        0x0 /usr/local/CrossPack-AVR-20100115/lib/gcc/avr/4.3.3/../../../../avr/lib/avr51/libc.a(eeupd_byte_at90usb1287.o)
 .text          0x00000000        0x0 /usr/local/CrossPack-AVR-20100115/lib/gcc/avr/4.3.3/../../../../avr/lib/avr51/libc.a(strnlen_P.o)
 .data          0x00000000        0x0 /usr/local/CrossPack-AVR-20100115/lib/gcc/avr/4.3.3/../../../../avr/lib/avr51/libc.a(strnlen_P.o)
 .bss           0x00000000        0x0 /usr/local/CrossPack-AVR-20100115/lib/gcc/avr/4.3.3/../../../../avr/lib/avr51/libc.a(strnlen_P.o)
 .text          0x00000000        0x0 /usr/local/CrossPack-AVR-20100115/lib/gcc/avr/4.3.3/../../../../avr/lib/avr51/libc.a(strnlen.o)
 .data          0x00000000        0x0 /usr/local/CrossPack-AVR-20100115/lib/gcc/avr/4.3.3/../../../../avr/lib/avr51/libc.a(strnlen.o)
 .bss           0x00000000        0x0 /usr/local/CrossPack-AVR-20100115/lib/gcc/avr/4.3.3/../../../../avr/lib/avr51/libc.a(strnlen.o)
 .text          0x00000000        0x0 /usr/local/CrossPack-AVR-20100115/lib/gcc/avr/4.3.3/../../../../avr/lib/avr51/libc.a(fputc.o)
 .data          0x00000000        0x0 /usr/local/CrossPack-AVR-20100115/lib/gcc/avr/4.3.3/../../../../avr/lib/avr51/libc.a(fputc.o)
 .bss           0x00000000        0x0 /usr/local/CrossPack-AVR-20100115/lib/gcc/avr/4.3.3/../../../../avr/lib/avr51/libc.a(fputc.o)
 .text          0x00000000        0x0 /usr/local/CrossPack-AVR-20100115/lib/gcc/avr/4.3.3/../../../../avr/lib/avr51/libc.a(ultoa_invert.o)
 .data          0x00000000        0x0 /usr/local/CrossPack-AVR-20100115/lib/gcc/avr/4.3.3/../../../../avr/lib/avr51/libc.a(ultoa_invert.o)
 .bss           0x00000000        0x0 /usr/local/CrossPack-AVR-20100115/lib/gcc/avr/4.3.3/../../../../avr/lib/avr51/libc.a(ultoa_invert.o)

Memory Configuration

Name             Origin             Length             Attributes
text             0x00000000         0x00020000         xr
data             0x00800060         0x0000ffa0         rw !x
eeprom           0x00810000         0x00010000         rw !x
fuse             0x00820000         0x00000400         rw !x
lock             0x00830000         0x00000400         rw !x
signature        0x00840000         0x00000400         rw !x
*default*        0x00000000         0xffffffff

Linker script and memory map

Address of section .data set to 0x800100
LOAD /usr/local/CrossPack-AVR-20100115/lib/gcc/avr/4.3.3/../../../../avr/lib/avr51/crtusb1287.o
LOAD GenericHIDHost.o
LOAD ConfigDescriptor.o
LOAD ../../../../LUFA/Drivers/USB/LowLevel/Device.o
LOAD ../../../../LUFA/Drivers/USB/LowLevel/Endpoint.o
LOAD ../../../../LUFA/Drivers/USB/LowLevel/Host.o
LOAD ../../../../LUFA/Drivers/USB/LowLevel/Pipe.o
LOAD ../../../../LUFA/Drivers/USB/LowLevel/USBController.o
LOAD ../../../../LUFA/Drivers/USB/LowLevel/USBInterrupt.o
LOAD ../../../../LUFA/Drivers/USB/HighLevel/ConfigDescriptor.o
LOAD ../../../../LUFA/Drivers/USB/HighLevel/DeviceStandardReq.o
LOAD ../../../../LUFA/Drivers/USB/HighLevel/Events.o
LOAD ../../../../LUFA/Drivers/USB/HighLevel/EndpointStream.o
LOAD ../../../../LUFA/Drivers/USB/HighLevel/HostStandardReq.o
LOAD ../../../../LUFA/Drivers/USB/HighLevel/PipeStream.o
LOAD ../../../../LUFA/Drivers/USB/HighLevel/USBTask.o
LOAD ../../../../LUFA/Drivers/USB/Class/Host/HIDParser.o
LOAD ../../../../LUFA/Drivers/Peripheral/Serial.o
LOAD ../../../../LUFA/Drivers/Peripheral/SerialStream.o
LOAD /usr/local/CrossPack-AVR-20100115/lib/gcc/avr/4.3.3/../../../../avr/lib/avr51/libm.a
LOAD /usr/local/CrossPack-AVR-20100115/lib/gcc/avr/4.3.3/avr51/libgcc.a
LOAD /usr/local/CrossPack-AVR-20100115/lib/gcc/avr/4.3.3/../../../../avr/lib/avr51/libc.a
LOAD /usr/local/CrossPack-AVR-20100115/lib/gcc/avr/4.3.3/avr51/libgcc.a

.hash
 *(.hash)

.dynsym
 *(.dynsym)

.dynstr
 *(.dynstr)

.gnu.version
 *(.gnu.version)

.gnu.version_d
 *(.gnu.version_d)

.gnu.version_r
 *(.gnu.version_r)

.rel.init
 *(.rel.init)

.rela.init
 *(.rela.init)

.rel.text
 *(.rel.text)
 *(.rel.text.*)
 *(.rel.gnu.linkonce.t*)

.rela.text
 *(.rela.text)
 *(.rela.text.*)
 *(.rela.gnu.linkonce.t*)

.rel.fini
 *(.rel.fini)

.rela.fini
 *(.rela.fini)

.rel.rodata
 *(.rel.rodata)
 *(.rel.rodata.*)
 *(.rel.gnu.linkonce.r*)

.rela.rodata
 *(.rela.rodata)
 *(.rela.rodata.*)
 *(.rela.gnu.linkonce.r*)

.rel.data
 *(.rel.data)
 *(.rel.data.*)
 *(.rel.gnu.linkonce.d*)

.rela.data
 *(.rela.data)
 *(.rela.data.*)
 *(.rela.gnu.linkonce.d*)

.rel.ctors
 *(.rel.ctors)

.rela.ctors
 *(.rela.ctors)

.rel.dtors
 *(.rel.dtors)

.rela.dtors
 *(.rela.dtors)

.rel.got
 *(.rel.got)

.rela.got
 *(.rela.got)

.rel.bss
 *(.rel.bss)

.rela.bss
 *(.rela.bss)

.rel.plt
 *(.rel.plt)

.rela.plt
 *(.rela.plt)

.text           0x00000000     0x17ce
 *(.vectors)
 .vectors       0x00000000       0x98 /usr/local/CrossPack-AVR-20100115/lib/gcc/avr/4.3.3/../../../../avr/lib/avr51/crtusb1287.o
                0x00000000                __vectors
                0x00000000                __vector_default
 *(.vectors)
 *(.progmem.gcc*)
 *(.progmem*)
 .progmem.data  0x00000098      0x1c5 GenericHIDHost.o
                0x0000025e                . = ALIGN (0x2)
 *fill*         0x0000025d        0x1 00
                0x0000025e                __trampolines_start = .
 *(.trampolines)
 .trampolines   0x0000025e        0x0 linker stubs
 *(.trampolines*)
                0x0000025e                __trampolines_end = .
 *(.jumptables)
 *(.jumptables*)
 *(.lowtext)
 *(.lowtext*)
                0x0000025e                __ctors_start = .
 *(.ctors)
                0x0000025e                __ctors_end = .
                0x0000025e                __dtors_start = .
 *(.dtors)
                0x0000025e                __dtors_end = .
 SORT(*)(.ctors)
 SORT(*)(.dtors)
 *(.init0)
 .init0         0x0000025e        0x0 /usr/local/CrossPack-AVR-20100115/lib/gcc/avr/4.3.3/../../../../avr/lib/avr51/crtusb1287.o
                0x0000025e                __init
 *(.init0)
 *(.init1)
 *(.init1)
 *(.init2)
 .init2         0x0000025e        0xc /usr/local/CrossPack-AVR-20100115/lib/gcc/avr/4.3.3/../../../../avr/lib/avr51/crtusb1287.o
 *(.init2)
 *(.init3)
 *(.init3)
 *(.init4)
 .init4         0x0000026a       0x1a /usr/local/CrossPack-AVR-20100115/lib/gcc/avr/4.3.3/../../../../avr/lib/avr51/crtusb1287.o
                0x0000026a                __do_copy_data
 .init4         0x00000284       0x10 /usr/local/CrossPack-AVR-20100115/lib/gcc/avr/4.3.3/avr51/libgcc.a(_clear_bss.o)
                0x00000284                __do_clear_bss
 *(.init4)
 *(.init5)
 *(.init5)
 *(.init6)
 *(.init6)
 *(.init7)
 *(.init7)
 *(.init8)
 *(.init8)
 *(.init9)
 .init9         0x00000294        0x6 /usr/local/CrossPack-AVR-20100115/lib/gcc/avr/4.3.3/../../../../avr/lib/avr51/crtusb1287.o
 *(.init9)
 *(.text)
 .text          0x0000029a        0x2 /usr/local/CrossPack-AVR-20100115/lib/gcc/avr/4.3.3/../../../../avr/lib/avr51/crtusb1287.o
                0x0000029a                __vector_22
                0x0000029a                __vector_28
                0x0000029a                __vector_1
                0x0000029a                __vector_32
                0x0000029a                __vector_34
                0x0000029a                __vector_24
                0x0000029a                __vector_12
                0x0000029a                __bad_interrupt
                0x0000029a                __vector_6
                0x0000029a                __vector_31
                0x0000029a                __vector_35
                0x0000029a                __vector_3
                0x0000029a                __vector_23
                0x0000029a                __vector_30
                0x0000029a                __vector_25
                0x0000029a                __vector_11
                0x0000029a                __vector_13
                0x0000029a                __vector_17
                0x0000029a                __vector_19
                0x0000029a                __vector_7
                0x0000029a                __vector_27
                0x0000029a                __vector_5
                0x0000029a                __vector_33
                0x0000029a                __vector_37
                0x0000029a                __vector_4
                0x0000029a                __vector_9
                0x0000029a                __vector_2
                0x0000029a                __vector_21
                0x0000029a                __vector_15
                0x0000029a                __vector_36
                0x0000029a                __vector_29
                0x0000029a                __vector_8
                0x0000029a                __vector_26
                0x0000029a                __vector_14
                0x0000029a                __vector_16
                0x0000029a                __vector_18
                0x0000029a                __vector_20
                0x0000029c                . = ALIGN (0x2)
 *(.text.*)
 .text.EVENT_USB_Host_DeviceEnumerationComplete
                0x0000029c        0xa GenericHIDHost.o
                0x0000029c                EVENT_USB_Host_DeviceEnumerationComplete
 .text.EVENT_USB_Host_DeviceUnattached
                0x000002a6       0x10 GenericHIDHost.o
                0x000002a6                EVENT_USB_Host_DeviceUnattached
 .text.EVENT_USB_Host_DeviceAttached
                0x000002b6       0x10 GenericHIDHost.o
                0x000002b6                EVENT_USB_Host_DeviceAttached
 .text.EVENT_USB_Host_DeviceEnumerationFailed
                0x000002c6       0x56 GenericHIDHost.o
                0x000002c6                EVENT_USB_Host_DeviceEnumerationFailed
 .text.ReadNextReport
                0x0000031c      0x108 GenericHIDHost.o
                0x0000031c                ReadNextReport
 .text.HID_Host_Task
                0x00000424       0xa2 GenericHIDHost.o
                0x00000424                HID_Host_Task
 .text.EVENT_USB_Host_HostError
                0x000004c6       0x38 GenericHIDHost.o
                0x000004c6                EVENT_USB_Host_HostError
 .text.SetupHardware
                0x000004fe       0x6a GenericHIDHost.o
                0x000004fe                SetupHardware
 .text.main     0x00000568       0x18 GenericHIDHost.o
                0x00000568                main
 .text.DComp_NextHIDInterface
                0x00000580       0x16 ConfigDescriptor.o
                0x00000580                DComp_NextHIDInterface
 .text.DComp_NextHIDInterfaceDataEndpoint
                0x00000596       0x18 ConfigDescriptor.o
                0x00000596                DComp_NextHIDInterfaceDataEndpoint
 .text.ProcessConfigurationDescriptor
                0x000005ae      0x128 ConfigDescriptor.o
                0x000005ae                ProcessConfigurationDescriptor
 .text.USB_Host_WaitMS
                0x000006d6       0x9a ../../../../LUFA/Drivers/USB/LowLevel/Host.o
                0x000006d6                USB_Host_WaitMS
 .text.USB_Host_ResetDevice
                0x00000770       0x98 ../../../../LUFA/Drivers/USB/LowLevel/Host.o
 .text.USB_Host_SetDeviceConfiguration
                0x00000808       0x2c ../../../../LUFA/Drivers/USB/LowLevel/Host.o
                0x00000808                USB_Host_SetDeviceConfiguration
 .text.USB_Host_ProcessNextHostState
                0x00000834      0x25c ../../../../LUFA/Drivers/USB/LowLevel/Host.o
                0x00000834                USB_Host_ProcessNextHostState
 .text.Pipe_ConfigurePipe
                0x00000a90       0x6c ../../../../LUFA/Drivers/USB/LowLevel/Pipe.o
                0x00000a90                Pipe_ConfigurePipe
 .text.Pipe_ClearPipes
                0x00000afc       0x28 ../../../../LUFA/Drivers/USB/LowLevel/Pipe.o
                0x00000afc                Pipe_ClearPipes
 .text.Pipe_WaitUntilReady
                0x00000b24       0x5a ../../../../LUFA/Drivers/USB/LowLevel/Pipe.o
                0x00000b24                Pipe_WaitUntilReady
 .text.USB_ResetInterface
                0x00000b7e       0x9c ../../../../LUFA/Drivers/USB/LowLevel/USBController.o
                0x00000b7e                USB_ResetInterface
 .text.USB_Init
                0x00000c1a       0x12 ../../../../LUFA/Drivers/USB/LowLevel/USBController.o
                0x00000c1a                USB_Init
 .text.USB_ShutDown
                0x00000c2c       0x30 ../../../../LUFA/Drivers/USB/LowLevel/USBController.o
                0x00000c2c                USB_ShutDown
 .text.USB_INT_DisableAllInterrupts
                0x00000c5c       0x10 ../../../../LUFA/Drivers/USB/LowLevel/USBInterrupt.o
                0x00000c5c                USB_INT_DisableAllInterrupts
 .text.USB_INT_ClearAllInterrupts
                0x00000c6c        0xa ../../../../LUFA/Drivers/USB/LowLevel/USBInterrupt.o
                0x00000c6c                USB_INT_ClearAllInterrupts
 .text.__vector_10
                0x00000c76      0x126 ../../../../LUFA/Drivers/USB/LowLevel/USBInterrupt.o
                0x00000c76                __vector_10
 .text.USB_GetNextDescriptorComp
                0x00000d9c       0x82 ../../../../LUFA/Drivers/USB/HighLevel/ConfigDescriptor.o
                0x00000d9c                USB_GetNextDescriptorComp
 .text.USB_Host_GetDeviceConfigDescriptor
                0x00000e1e       0xb4 ../../../../LUFA/Drivers/USB/HighLevel/ConfigDescriptor.o
                0x00000e1e                USB_Host_GetDeviceConfigDescriptor
 .text.USB_Event_Stub
                0x00000ed2        0x2 ../../../../LUFA/Drivers/USB/HighLevel/Events.o
                0x00000ed2                USB_Event_Stub
                0x00000ed2                EVENT_USB_Host_StartOfFrame
 .text.USB_Host_WaitForIOS
                0x00000ed4       0x52 ../../../../LUFA/Drivers/USB/HighLevel/HostStandardReq.o
 .text.USB_Host_SendControlRequest
                0x00000f26      0x204 ../../../../LUFA/Drivers/USB/HighLevel/HostStandardReq.o
                0x00000f26                USB_Host_SendControlRequest
 .text.Pipe_Read_Stream_LE
                0x0000112a       0x66 ../../../../LUFA/Drivers/USB/HighLevel/PipeStream.o
                0x0000112a                Pipe_Read_Stream_LE
 .text.USB_USBTask
                0x00001190       0x24 ../../../../LUFA/Drivers/USB/HighLevel/USBTask.o
                0x00001190                USB_USBTask
 .text.SerialStream_TxByte
                0x000011b4       0x14 ../../../../LUFA/Drivers/Peripheral/SerialStream.o
 .text.SerialStream_RxByte
                0x000011c8       0x22 ../../../../LUFA/Drivers/Peripheral/SerialStream.o
 .text.avr-libc
                0x000011ea       0x44 /usr/local/CrossPack-AVR-20100115/lib/gcc/avr/4.3.3/../../../../avr/lib/avr51/libc.a(printf_p.o)
                0x000011ea                printf_P
 .text.avr-libc
                0x0000122e       0x6a /usr/local/CrossPack-AVR-20100115/lib/gcc/avr/4.3.3/../../../../avr/lib/avr51/libc.a(puts_p.o)
                0x0000122e                puts_P
 .text.avr-libc
                0x00001298      0x3f2 /usr/local/CrossPack-AVR-20100115/lib/gcc/avr/4.3.3/../../../../avr/lib/avr51/libc.a(vfprintf_std.o)
                0x00001298                vfprintf
 .text.avr-libc
                0x0000168a       0x16 /usr/local/CrossPack-AVR-20100115/lib/gcc/avr/4.3.3/../../../../avr/lib/avr51/libc.a(strnlen_P.o)
                0x0000168a                strnlen_P
 .text.avr-libc
                0x000016a0       0x16 /usr/local/CrossPack-AVR-20100115/lib/gcc/avr/4.3.3/../../../../avr/lib/avr51/libc.a(strnlen.o)
                0x000016a0                strnlen
 .text.avr-libc
                0x000016b6       0x58 /usr/local/CrossPack-AVR-20100115/lib/gcc/avr/4.3.3/../../../../avr/lib/avr51/libc.a(fputc.o)
                0x000016b6                fputc
 .text.avr-libc
                0x0000170e       0xbc /usr/local/CrossPack-AVR-20100115/lib/gcc/avr/4.3.3/../../../../avr/lib/avr51/libc.a(ultoa_invert.o)
                0x0000170e                __ultoa_invert
                0x000017ca                . = ALIGN (0x2)
 *(.fini9)
 .fini9         0x000017ca        0x0 /usr/local/CrossPack-AVR-20100115/lib/gcc/avr/4.3.3/avr51/libgcc.a(_exit.o)
                0x000017ca                exit
                0x000017ca                _exit
 *(.fini9)
 *(.fini8)
 *(.fini8)
 *(.fini7)
 *(.fini7)
 *(.fini6)
 *(.fini6)
 *(.fini5)
 *(.fini5)
 *(.fini4)
 *(.fini4)
 *(.fini3)
 *(.fini3)
 *(.fini2)
 *(.fini2)
 *(.fini1)
 *(.fini1)
 *(.fini0)
 .fini0         0x000017ca        0x4 /usr/local/CrossPack-AVR-20100115/lib/gcc/avr/4.3.3/avr51/libgcc.a(_exit.o)
 *(.fini0)
                0x000017ce                _etext = .

.data           0x00800100       0x28 load address 0x000017ce
                0x00800100                PROVIDE (__data_start, .)
 *(.data)
 .data          0x00800100       0x18 ../../../../LUFA/Drivers/USB/LowLevel/Host.o
 .data          0x00800118        0x1 ../../../../LUFA/Drivers/USB/LowLevel/Pipe.o
                0x00800118                USB_ControlPipeSize
 .data          0x00800119        0xe ../../../../LUFA/Drivers/Peripheral/SerialStream.o
                0x00800119                USARTStream
 *(.data*)
 *(.rodata)
 *(.rodata*)
 *(.gnu.linkonce.d*)
                0x00800128                . = ALIGN (0x2)
 *fill*         0x00800127        0x1 00
                0x00800128                _edata = .
                0x00800128                PROVIDE (__data_end, .)

.bss            0x00800128       0x13
                0x00800128                PROVIDE (__bss_start, .)
 *(.bss)
 .bss           0x00800128        0x3 ../../../../LUFA/Drivers/USB/LowLevel/Host.o
 *(.bss*)
 *(COMMON)
 COMMON         0x0080012b        0xa ../../../../LUFA/Drivers/USB/HighLevel/USBTask.o
                0x0080012b                USB_IsInitialized
                0x0080012c                USB_ControlRequest
                0x00800134                USB_HostState
 COMMON         0x00800135        0x6 /usr/local/CrossPack-AVR-20100115/lib/gcc/avr/4.3.3/../../../../avr/lib/avr51/libc.a(iob.o)
                0x00800135                __iob
                0x0080013b                PROVIDE (__bss_end, .)
                0x000017ce                __data_load_start = LOADADDR (.data)
                0x000017f6                __data_load_end = (__data_load_start + SIZEOF (.data))

.noinit         0x0080013b        0x0
                0x0080013b                PROVIDE (__noinit_start, .)
 *(.noinit*)
                0x0080013b                PROVIDE (__noinit_end, .)
                0x0080013b                _end = .
                0x0080013b                PROVIDE (__heap_start, .)

.eeprom         0x00810000        0x0
 *(.eeprom*)
                0x00810000                __eeprom_end = .

.fuse
 *(.fuse)
 *(.lfuse)
 *(.hfuse)
 *(.efuse)

.lock
 *(.lock*)

.signature
 *(.signature*)

.stab           0x00000000      0xeac
 *(.stab)
 .stab          0x00000000      0x750 /usr/local/CrossPack-AVR-20100115/lib/gcc/avr/4.3.3/../../../../avr/lib/avr51/crtusb1287.o
 .stab          0x00000750       0x90 /usr/local/CrossPack-AVR-20100115/lib/gcc/avr/4.3.3/../../../../avr/lib/avr51/libc.a(eerd_byte_at90usb1287.o)
                                 0x9c (size before relaxing)
 .stab          0x000007e0      0x114 /usr/local/CrossPack-AVR-20100115/lib/gcc/avr/4.3.3/../../../../avr/lib/avr51/libc.a(eeupd_byte_at90usb1287.o)
                                0x120 (size before relaxing)
 .stab          0x000008f4       0x9c /usr/local/CrossPack-AVR-20100115/lib/gcc/avr/4.3.3/../../../../avr/lib/avr51/libc.a(strnlen_P.o)
                                 0xa8 (size before relaxing)
 .stab          0x00000990       0x9c /usr/local/CrossPack-AVR-20100115/lib/gcc/avr/4.3.3/../../../../avr/lib/avr51/libc.a(strnlen.o)
                                 0xa8 (size before relaxing)
 .stab          0x00000a2c      0x480 /usr/local/CrossPack-AVR-20100115/lib/gcc/avr/4.3.3/../../../../avr/lib/avr51/libc.a(ultoa_invert.o)
                                0x48c (size before relaxing)

.stabstr        0x00000000      0x25c
 *(.stabstr)
 .stabstr       0x00000000      0x25c /usr/local/CrossPack-AVR-20100115/lib/gcc/avr/4.3.3/../../../../avr/lib/avr51/crtusb1287.o

.stab.excl
 *(.stab.excl)

.stab.exclstr
 *(.stab.exclstr)

.stab.index
 *(.stab.index)

.stab.indexstr
 *(.stab.indexstr)

.comment
 *(.comment)

.debug
 *(.debug)

.line
 *(.line)

.debug_srcinfo
 *(.debug_srcinfo)

.debug_sfnames
 *(.debug_sfnames)

.debug_aranges  0x00000000      0x3a0
 *(.debug_aranges)
 .debug_aranges
                0x00000000       0x68 GenericHIDHost.o
 .debug_aranges
                0x00000068       0x30 ConfigDescriptor.o
 .debug_aranges
                0x00000098       0x50 ../../../../LUFA/Drivers/USB/LowLevel/Host.o
 .debug_aranges
                0x000000e8       0x38 ../../../../LUFA/Drivers/USB/LowLevel/Pipe.o
 .debug_aranges
                0x00000120       0x30 ../../../../LUFA/Drivers/USB/LowLevel/USBController.o
 .debug_aranges
                0x00000150       0x30 ../../../../LUFA/Drivers/USB/LowLevel/USBInterrupt.o
 .debug_aranges
                0x00000180       0x40 ../../../../LUFA/Drivers/USB/HighLevel/ConfigDescriptor.o
 .debug_aranges
                0x000001c0       0x20 ../../../../LUFA/Drivers/USB/HighLevel/Events.o
 .debug_aranges
                0x000001e0       0x28 ../../../../LUFA/Drivers/USB/HighLevel/HostStandardReq.o
 .debug_aranges
                0x00000208       0x70 ../../../../LUFA/Drivers/USB/HighLevel/PipeStream.o
 .debug_aranges
                0x00000278       0x20 ../../../../LUFA/Drivers/USB/HighLevel/USBTask.o
 .debug_aranges
                0x00000298       0x38 ../../../../LUFA/Drivers/USB/Class/Host/HIDParser.o
 .debug_aranges
                0x000002d0       0x28 ../../../../LUFA/Drivers/Peripheral/Serial.o
 .debug_aranges
                0x000002f8       0x28 ../../../../LUFA/Drivers/Peripheral/SerialStream.o
 .debug_aranges
                0x00000320       0x20 /usr/local/CrossPack-AVR-20100115/lib/gcc/avr/4.3.3/../../../../avr/lib/avr51/libc.a(printf_p.o)
 .debug_aranges
                0x00000340       0x20 /usr/local/CrossPack-AVR-20100115/lib/gcc/avr/4.3.3/../../../../avr/lib/avr51/libc.a(puts_p.o)
 .debug_aranges
                0x00000360       0x20 /usr/local/CrossPack-AVR-20100115/lib/gcc/avr/4.3.3/../../../../avr/lib/avr51/libc.a(vfprintf_std.o)
 .debug_aranges
                0x00000380       0x20 /usr/local/CrossPack-AVR-20100115/lib/gcc/avr/4.3.3/../../../../avr/lib/avr51/libc.a(fputc.o)

.debug_pubnames
                0x00000000      0x7a6
 *(.debug_pubnames)
 .debug_pubnames
                0x00000000      0x121 GenericHIDHost.o
 .debug_pubnames
                0x00000121       0x77 ConfigDescriptor.o
 .debug_pubnames
                0x00000198       0xd0 ../../../../LUFA/Drivers/USB/LowLevel/Host.o
 .debug_pubnames
                0x00000268       0x86 ../../../../LUFA/Drivers/USB/LowLevel/Pipe.o
 .debug_pubnames
                0x000002ee       0x47 ../../../../LUFA/Drivers/USB/LowLevel/USBController.o
 .debug_pubnames
                0x00000335       0x62 ../../../../LUFA/Drivers/USB/LowLevel/USBInterrupt.o
 .debug_pubnames
                0x00000397       0xc2 ../../../../LUFA/Drivers/USB/HighLevel/ConfigDescriptor.o
 .debug_pubnames
                0x00000459       0x25 ../../../../LUFA/Drivers/USB/HighLevel/Events.o
 .debug_pubnames
                0x0000047e       0x32 ../../../../LUFA/Drivers/USB/HighLevel/HostStandardReq.o
 .debug_pubnames
                0x000004b0      0x126 ../../../../LUFA/Drivers/USB/HighLevel/PipeStream.o
 .debug_pubnames
                0x000005d6       0x61 ../../../../LUFA/Drivers/USB/HighLevel/USBTask.o
 .debug_pubnames
                0x00000637       0x7e ../../../../LUFA/Drivers/USB/Class/Host/HIDParser.o
 .debug_pubnames
                0x000006b5       0x3c ../../../../LUFA/Drivers/Peripheral/Serial.o
 .debug_pubnames
                0x000006f1       0x22 ../../../../LUFA/Drivers/Peripheral/SerialStream.o
 .debug_pubnames
                0x00000713       0x1c /usr/local/CrossPack-AVR-20100115/lib/gcc/avr/4.3.3/../../../../avr/lib/avr51/libc.a(iob.o)
 .debug_pubnames
                0x0000072f       0x1f /usr/local/CrossPack-AVR-20100115/lib/gcc/avr/4.3.3/../../../../avr/lib/avr51/libc.a(printf_p.o)
 .debug_pubnames
                0x0000074e       0x1d /usr/local/CrossPack-AVR-20100115/lib/gcc/avr/4.3.3/../../../../avr/lib/avr51/libc.a(puts_p.o)
 .debug_pubnames
                0x0000076b       0x1f /usr/local/CrossPack-AVR-20100115/lib/gcc/avr/4.3.3/../../../../avr/lib/avr51/libc.a(vfprintf_std.o)
 .debug_pubnames
                0x0000078a       0x1c /usr/local/CrossPack-AVR-20100115/lib/gcc/avr/4.3.3/../../../../avr/lib/avr51/libc.a(fputc.o)

.debug_info     0x00000000     0x4b65
 *(.debug_info)
 .debug_info    0x00000000      0x9f4 GenericHIDHost.o
 .debug_info    0x000009f4      0x51f ConfigDescriptor.o
 .debug_info    0x00000f13        0x0 ../../../../LUFA/Drivers/USB/LowLevel/Device.o
 .debug_info    0x00000f13        0x0 ../../../../LUFA/Drivers/USB/LowLevel/Endpoint.o
 .debug_info    0x00000f13      0x7f8 ../../../../LUFA/Drivers/USB/LowLevel/Host.o
 .debug_info    0x0000170b      0x4eb ../../../../LUFA/Drivers/USB/LowLevel/Pipe.o
 .debug_info    0x00001bf6      0x356 ../../../../LUFA/Drivers/USB/LowLevel/USBController.o
 .debug_info    0x00001f4c      0x197 ../../../../LUFA/Drivers/USB/LowLevel/USBInterrupt.o
 .debug_info    0x000020e3      0x5e6 ../../../../LUFA/Drivers/USB/HighLevel/ConfigDescriptor.o
 .debug_info    0x000026c9        0x0 ../../../../LUFA/Drivers/USB/HighLevel/DeviceStandardReq.o
 .debug_info    0x000026c9       0x76 ../../../../LUFA/Drivers/USB/HighLevel/Events.o
 .debug_info    0x0000273f        0x0 ../../../../LUFA/Drivers/USB/HighLevel/EndpointStream.o
 .debug_info    0x0000273f      0x595 ../../../../LUFA/Drivers/USB/HighLevel/HostStandardReq.o
 .debug_info    0x00002cd4      0x888 ../../../../LUFA/Drivers/USB/HighLevel/PipeStream.o
 .debug_info    0x0000355c      0x1ef ../../../../LUFA/Drivers/USB/HighLevel/USBTask.o
 .debug_info    0x0000374b      0x6f4 ../../../../LUFA/Drivers/USB/Class/Host/HIDParser.o
 .debug_info    0x00003e3f      0x15a ../../../../LUFA/Drivers/Peripheral/Serial.o
 .debug_info    0x00003f99      0x23d ../../../../LUFA/Drivers/Peripheral/SerialStream.o
 .debug_info    0x000041d6      0x156 /usr/local/CrossPack-AVR-20100115/lib/gcc/avr/4.3.3/../../../../avr/lib/avr51/libc.a(iob.o)
 .debug_info    0x0000432c      0x1b4 /usr/local/CrossPack-AVR-20100115/lib/gcc/avr/4.3.3/../../../../avr/lib/avr51/libc.a(printf_p.o)
 .debug_info    0x000044e0      0x1d1 /usr/local/CrossPack-AVR-20100115/lib/gcc/avr/4.3.3/../../../../avr/lib/avr51/libc.a(puts_p.o)
 .debug_info    0x000046b1      0x34a /usr/local/CrossPack-AVR-20100115/lib/gcc/avr/4.3.3/../../../../avr/lib/avr51/libc.a(vfprintf_std.o)
 .debug_info    0x000049fb      0x16a /usr/local/CrossPack-AVR-20100115/lib/gcc/avr/4.3.3/../../../../avr/lib/avr51/libc.a(fputc.o)
 *(.gnu.linkonce.wi.*)

.debug_abbrev   0x00000000     0x1afa
 *(.debug_abbrev)
 .debug_abbrev  0x00000000      0x2a0 GenericHIDHost.o
 .debug_abbrev  0x000002a0      0x1c9 ConfigDescriptor.o
 .debug_abbrev  0x00000469        0x1 ../../../../LUFA/Drivers/USB/LowLevel/Device.o
 .debug_abbrev  0x0000046a        0x1 ../../../../LUFA/Drivers/USB/LowLevel/Endpoint.o
 .debug_abbrev  0x0000046b      0x284 ../../../../LUFA/Drivers/USB/LowLevel/Host.o
 .debug_abbrev  0x000006ef      0x1e8 ../../../../LUFA/Drivers/USB/LowLevel/Pipe.o
 .debug_abbrev  0x000008d7      0x145 ../../../../LUFA/Drivers/USB/LowLevel/USBController.o
 .debug_abbrev  0x00000a1c       0xbc ../../../../LUFA/Drivers/USB/LowLevel/USBInterrupt.o
 .debug_abbrev  0x00000ad8      0x1d5 ../../../../LUFA/Drivers/USB/HighLevel/ConfigDescriptor.o
 .debug_abbrev  0x00000cad        0x1 ../../../../LUFA/Drivers/USB/HighLevel/DeviceStandardReq.o
 .debug_abbrev  0x00000cae       0x41 ../../../../LUFA/Drivers/USB/HighLevel/Events.o
 .debug_abbrev  0x00000cef        0x1 ../../../../LUFA/Drivers/USB/HighLevel/EndpointStream.o
 .debug_abbrev  0x00000cf0      0x1b6 ../../../../LUFA/Drivers/USB/HighLevel/HostStandardReq.o
 .debug_abbrev  0x00000ea6      0x162 ../../../../LUFA/Drivers/USB/HighLevel/PipeStream.o
 .debug_abbrev  0x00001008      0x129 ../../../../LUFA/Drivers/USB/HighLevel/USBTask.o
 .debug_abbrev  0x00001131      0x1e7 ../../../../LUFA/Drivers/USB/Class/Host/HIDParser.o
 .debug_abbrev  0x00001318       0xf7 ../../../../LUFA/Drivers/Peripheral/Serial.o
 .debug_abbrev  0x0000140f      0x16f ../../../../LUFA/Drivers/Peripheral/SerialStream.o
 .debug_abbrev  0x0000157e       0xd0 /usr/local/CrossPack-AVR-20100115/lib/gcc/avr/4.3.3/../../../../avr/lib/avr51/libc.a(iob.o)
 .debug_abbrev  0x0000164e      0x10f /usr/local/CrossPack-AVR-20100115/lib/gcc/avr/4.3.3/../../../../avr/lib/avr51/libc.a(printf_p.o)
 .debug_abbrev  0x0000175d      0x13e /usr/local/CrossPack-AVR-20100115/lib/gcc/avr/4.3.3/../../../../avr/lib/avr51/libc.a(puts_p.o)
 .debug_abbrev  0x0000189b      0x184 /usr/local/CrossPack-AVR-20100115/lib/gcc/avr/4.3.3/../../../../avr/lib/avr51/libc.a(vfprintf_std.o)
 .debug_abbrev  0x00001a1f       0xdb /usr/local/CrossPack-AVR-20100115/lib/gcc/avr/4.3.3/../../../../avr/lib/avr51/libc.a(fputc.o)

.debug_line     0x00000000     0x3e09
 *(.debug_line)
 .debug_line    0x00000000      0x6ba GenericHIDHost.o
 .debug_line    0x000006ba      0x32d ConfigDescriptor.o
 .debug_line    0x000009e7       0x24 ../../../../LUFA/Drivers/USB/LowLevel/Device.o
 .debug_line    0x00000a0b       0x24 ../../../../LUFA/Drivers/USB/LowLevel/Endpoint.o
 .debug_line    0x00000a2f      0x749 ../../../../LUFA/Drivers/USB/LowLevel/Host.o
 .debug_line    0x00001178      0x3c6 ../../../../LUFA/Drivers/USB/LowLevel/Pipe.o
 .debug_line    0x0000153e      0x2d3 ../../../../LUFA/Drivers/USB/LowLevel/USBController.o
 .debug_line    0x00001811      0x275 ../../../../LUFA/Drivers/USB/LowLevel/USBInterrupt.o
 .debug_line    0x00001a86      0x38e ../../../../LUFA/Drivers/USB/HighLevel/ConfigDescriptor.o
 .debug_line    0x00001e14       0x24 ../../../../LUFA/Drivers/USB/HighLevel/DeviceStandardReq.o
 .debug_line    0x00001e38       0x8b ../../../../LUFA/Drivers/USB/HighLevel/Events.o
 .debug_line    0x00001ec3       0x24 ../../../../LUFA/Drivers/USB/HighLevel/EndpointStream.o
 .debug_line    0x00001ee7      0x50b ../../../../LUFA/Drivers/USB/HighLevel/HostStandardReq.o
 .debug_line    0x000023f2      0x82b ../../../../LUFA/Drivers/USB/HighLevel/PipeStream.o
 .debug_line    0x00002c1d      0x1c8 ../../../../LUFA/Drivers/USB/HighLevel/USBTask.o
 .debug_line    0x00002de5      0x5b0 ../../../../LUFA/Drivers/USB/Class/Host/HIDParser.o
 .debug_line    0x00003395      0x154 ../../../../LUFA/Drivers/Peripheral/Serial.o
 .debug_line    0x000034e9      0x164 ../../../../LUFA/Drivers/Peripheral/SerialStream.o
 .debug_line    0x0000364d       0x83 /usr/local/CrossPack-AVR-20100115/lib/gcc/avr/4.3.3/../../../../avr/lib/avr51/libc.a(iob.o)
 .debug_line    0x000036d0      0x118 /usr/local/CrossPack-AVR-20100115/lib/gcc/avr/4.3.3/../../../../avr/lib/avr51/libc.a(printf_p.o)
 .debug_line    0x000037e8       0xc8 /usr/local/CrossPack-AVR-20100115/lib/gcc/avr/4.3.3/../../../../avr/lib/avr51/libc.a(puts_p.o)
 .debug_line    0x000038b0      0x482 /usr/local/CrossPack-AVR-20100115/lib/gcc/avr/4.3.3/../../../../avr/lib/avr51/libc.a(vfprintf_std.o)
 .debug_line    0x00003d32       0xd7 /usr/local/CrossPack-AVR-20100115/lib/gcc/avr/4.3.3/../../../../avr/lib/avr51/libc.a(fputc.o)

.debug_frame    0x00000000      0x500
 *(.debug_frame)
 .debug_frame   0x00000000       0xb0 GenericHIDHost.o
 .debug_frame   0x000000b0       0x40 ConfigDescriptor.o
 .debug_frame   0x000000f0       0x80 ../../../../LUFA/Drivers/USB/LowLevel/Host.o
 .debug_frame   0x00000170       0x50 ../../../../LUFA/Drivers/USB/LowLevel/Pipe.o
 .debug_frame   0x000001c0       0x40 ../../../../LUFA/Drivers/USB/LowLevel/USBController.o
 .debug_frame   0x00000200       0x40 ../../../../LUFA/Drivers/USB/LowLevel/USBInterrupt.o
 .debug_frame   0x00000240       0x60 ../../../../LUFA/Drivers/USB/HighLevel/ConfigDescriptor.o
 .debug_frame   0x000002a0       0x20 ../../../../LUFA/Drivers/USB/HighLevel/Events.o
 .debug_frame   0x000002c0       0x30 ../../../../LUFA/Drivers/USB/HighLevel/HostStandardReq.o
 .debug_frame   0x000002f0       0xc0 ../../../../LUFA/Drivers/USB/HighLevel/PipeStream.o
 .debug_frame   0x000003b0       0x20 ../../../../LUFA/Drivers/USB/HighLevel/USBTask.o
 .debug_frame   0x000003d0       0x50 ../../../../LUFA/Drivers/USB/Class/Host/HIDParser.o
 .debug_frame   0x00000420       0x30 ../../../../LUFA/Drivers/Peripheral/Serial.o
 .debug_frame   0x00000450       0x30 ../../../../LUFA/Drivers/Peripheral/SerialStream.o
 .debug_frame   0x00000480       0x20 /usr/local/CrossPack-AVR-20100115/lib/gcc/avr/4.3.3/../../../../avr/lib/avr51/libc.a(printf_p.o)
 .debug_frame   0x000004a0       0x20 /usr/local/CrossPack-AVR-20100115/lib/gcc/avr/4.3.3/../../../../avr/lib/avr51/libc.a(puts_p.o)
 .debug_frame   0x000004c0       0x20 /usr/local/CrossPack-AVR-20100115/lib/gcc/avr/4.3.3/../../../../avr/lib/avr51/libc.a(vfprintf_std.o)
 .debug_frame   0x000004e0       0x20 /usr/local/CrossPack-AVR-20100115/lib/gcc/avr/4.3.3/../../../../avr/lib/avr51/libc.a(fputc.o)

.debug_str      0x00000000     0x235e
 *(.debug_str)
 .debug_str     0x00000000      0x77b GenericHIDHost.o
                                0x7db (size before relaxing)
 .debug_str     0x0000077b      0x526 ConfigDescriptor.o
                                0x746 (size before relaxing)
 .debug_str     0x00000ca1      0x58a ../../../../LUFA/Drivers/USB/LowLevel/Host.o
                                0xa72 (size before relaxing)
 .debug_str     0x0000122b      0x221 ../../../../LUFA/Drivers/USB/LowLevel/Pipe.o
                                0x56d (size before relaxing)
 .debug_str     0x0000144c      0x16d ../../../../LUFA/Drivers/USB/LowLevel/USBController.o
                                0x476 (size before relaxing)
 .debug_str     0x000015b9       0xa9 ../../../../LUFA/Drivers/USB/LowLevel/USBInterrupt.o
                                0x40a (size before relaxing)
 .debug_str     0x00001662      0x209 ../../../../LUFA/Drivers/USB/HighLevel/ConfigDescriptor.o
                                0x7f5 (size before relaxing)
 .debug_str     0x0000186b       0x3f ../../../../LUFA/Drivers/USB/HighLevel/Events.o
                                0x126 (size before relaxing)
 .debug_str     0x000018aa      0x197 ../../../../LUFA/Drivers/USB/HighLevel/HostStandardReq.o
                                0x532 (size before relaxing)
 .debug_str     0x00001a41      0x1e7 ../../../../LUFA/Drivers/USB/HighLevel/PipeStream.o
                                0x377 (size before relaxing)
 .debug_str     0x00001c28       0x53 ../../../../LUFA/Drivers/USB/HighLevel/USBTask.o
                                0x1f5 (size before relaxing)
 .debug_str     0x00001c7b      0x473 ../../../../LUFA/Drivers/USB/Class/Host/HIDParser.o
                                0x5f6 (size before relaxing)
 .debug_str     0x000020ee       0x75 ../../../../LUFA/Drivers/Peripheral/Serial.o
                                0x197 (size before relaxing)
 .debug_str     0x00002163       0x7f ../../../../LUFA/Drivers/Peripheral/SerialStream.o
                                0x1c7 (size before relaxing)
 .debug_str     0x000021e2       0x7d /usr/local/CrossPack-AVR-20100115/lib/gcc/avr/4.3.3/../../../../avr/lib/avr51/libc.a(iob.o)
                                0x121 (size before relaxing)
 .debug_str     0x0000225f       0x49 /usr/local/CrossPack-AVR-20100115/lib/gcc/avr/4.3.3/../../../../avr/lib/avr51/libc.a(printf_p.o)
                                0x158 (size before relaxing)
 .debug_str     0x000022a8       0x24 /usr/local/CrossPack-AVR-20100115/lib/gcc/avr/4.3.3/../../../../avr/lib/avr51/libc.a(puts_p.o)
                                0x146 (size before relaxing)
 .debug_str     0x000022cc       0x70 /usr/local/CrossPack-AVR-20100115/lib/gcc/avr/4.3.3/../../../../avr/lib/avr51/libc.a(vfprintf_std.o)
                                0x19a (size before relaxing)
 .debug_str     0x0000233c       0x22 /usr/local/CrossPack-AVR-20100115/lib/gcc/avr/4.3.3/../../../../avr/lib/avr51/libc.a(fputc.o)
                                0x12a (size before relaxing)

.debug_loc      0x00000000     0x2090
 *(.debug_loc)
 .debug_loc     0x00000000      0x1e5 GenericHIDHost.o
 .debug_loc     0x000001e5      0x100 ConfigDescriptor.o
 .debug_loc     0x000002e5      0x245 ../../../../LUFA/Drivers/USB/LowLevel/Host.o
 .debug_loc     0x0000052a      0x136 ../../../../LUFA/Drivers/USB/LowLevel/Pipe.o
 .debug_loc     0x00000660       0x13 ../../../../LUFA/Drivers/USB/LowLevel/USBController.o
 .debug_loc     0x00000673      0x352 ../../../../LUFA/Drivers/USB/HighLevel/ConfigDescriptor.o
 .debug_loc     0x000009c5      0x240 ../../../../LUFA/Drivers/USB/HighLevel/HostStandardReq.o
 .debug_loc     0x00000c05      0xa4f ../../../../LUFA/Drivers/USB/HighLevel/PipeStream.o
 .debug_loc     0x00001654       0x13 ../../../../LUFA/Drivers/USB/HighLevel/USBTask.o
 .debug_loc     0x00001667      0x46c ../../../../LUFA/Drivers/USB/Class/Host/HIDParser.o
 .debug_loc     0x00001ad3       0x50 ../../../../LUFA/Drivers/Peripheral/Serial.o
 .debug_loc     0x00001b23       0x36 ../../../../LUFA/Drivers/Peripheral/SerialStream.o
 .debug_loc     0x00001b59       0x5e /usr/local/CrossPack-AVR-20100115/lib/gcc/avr/4.3.3/../../../../avr/lib/avr51/libc.a(puts_p.o)
 .debug_loc     0x00001bb7      0x479 /usr/local/CrossPack-AVR-20100115/lib/gcc/avr/4.3.3/../../../../avr/lib/avr51/libc.a(vfprintf_std.o)
 .debug_loc     0x00002030       0x60 /usr/local/CrossPack-AVR-20100115/lib/gcc/avr/4.3.3/../../../../avr/lib/avr51/libc.a(fputc.o)

.debug_macinfo
 *(.debug_macinfo)
OUTPUT(GenericHIDHost.elf elf32-avr)
LOAD linker stubs

.debug_ranges   0x00000000      0x410
 .debug_ranges  0x00000000       0x60 GenericHIDHost.o
 .debug_ranges  0x00000060       0x40 ConfigDescriptor.o
 .debug_ranges  0x000000a0       0x90 ../../../../LUFA/Drivers/USB/LowLevel/Host.o
 .debug_ranges  0x00000130       0x48 ../../../../LUFA/Drivers/USB/LowLevel/Pipe.o
 .debug_ranges  0x00000178       0x28 ../../../../LUFA/Drivers/USB/LowLevel/USBController.o
 .debug_ranges  0x000001a0       0x28 ../../../../LUFA/Drivers/USB/LowLevel/USBInterrupt.o
 .debug_ranges  0x000001c8       0x38 ../../../../LUFA/Drivers/USB/HighLevel/ConfigDescriptor.o
 .debug_ranges  0x00000200       0x18 ../../../../LUFA/Drivers/USB/HighLevel/Events.o
 .debug_ranges  0x00000218       0x20 ../../../../LUFA/Drivers/USB/HighLevel/HostStandardReq.o
 .debug_ranges  0x00000238       0x68 ../../../../LUFA/Drivers/USB/HighLevel/PipeStream.o
 .debug_ranges  0x000002a0       0x18 ../../../../LUFA/Drivers/USB/HighLevel/USBTask.o
 .debug_ranges  0x000002b8       0xa0 ../../../../LUFA/Drivers/USB/Class/Host/HIDParser.o
 .debug_ranges  0x00000358       0x20 ../../../../LUFA/Drivers/Peripheral/Serial.o
 .debug_ranges  0x00000378       0x20 ../../../../LUFA/Drivers/Peripheral/SerialStream.o
 .debug_ranges  0x00000398       0x18 /usr/local/CrossPack-AVR-20100115/lib/gcc/avr/4.3.3/../../../../avr/lib/avr51/libc.a(printf_p.o)
 .debug_ranges  0x000003b0       0x18 /usr/local/CrossPack-AVR-20100115/lib/gcc/avr/4.3.3/../../../../avr/lib/avr51/libc.a(puts_p.o)
 .debug_ranges  0x000003c8       0x30 /usr/local/CrossPack-AVR-20100115/lib/gcc/avr/4.3.3/../../../../avr/lib/avr51/libc.a(vfprintf_std.o)
 .debug_ranges  0x000003f8       0x18 /usr/local/CrossPack-AVR-20100115/lib/gcc/avr/4.3.3/../../../../avr/lib/avr51/libc.a(fputc.o)

Cross Reference Table

Symbol                                            File
CALLBACK_HIDParser_FilterHIDReportItem            ../../../../LUFA/Drivers/USB/Class/Host/HIDParser.o
DComp_NextHIDInterface                            ConfigDescriptor.o
DComp_NextHIDInterfaceDataEndpoint                ConfigDescriptor.o
EVENT_USB_Host_DeviceAttached                     GenericHIDHost.o
                                                  ../../../../LUFA/Drivers/USB/LowLevel/USBInterrupt.o
EVENT_USB_Host_DeviceEnumerationComplete          GenericHIDHost.o
                                                  ../../../../LUFA/Drivers/USB/LowLevel/Host.o
EVENT_USB_Host_DeviceEnumerationFailed            GenericHIDHost.o
                                                  ../../../../LUFA/Drivers/USB/LowLevel/USBInterrupt.o
                                                  ../../../../LUFA/Drivers/USB/LowLevel/Host.o
EVENT_USB_Host_DeviceUnattached                   GenericHIDHost.o
                                                  ../../../../LUFA/Drivers/USB/LowLevel/USBInterrupt.o
                                                  ../../../../LUFA/Drivers/USB/LowLevel/Host.o
EVENT_USB_Host_HostError                          GenericHIDHost.o
                                                  ../../../../LUFA/Drivers/USB/LowLevel/USBInterrupt.o
EVENT_USB_Host_StartOfFrame                       ../../../../LUFA/Drivers/USB/HighLevel/Events.o
                                                  ../../../../LUFA/Drivers/USB/LowLevel/USBInterrupt.o
HID_Host_Task                                     GenericHIDHost.o
Pipe_ClearPipes                                   ../../../../LUFA/Drivers/USB/LowLevel/Pipe.o
                                                  ../../../../LUFA/Drivers/USB/LowLevel/Host.o
Pipe_ConfigurePipe                                ../../../../LUFA/Drivers/USB/LowLevel/Pipe.o
                                                  ../../../../LUFA/Drivers/USB/LowLevel/Host.o
                                                  ConfigDescriptor.o
Pipe_Discard_Stream                               ../../../../LUFA/Drivers/USB/HighLevel/PipeStream.o
Pipe_IsEndpointBound                              ../../../../LUFA/Drivers/USB/LowLevel/Pipe.o
Pipe_Read_EStream_BE                              ../../../../LUFA/Drivers/USB/HighLevel/PipeStream.o
Pipe_Read_EStream_LE                              ../../../../LUFA/Drivers/USB/HighLevel/PipeStream.o
Pipe_Read_Stream_BE                               ../../../../LUFA/Drivers/USB/HighLevel/PipeStream.o
Pipe_Read_Stream_LE                               ../../../../LUFA/Drivers/USB/HighLevel/PipeStream.o
                                                  GenericHIDHost.o
Pipe_WaitUntilReady                               ../../../../LUFA/Drivers/USB/LowLevel/Pipe.o
                                                  ../../../../LUFA/Drivers/USB/HighLevel/PipeStream.o
Pipe_Write_EStream_BE                             ../../../../LUFA/Drivers/USB/HighLevel/PipeStream.o
Pipe_Write_EStream_LE                             ../../../../LUFA/Drivers/USB/HighLevel/PipeStream.o
Pipe_Write_PStream_BE                             ../../../../LUFA/Drivers/USB/HighLevel/PipeStream.o
Pipe_Write_PStream_LE                             ../../../../LUFA/Drivers/USB/HighLevel/PipeStream.o
Pipe_Write_Stream_BE                              ../../../../LUFA/Drivers/USB/HighLevel/PipeStream.o
Pipe_Write_Stream_LE                              ../../../../LUFA/Drivers/USB/HighLevel/PipeStream.o
                                                  GenericHIDHost.o
ProcessConfigurationDescriptor                    ConfigDescriptor.o
                                                  GenericHIDHost.o
ReadNextReport                                    GenericHIDHost.o
Serial_TxString                                   ../../../../LUFA/Drivers/Peripheral/Serial.o
Serial_TxString_P                                 ../../../../LUFA/Drivers/Peripheral/Serial.o
SetupHardware                                     GenericHIDHost.o
USARTStream                                       ../../../../LUFA/Drivers/Peripheral/SerialStream.o
                                                  GenericHIDHost.o
USB_ControlPipeSize                               ../../../../LUFA/Drivers/USB/LowLevel/Pipe.o
                                                  ../../../../LUFA/Drivers/USB/HighLevel/HostStandardReq.o
                                                  ../../../../LUFA/Drivers/USB/LowLevel/USBController.o
                                                  ../../../../LUFA/Drivers/USB/LowLevel/Host.o
USB_ControlRequest                                ../../../../LUFA/Drivers/USB/HighLevel/USBTask.o
                                                  ../../../../LUFA/Drivers/USB/HighLevel/HostStandardReq.o
                                                  ../../../../LUFA/Drivers/USB/HighLevel/ConfigDescriptor.o
                                                  ../../../../LUFA/Drivers/USB/LowLevel/Host.o
                                                  GenericHIDHost.o
USB_Event_Stub                                    ../../../../LUFA/Drivers/USB/HighLevel/Events.o
USB_GetHIDReportItemInfo                          ../../../../LUFA/Drivers/USB/Class/Host/HIDParser.o
USB_GetHIDReportSize                              ../../../../LUFA/Drivers/USB/Class/Host/HIDParser.o
USB_GetNextDescriptorComp                         ../../../../LUFA/Drivers/USB/HighLevel/ConfigDescriptor.o
                                                  ConfigDescriptor.o
USB_GetNextDescriptorOfType                       ../../../../LUFA/Drivers/USB/HighLevel/ConfigDescriptor.o
USB_GetNextDescriptorOfTypeAfter                  ../../../../LUFA/Drivers/USB/HighLevel/ConfigDescriptor.o
USB_GetNextDescriptorOfTypeBefore                 ../../../../LUFA/Drivers/USB/HighLevel/ConfigDescriptor.o
USB_HostState                                     ../../../../LUFA/Drivers/USB/HighLevel/USBTask.o
                                                  ../../../../LUFA/Drivers/USB/LowLevel/USBInterrupt.o
                                                  ../../../../LUFA/Drivers/USB/LowLevel/USBController.o
                                                  ../../../../LUFA/Drivers/USB/LowLevel/Pipe.o
                                                  ../../../../LUFA/Drivers/USB/LowLevel/Host.o
                                                  GenericHIDHost.o
USB_Host_ClearPipeStall                           ../../../../LUFA/Drivers/USB/LowLevel/Host.o
USB_Host_GetDeviceConfigDescriptor                ../../../../LUFA/Drivers/USB/HighLevel/ConfigDescriptor.o
                                                  ConfigDescriptor.o
USB_Host_GetDeviceDescriptor                      ../../../../LUFA/Drivers/USB/LowLevel/Host.o
USB_Host_GetDeviceStringDescriptor                ../../../../LUFA/Drivers/USB/LowLevel/Host.o
USB_Host_ProcessNextHostState                     ../../../../LUFA/Drivers/USB/LowLevel/Host.o
                                                  ../../../../LUFA/Drivers/USB/HighLevel/USBTask.o
USB_Host_SendControlRequest                       ../../../../LUFA/Drivers/USB/HighLevel/HostStandardReq.o
                                                  ../../../../LUFA/Drivers/USB/HighLevel/ConfigDescriptor.o
                                                  ../../../../LUFA/Drivers/USB/LowLevel/Host.o
                                                  GenericHIDHost.o
USB_Host_SetDeviceConfiguration                   ../../../../LUFA/Drivers/USB/LowLevel/Host.o
                                                  GenericHIDHost.o
USB_Host_WaitMS                                   ../../../../LUFA/Drivers/USB/LowLevel/Host.o
                                                  ../../../../LUFA/Drivers/USB/HighLevel/HostStandardReq.o
USB_INT_ClearAllInterrupts                        ../../../../LUFA/Drivers/USB/LowLevel/USBInterrupt.o
                                                  ../../../../LUFA/Drivers/USB/LowLevel/USBController.o
USB_INT_DisableAllInterrupts                      ../../../../LUFA/Drivers/USB/LowLevel/USBInterrupt.o
                                                  ../../../../LUFA/Drivers/USB/LowLevel/USBController.o
USB_Init                                          ../../../../LUFA/Drivers/USB/LowLevel/USBController.o
                                                  GenericHIDHost.o
USB_IsInitialized                                 ../../../../LUFA/Drivers/USB/HighLevel/USBTask.o
                                                  ../../../../LUFA/Drivers/USB/LowLevel/USBController.o
USB_ProcessHIDReport                              ../../../../LUFA/Drivers/USB/Class/Host/HIDParser.o
USB_ResetInterface                                ../../../../LUFA/Drivers/USB/LowLevel/USBController.o
                                                  ../../../../LUFA/Drivers/USB/LowLevel/USBInterrupt.o
                                                  ../../../../LUFA/Drivers/USB/LowLevel/Host.o
USB_SetHIDReportItemInfo                          ../../../../LUFA/Drivers/USB/Class/Host/HIDParser.o
USB_ShutDown                                      ../../../../LUFA/Drivers/USB/LowLevel/USBController.o
                                                  GenericHIDHost.o
USB_USBTask                                       ../../../../LUFA/Drivers/USB/HighLevel/USBTask.o
                                                  GenericHIDHost.o
WriteNextReport                                   GenericHIDHost.o
__bad_interrupt                                   /usr/local/CrossPack-AVR-20100115/lib/gcc/avr/4.3.3/../../../../avr/lib/avr51/crtusb1287.o
__bss_end                                         /usr/local/CrossPack-AVR-20100115/lib/gcc/avr/4.3.3/avr51/libgcc.a(_clear_bss.o)
__bss_start                                       /usr/local/CrossPack-AVR-20100115/lib/gcc/avr/4.3.3/avr51/libgcc.a(_clear_bss.o)
__data_end                                        /usr/local/CrossPack-AVR-20100115/lib/gcc/avr/4.3.3/../../../../avr/lib/avr51/crtusb1287.o
__data_load_start                                 /usr/local/CrossPack-AVR-20100115/lib/gcc/avr/4.3.3/../../../../avr/lib/avr51/crtusb1287.o
__data_start                                      /usr/local/CrossPack-AVR-20100115/lib/gcc/avr/4.3.3/../../../../avr/lib/avr51/crtusb1287.o
__do_clear_bss                                    /usr/local/CrossPack-AVR-20100115/lib/gcc/avr/4.3.3/avr51/libgcc.a(_clear_bss.o)
                                                  /usr/local/CrossPack-AVR-20100115/lib/gcc/avr/4.3.3/../../../../avr/lib/avr51/libc.a(iob.o)
                                                  ../../../../LUFA/Drivers/USB/HighLevel/USBTask.o
                                                  ../../../../LUFA/Drivers/USB/LowLevel/Host.o
__do_copy_data                                    /usr/local/CrossPack-AVR-20100115/lib/gcc/avr/4.3.3/../../../../avr/lib/avr51/crtusb1287.o
                                                  ../../../../LUFA/Drivers/Peripheral/SerialStream.o
                                                  ../../../../LUFA/Drivers/USB/LowLevel/Pipe.o
                                                  ../../../../LUFA/Drivers/USB/LowLevel/Host.o
__eerd_byte_usb1287                               /usr/local/CrossPack-AVR-20100115/lib/gcc/avr/4.3.3/../../../../avr/lib/avr51/libc.a(eerd_byte_at90usb1287.o)
                                                  ../../../../LUFA/Drivers/USB/HighLevel/PipeStream.o
__eeupd_byte_usb1287                              /usr/local/CrossPack-AVR-20100115/lib/gcc/avr/4.3.3/../../../../avr/lib/avr51/libc.a(eeupd_byte_at90usb1287.o)
                                                  ../../../../LUFA/Drivers/USB/HighLevel/PipeStream.o
__eeupd_r18_usb1287                               /usr/local/CrossPack-AVR-20100115/lib/gcc/avr/4.3.3/../../../../avr/lib/avr51/libc.a(eeupd_byte_at90usb1287.o)
__heap_end                                        /usr/local/CrossPack-AVR-20100115/lib/gcc/avr/4.3.3/../../../../avr/lib/avr51/crtusb1287.o
__init                                            /usr/local/CrossPack-AVR-20100115/lib/gcc/avr/4.3.3/../../../../avr/lib/avr51/crtusb1287.o
__iob                                             /usr/local/CrossPack-AVR-20100115/lib/gcc/avr/4.3.3/../../../../avr/lib/avr51/libc.a(puts_p.o)
                                                  /usr/local/CrossPack-AVR-20100115/lib/gcc/avr/4.3.3/../../../../avr/lib/avr51/libc.a(printf_p.o)
                                                  /usr/local/CrossPack-AVR-20100115/lib/gcc/avr/4.3.3/../../../../avr/lib/avr51/libc.a(iob.o)
                                                  GenericHIDHost.o
__stack                                           /usr/local/CrossPack-AVR-20100115/lib/gcc/avr/4.3.3/../../../../avr/lib/avr51/crtusb1287.o
__ultoa_invert                                    /usr/local/CrossPack-AVR-20100115/lib/gcc/avr/4.3.3/../../../../avr/lib/avr51/libc.a(ultoa_invert.o)
                                                  /usr/local/CrossPack-AVR-20100115/lib/gcc/avr/4.3.3/../../../../avr/lib/avr51/libc.a(vfprintf_std.o)
__vector_1                                        /usr/local/CrossPack-AVR-20100115/lib/gcc/avr/4.3.3/../../../../avr/lib/avr51/crtusb1287.o
__vector_10                                       ../../../../LUFA/Drivers/USB/LowLevel/USBInterrupt.o
                                                  /usr/local/CrossPack-AVR-20100115/lib/gcc/avr/4.3.3/../../../../avr/lib/avr51/crtusb1287.o
__vector_11                                       /usr/local/CrossPack-AVR-20100115/lib/gcc/avr/4.3.3/../../../../avr/lib/avr51/crtusb1287.o
__vector_12                                       /usr/local/CrossPack-AVR-20100115/lib/gcc/avr/4.3.3/../../../../avr/lib/avr51/crtusb1287.o
__vector_13                                       /usr/local/CrossPack-AVR-20100115/lib/gcc/avr/4.3.3/../../../../avr/lib/avr51/crtusb1287.o
__vector_14                                       /usr/local/CrossPack-AVR-20100115/lib/gcc/avr/4.3.3/../../../../avr/lib/avr51/crtusb1287.o
__vector_15                                       /usr/local/CrossPack-AVR-20100115/lib/gcc/avr/4.3.3/../../../../avr/lib/avr51/crtusb1287.o
__vector_16                                       /usr/local/CrossPack-AVR-20100115/lib/gcc/avr/4.3.3/../../../../avr/lib/avr51/crtusb1287.o
__vector_17                                       /usr/local/CrossPack-AVR-20100115/lib/gcc/avr/4.3.3/../../../../avr/lib/avr51/crtusb1287.o
__vector_18                                       /usr/local/CrossPack-AVR-20100115/lib/gcc/avr/4.3.3/../../../../avr/lib/avr51/crtusb1287.o
__vector_19                                       /usr/local/CrossPack-AVR-20100115/lib/gcc/avr/4.3.3/../../../../avr/lib/avr51/crtusb1287.o
__vector_2                                        /usr/local/CrossPack-AVR-20100115/lib/gcc/avr/4.3.3/../../../../avr/lib/avr51/crtusb1287.o
__vector_20                                       /usr/local/CrossPack-AVR-20100115/lib/gcc/avr/4.3.3/../../../../avr/lib/avr51/crtusb1287.o
__vector_21                                       /usr/local/CrossPack-AVR-20100115/lib/gcc/avr/4.3.3/../../../../avr/lib/avr51/crtusb1287.o
__vector_22                                       /usr/local/CrossPack-AVR-20100115/lib/gcc/avr/4.3.3/../../../../avr/lib/avr51/crtusb1287.o
__vector_23                                       /usr/local/CrossPack-AVR-20100115/lib/gcc/avr/4.3.3/../../../../avr/lib/avr51/crtusb1287.o
__vector_24                                       /usr/local/CrossPack-AVR-20100115/lib/gcc/avr/4.3.3/../../../../avr/lib/avr51/crtusb1287.o
__vector_25                                       /usr/local/CrossPack-AVR-20100115/lib/gcc/avr/4.3.3/../../../../avr/lib/avr51/crtusb1287.o
__vector_26                                       /usr/local/CrossPack-AVR-20100115/lib/gcc/avr/4.3.3/../../../../avr/lib/avr51/crtusb1287.o
__vector_27                                       /usr/local/CrossPack-AVR-20100115/lib/gcc/avr/4.3.3/../../../../avr/lib/avr51/crtusb1287.o
__vector_28                                       /usr/local/CrossPack-AVR-20100115/lib/gcc/avr/4.3.3/../../../../avr/lib/avr51/crtusb1287.o
__vector_29                                       /usr/local/CrossPack-AVR-20100115/lib/gcc/avr/4.3.3/../../../../avr/lib/avr51/crtusb1287.o
__vector_3                                        /usr/local/CrossPack-AVR-20100115/lib/gcc/avr/4.3.3/../../../../avr/lib/avr51/crtusb1287.o
__vector_30                                       /usr/local/CrossPack-AVR-20100115/lib/gcc/avr/4.3.3/../../../../avr/lib/avr51/crtusb1287.o
__vector_31                                       /usr/local/CrossPack-AVR-20100115/lib/gcc/avr/4.3.3/../../../../avr/lib/avr51/crtusb1287.o
__vector_32                                       /usr/local/CrossPack-AVR-20100115/lib/gcc/avr/4.3.3/../../../../avr/lib/avr51/crtusb1287.o
__vector_33                                       /usr/local/CrossPack-AVR-20100115/lib/gcc/avr/4.3.3/../../../../avr/lib/avr51/crtusb1287.o
__vector_34                                       /usr/local/CrossPack-AVR-20100115/lib/gcc/avr/4.3.3/../../../../avr/lib/avr51/crtusb1287.o
__vector_35                                       /usr/local/CrossPack-AVR-20100115/lib/gcc/avr/4.3.3/../../../../avr/lib/avr51/crtusb1287.o
__vector_36                                       /usr/local/CrossPack-AVR-20100115/lib/gcc/avr/4.3.3/../../../../avr/lib/avr51/crtusb1287.o
__vector_37                                       /usr/local/CrossPack-AVR-20100115/lib/gcc/avr/4.3.3/../../../../avr/lib/avr51/crtusb1287.o
__vector_4                                        /usr/local/CrossPack-AVR-20100115/lib/gcc/avr/4.3.3/../../../../avr/lib/avr51/crtusb1287.o
__vector_5                                        /usr/local/CrossPack-AVR-20100115/lib/gcc/avr/4.3.3/../../../../avr/lib/avr51/crtusb1287.o
__vector_6                                        /usr/local/CrossPack-AVR-20100115/lib/gcc/avr/4.3.3/../../../../avr/lib/avr51/crtusb1287.o
__vector_7                                        /usr/local/CrossPack-AVR-20100115/lib/gcc/avr/4.3.3/../../../../avr/lib/avr51/crtusb1287.o
__vector_8                                        /usr/local/CrossPack-AVR-20100115/lib/gcc/avr/4.3.3/../../../../avr/lib/avr51/crtusb1287.o
__vector_9                                        /usr/local/CrossPack-AVR-20100115/lib/gcc/avr/4.3.3/../../../../avr/lib/avr51/crtusb1287.o
__vector_default                                  /usr/local/CrossPack-AVR-20100115/lib/gcc/avr/4.3.3/../../../../avr/lib/avr51/crtusb1287.o
__vectors                                         /usr/local/CrossPack-AVR-20100115/lib/gcc/avr/4.3.3/../../../../avr/lib/avr51/crtusb1287.o
_exit                                             /usr/local/CrossPack-AVR-20100115/lib/gcc/avr/4.3.3/avr51/libgcc.a(_exit.o)
exit                                              /usr/local/CrossPack-AVR-20100115/lib/gcc/avr/4.3.3/avr51/libgcc.a(_exit.o)
                                                  /usr/local/CrossPack-AVR-20100115/lib/gcc/avr/4.3.3/../../../../avr/lib/avr51/crtusb1287.o
fputc                                             /usr/local/CrossPack-AVR-20100115/lib/gcc/avr/4.3.3/../../../../avr/lib/avr51/libc.a(fputc.o)
                                                  /usr/local/CrossPack-AVR-20100115/lib/gcc/avr/4.3.3/../../../../avr/lib/avr51/libc.a(vfprintf_std.o)
main                                              GenericHIDHost.o
                                                  /usr/local/CrossPack-AVR-20100115/lib/gcc/avr/4.3.3/../../../../avr/lib/avr51/crtusb1287.o
printf_P                                          /usr/local/CrossPack-AVR-20100115/lib/gcc/avr/4.3.3/../../../../avr/lib/avr51/libc.a(printf_p.o)
                                                  GenericHIDHost.o
puts_P                                            /usr/local/CrossPack-AVR-20100115/lib/gcc/avr/4.3.3/../../../../avr/lib/avr51/libc.a(puts_p.o)
                                                  GenericHIDHost.o
strnlen                                           /usr/local/CrossPack-AVR-20100115/lib/gcc/avr/4.3.3/../../../../avr/lib/avr51/libc.a(strnlen.o)
                                                  /usr/local/CrossPack-AVR-20100115/lib/gcc/avr/4.3.3/../../../../avr/lib/avr51/libc.a(vfprintf_std.o)
strnlen_P                                         /usr/local/CrossPack-AVR-20100115/lib/gcc/avr/4.3.3/../../../../avr/lib/avr51/libc.a(strnlen_P.o)
                                                  /usr/local/CrossPack-AVR-20100115/lib/gcc/avr/4.3.3/../../../../avr/lib/avr51/libc.a(vfprintf_std.o)
vfprintf                                          /usr/local/CrossPack-AVR-20100115/lib/gcc/avr/4.3.3/../../../../avr/lib/avr51/libc.a(vfprintf_std.o)
                                                  /usr/local/CrossPack-AVR-20100115/lib/gcc/avr/4.3.3/../../../../avr/lib/avr51/libc.a(printf_p.o)
