Archive member included because of file (symbol)

/usr/local/CrossPack-AVR-20100115/lib/gcc/avr/4.3.3/avr51/libgcc.a(_exit.o)
                              /usr/local/CrossPack-AVR-20100115/lib/gcc/avr/4.3.3/../../../../avr/lib/avr51/crtusb1287.o (exit)
/usr/local/CrossPack-AVR-20100115/lib/gcc/avr/4.3.3/avr51/libgcc.a(_clear_bss.o)
                              Keyboard.o (__do_clear_bss)
/usr/local/CrossPack-AVR-20100115/lib/gcc/avr/4.3.3/../../../../avr/lib/avr51/libc.a(memcmp.o)
                              Keyboard.o (memcmp)
/usr/local/CrossPack-AVR-20100115/lib/gcc/avr/4.3.3/../../../../avr/lib/avr51/libc.a(eerd_byte_at90usb1287.o)
                              ../../../../LUFA/Drivers/USB/HighLevel/EndpointStream.o (__eerd_byte_usb1287)
/usr/local/CrossPack-AVR-20100115/lib/gcc/avr/4.3.3/../../../../avr/lib/avr51/libc.a(eeupd_byte_at90usb1287.o)
                              ../../../../LUFA/Drivers/USB/HighLevel/EndpointStream.o (__eeupd_byte_usb1287)

Allocating common symbols
Common symbol       size              file

USB_IsInitialized   0x1               ../../../../LUFA/Drivers/USB/HighLevel/USBTask.o
USB_CurrentlySelfPowered
                    0x1               ../../../../LUFA/Drivers/USB/HighLevel/DeviceStandardReq.o
USB_RemoteWakeupEnabled
                    0x1               ../../../../LUFA/Drivers/USB/HighLevel/DeviceStandardReq.o
USB_DeviceState     0x1               ../../../../LUFA/Drivers/USB/HighLevel/USBTask.o
USB_ControlRequest  0x8               ../../../../LUFA/Drivers/USB/HighLevel/USBTask.o
USB_ConfigurationNumber
                    0x1               ../../../../LUFA/Drivers/USB/HighLevel/DeviceStandardReq.o

Discarded input sections

 .data          0x00000000        0x0 /usr/local/CrossPack-AVR-20100115/lib/gcc/avr/4.3.3/../../../../avr/lib/avr51/crtusb1287.o
 .bss           0x00000000        0x0 /usr/local/CrossPack-AVR-20100115/lib/gcc/avr/4.3.3/../../../../avr/lib/avr51/crtusb1287.o
 .text          0x00000000        0x0 Keyboard.o
 .text          0x00000000        0x0 Descriptors.o
 .data          0x00000000        0x0 Descriptors.o
 .bss           0x00000000        0x0 Descriptors.o
 .text          0x00000000        0x0 ../../../../LUFA/Drivers/USB/LowLevel/Device.o
 .data          0x00000000        0x0 ../../../../LUFA/Drivers/USB/LowLevel/Device.o
 .bss           0x00000000        0x0 ../../../../LUFA/Drivers/USB/LowLevel/Device.o
 .text.USB_Device_SendRemoteWakeup
                0x00000000        0x0 ../../../../LUFA/Drivers/USB/LowLevel/Device.o
 .text          0x00000000        0x0 ../../../../LUFA/Drivers/USB/LowLevel/Endpoint.o
 .data          0x00000000        0x0 ../../../../LUFA/Drivers/USB/LowLevel/Endpoint.o
 .bss           0x00000000        0x0 ../../../../LUFA/Drivers/USB/LowLevel/Endpoint.o
 .text.Endpoint_ClearEndpoints
                0x00000000        0x0 ../../../../LUFA/Drivers/USB/LowLevel/Endpoint.o
 .text          0x00000000        0x0 ../../../../LUFA/Drivers/USB/LowLevel/Host.o
 .data          0x00000000        0x0 ../../../../LUFA/Drivers/USB/LowLevel/Host.o
 .bss           0x00000000        0x0 ../../../../LUFA/Drivers/USB/LowLevel/Host.o
 .text          0x00000000        0x0 ../../../../LUFA/Drivers/USB/LowLevel/Pipe.o
 .data          0x00000000        0x0 ../../../../LUFA/Drivers/USB/LowLevel/Pipe.o
 .bss           0x00000000        0x0 ../../../../LUFA/Drivers/USB/LowLevel/Pipe.o
 .text          0x00000000        0x0 ../../../../LUFA/Drivers/USB/LowLevel/USBController.o
 .data          0x00000000        0x0 ../../../../LUFA/Drivers/USB/LowLevel/USBController.o
 .bss           0x00000000        0x0 ../../../../LUFA/Drivers/USB/LowLevel/USBController.o
 .text.USB_ShutDown
                0x00000000        0x0 ../../../../LUFA/Drivers/USB/LowLevel/USBController.o
 .text          0x00000000        0x0 ../../../../LUFA/Drivers/USB/LowLevel/USBInterrupt.o
 .data          0x00000000        0x0 ../../../../LUFA/Drivers/USB/LowLevel/USBInterrupt.o
 .bss           0x00000000        0x0 ../../../../LUFA/Drivers/USB/LowLevel/USBInterrupt.o
 .text          0x00000000        0x0 ../../../../LUFA/Drivers/USB/HighLevel/ConfigDescriptor.o
 .data          0x00000000        0x0 ../../../../LUFA/Drivers/USB/HighLevel/ConfigDescriptor.o
 .bss           0x00000000        0x0 ../../../../LUFA/Drivers/USB/HighLevel/ConfigDescriptor.o
 .text.USB_GetNextDescriptorOfType
                0x00000000        0x0 ../../../../LUFA/Drivers/USB/HighLevel/ConfigDescriptor.o
 .text.USB_GetNextDescriptorOfTypeBefore
                0x00000000        0x0 ../../../../LUFA/Drivers/USB/HighLevel/ConfigDescriptor.o
 .text.USB_GetNextDescriptorOfTypeAfter
                0x00000000        0x0 ../../../../LUFA/Drivers/USB/HighLevel/ConfigDescriptor.o
 .text.USB_GetNextDescriptorComp
                0x00000000        0x0 ../../../../LUFA/Drivers/USB/HighLevel/ConfigDescriptor.o
 .text          0x00000000        0x0 ../../../../LUFA/Drivers/USB/HighLevel/DeviceStandardReq.o
 .data          0x00000000        0x0 ../../../../LUFA/Drivers/USB/HighLevel/DeviceStandardReq.o
 .bss           0x00000000        0x0 ../../../../LUFA/Drivers/USB/HighLevel/DeviceStandardReq.o
 .text          0x00000000        0x0 ../../../../LUFA/Drivers/USB/HighLevel/Events.o
 .data          0x00000000        0x0 ../../../../LUFA/Drivers/USB/HighLevel/Events.o
 .bss           0x00000000        0x0 ../../../../LUFA/Drivers/USB/HighLevel/Events.o
 .text          0x00000000        0x0 ../../../../LUFA/Drivers/USB/HighLevel/EndpointStream.o
 .data          0x00000000        0x0 ../../../../LUFA/Drivers/USB/HighLevel/EndpointStream.o
 .bss           0x00000000        0x0 ../../../../LUFA/Drivers/USB/HighLevel/EndpointStream.o
 .text.Endpoint_Write_Control_Stream_BE
                0x00000000        0x0 ../../../../LUFA/Drivers/USB/HighLevel/EndpointStream.o
 .text.Endpoint_Write_Control_PStream_BE
                0x00000000        0x0 ../../../../LUFA/Drivers/USB/HighLevel/EndpointStream.o
 .text.Endpoint_Read_Control_Stream_LE
                0x00000000        0x0 ../../../../LUFA/Drivers/USB/HighLevel/EndpointStream.o
 .text.Endpoint_Read_Control_Stream_BE
                0x00000000        0x0 ../../../../LUFA/Drivers/USB/HighLevel/EndpointStream.o
 .text.Endpoint_Read_Control_EStream_BE
                0x00000000        0x0 ../../../../LUFA/Drivers/USB/HighLevel/EndpointStream.o
 .text.Endpoint_Read_Control_EStream_LE
                0x00000000        0x0 ../../../../LUFA/Drivers/USB/HighLevel/EndpointStream.o
 .text.Endpoint_Write_Control_EStream_BE
                0x00000000        0x0 ../../../../LUFA/Drivers/USB/HighLevel/EndpointStream.o
 .text.Endpoint_Write_Control_EStream_LE
                0x00000000        0x0 ../../../../LUFA/Drivers/USB/HighLevel/EndpointStream.o
 .text.Endpoint_Read_EStream_BE
                0x00000000        0x0 ../../../../LUFA/Drivers/USB/HighLevel/EndpointStream.o
 .text.Endpoint_Read_Stream_BE
                0x00000000        0x0 ../../../../LUFA/Drivers/USB/HighLevel/EndpointStream.o
 .text.Endpoint_Read_EStream_LE
                0x00000000        0x0 ../../../../LUFA/Drivers/USB/HighLevel/EndpointStream.o
 .text.Endpoint_Read_Stream_LE
                0x00000000        0x0 ../../../../LUFA/Drivers/USB/HighLevel/EndpointStream.o
 .text.Endpoint_Write_PStream_BE
                0x00000000        0x0 ../../../../LUFA/Drivers/USB/HighLevel/EndpointStream.o
 .text.Endpoint_Write_EStream_BE
                0x00000000        0x0 ../../../../LUFA/Drivers/USB/HighLevel/EndpointStream.o
 .text.Endpoint_Write_Stream_BE
                0x00000000        0x0 ../../../../LUFA/Drivers/USB/HighLevel/EndpointStream.o
 .text.Endpoint_Write_EStream_LE
                0x00000000        0x0 ../../../../LUFA/Drivers/USB/HighLevel/EndpointStream.o
 .text.Endpoint_Write_PStream_LE
                0x00000000        0x0 ../../../../LUFA/Drivers/USB/HighLevel/EndpointStream.o
 .text.Endpoint_Discard_Stream
                0x00000000        0x0 ../../../../LUFA/Drivers/USB/HighLevel/EndpointStream.o
 .text          0x00000000        0x0 ../../../../LUFA/Drivers/USB/HighLevel/HostStandardReq.o
 .data          0x00000000        0x0 ../../../../LUFA/Drivers/USB/HighLevel/HostStandardReq.o
 .bss           0x00000000        0x0 ../../../../LUFA/Drivers/USB/HighLevel/HostStandardReq.o
 .text          0x00000000        0x0 ../../../../LUFA/Drivers/USB/HighLevel/PipeStream.o
 .data          0x00000000        0x0 ../../../../LUFA/Drivers/USB/HighLevel/PipeStream.o
 .bss           0x00000000        0x0 ../../../../LUFA/Drivers/USB/HighLevel/PipeStream.o
 .text          0x00000000        0x0 ../../../../LUFA/Drivers/USB/HighLevel/USBTask.o
 .data          0x00000000        0x0 ../../../../LUFA/Drivers/USB/HighLevel/USBTask.o
 .bss           0x00000000        0x0 ../../../../LUFA/Drivers/USB/HighLevel/USBTask.o
 .text          0x00000000        0x0 ../../../../LUFA/Drivers/USB/Class/Host/HIDParser.o
 .data          0x00000000        0x0 ../../../../LUFA/Drivers/USB/Class/Host/HIDParser.o
 .bss           0x00000000        0x0 ../../../../LUFA/Drivers/USB/Class/Host/HIDParser.o
 .text          0x00000000        0x0 /usr/local/CrossPack-AVR-20100115/lib/gcc/avr/4.3.3/avr51/libgcc.a(_exit.o)
 .data          0x00000000        0x0 /usr/local/CrossPack-AVR-20100115/lib/gcc/avr/4.3.3/avr51/libgcc.a(_exit.o)
 .bss           0x00000000        0x0 /usr/local/CrossPack-AVR-20100115/lib/gcc/avr/4.3.3/avr51/libgcc.a(_exit.o)
 .text.libgcc   0x00000000        0x0 /usr/local/CrossPack-AVR-20100115/lib/gcc/avr/4.3.3/avr51/libgcc.a(_exit.o)
 .text          0x00000000        0x0 /usr/local/CrossPack-AVR-20100115/lib/gcc/avr/4.3.3/avr51/libgcc.a(_clear_bss.o)
 .data          0x00000000        0x0 /usr/local/CrossPack-AVR-20100115/lib/gcc/avr/4.3.3/avr51/libgcc.a(_clear_bss.o)
 .bss           0x00000000        0x0 /usr/local/CrossPack-AVR-20100115/lib/gcc/avr/4.3.3/avr51/libgcc.a(_clear_bss.o)
 .text.libgcc   0x00000000        0x0 /usr/local/CrossPack-AVR-20100115/lib/gcc/avr/4.3.3/avr51/libgcc.a(_clear_bss.o)
 .text          0x00000000        0x0 /usr/local/CrossPack-AVR-20100115/lib/gcc/avr/4.3.3/../../../../avr/lib/avr51/libc.a(memcmp.o)
 .data          0x00000000        0x0 /usr/local/CrossPack-AVR-20100115/lib/gcc/avr/4.3.3/../../../../avr/lib/avr51/libc.a(memcmp.o)
 .bss           0x00000000        0x0 /usr/local/CrossPack-AVR-20100115/lib/gcc/avr/4.3.3/../../../../avr/lib/avr51/libc.a(memcmp.o)
 .text          0x00000000        0x0 /usr/local/CrossPack-AVR-20100115/lib/gcc/avr/4.3.3/../../../../avr/lib/avr51/libc.a(eerd_byte_at90usb1287.o)
 .data          0x00000000        0x0 /usr/local/CrossPack-AVR-20100115/lib/gcc/avr/4.3.3/../../../../avr/lib/avr51/libc.a(eerd_byte_at90usb1287.o)
 .bss           0x00000000        0x0 /usr/local/CrossPack-AVR-20100115/lib/gcc/avr/4.3.3/../../../../avr/lib/avr51/libc.a(eerd_byte_at90usb1287.o)
 .text.avr-libc
                0x00000000        0x0 /usr/local/CrossPack-AVR-20100115/lib/gcc/avr/4.3.3/../../../../avr/lib/avr51/libc.a(eerd_byte_at90usb1287.o)
 .text          0x00000000        0x0 /usr/local/CrossPack-AVR-20100115/lib/gcc/avr/4.3.3/../../../../avr/lib/avr51/libc.a(eeupd_byte_at90usb1287.o)
 .data          0x00000000        0x0 /usr/local/CrossPack-AVR-20100115/lib/gcc/avr/4.3.3/../../../../avr/lib/avr51/libc.a(eeupd_byte_at90usb1287.o)
 .bss           0x00000000        0x0 /usr/local/CrossPack-AVR-20100115/lib/gcc/avr/4.3.3/../../../../avr/lib/avr51/libc.a(eeupd_byte_at90usb1287.o)
 .text.avr-libc
                0x00000000        0x0 /usr/local/CrossPack-AVR-20100115/lib/gcc/avr/4.3.3/../../../../avr/lib/avr51/libc.a(eeupd_byte_at90usb1287.o)

Memory Configuration

Name             Origin             Length             Attributes
text             0x00000000         0x00020000         xr
data             0x00800060         0x0000ffa0         rw !x
eeprom           0x00810000         0x00010000         rw !x
fuse             0x00820000         0x00000400         rw !x
lock             0x00830000         0x00000400         rw !x
signature        0x00840000         0x00000400         rw !x
*default*        0x00000000         0xffffffff

Linker script and memory map

Address of section .data set to 0x800100
LOAD /usr/local/CrossPack-AVR-20100115/lib/gcc/avr/4.3.3/../../../../avr/lib/avr51/crtusb1287.o
LOAD Keyboard.o
LOAD Descriptors.o
LOAD ../../../../LUFA/Drivers/USB/LowLevel/Device.o
LOAD ../../../../LUFA/Drivers/USB/LowLevel/Endpoint.o
LOAD ../../../../LUFA/Drivers/USB/LowLevel/Host.o
LOAD ../../../../LUFA/Drivers/USB/LowLevel/Pipe.o
LOAD ../../../../LUFA/Drivers/USB/LowLevel/USBController.o
LOAD ../../../../LUFA/Drivers/USB/LowLevel/USBInterrupt.o
LOAD ../../../../LUFA/Drivers/USB/HighLevel/ConfigDescriptor.o
LOAD ../../../../LUFA/Drivers/USB/HighLevel/DeviceStandardReq.o
LOAD ../../../../LUFA/Drivers/USB/HighLevel/Events.o
LOAD ../../../../LUFA/Drivers/USB/HighLevel/EndpointStream.o
LOAD ../../../../LUFA/Drivers/USB/HighLevel/HostStandardReq.o
LOAD ../../../../LUFA/Drivers/USB/HighLevel/PipeStream.o
LOAD ../../../../LUFA/Drivers/USB/HighLevel/USBTask.o
LOAD ../../../../LUFA/Drivers/USB/Class/Host/HIDParser.o
LOAD /usr/local/CrossPack-AVR-20100115/lib/gcc/avr/4.3.3/../../../../avr/lib/avr51/libm.a
LOAD /usr/local/CrossPack-AVR-20100115/lib/gcc/avr/4.3.3/avr51/libgcc.a
LOAD /usr/local/CrossPack-AVR-20100115/lib/gcc/avr/4.3.3/../../../../avr/lib/avr51/libc.a
LOAD /usr/local/CrossPack-AVR-20100115/lib/gcc/avr/4.3.3/avr51/libgcc.a

.hash
 *(.hash)

.dynsym
 *(.dynsym)

.dynstr
 *(.dynstr)

.gnu.version
 *(.gnu.version)

.gnu.version_d
 *(.gnu.version_d)

.gnu.version_r
 *(.gnu.version_r)

.rel.init
 *(.rel.init)

.rela.init
 *(.rela.init)

.rel.text
 *(.rel.text)
 *(.rel.text.*)
 *(.rel.gnu.linkonce.t*)

.rela.text
 *(.rela.text)
 *(.rela.text.*)
 *(.rela.gnu.linkonce.t*)

.rel.fini
 *(.rel.fini)

.rela.fini
 *(.rela.fini)

.rel.rodata
 *(.rel.rodata)
 *(.rel.rodata.*)
 *(.rel.gnu.linkonce.r*)

.rela.rodata
 *(.rela.rodata)
 *(.rela.rodata.*)
 *(.rela.gnu.linkonce.r*)

.rel.data
 *(.rel.data)
 *(.rel.data.*)
 *(.rel.gnu.linkonce.d*)

.rela.data
 *(.rela.data)
 *(.rela.data.*)
 *(.rela.gnu.linkonce.d*)

.rel.ctors
 *(.rel.ctors)

.rela.ctors
 *(.rela.ctors)

.rel.dtors
 *(.rel.dtors)

.rela.dtors
 *(.rela.dtors)

.rel.got
 *(.rel.got)

.rela.got
 *(.rela.got)

.rel.bss
 *(.rel.bss)

.rela.bss
 *(.rela.bss)

.rel.plt
 *(.rel.plt)

.rela.plt
 *(.rela.plt)

.text           0x00000000      0xdf2
 *(.vectors)
 .vectors       0x00000000       0x98 /usr/local/CrossPack-AVR-20100115/lib/gcc/avr/4.3.3/../../../../avr/lib/avr51/crtusb1287.o
                0x00000000                __vectors
                0x00000000                __vector_default
 *(.vectors)
 *(.progmem.gcc*)
 *(.progmem*)
 .progmem.data  0x00000098       0xc0 Descriptors.o
                0x00000098                KeyboardReport
                0x00000116                ManufacturerString
                0x00000112                LanguageString
                0x000000d7                DeviceDescriptor
                0x00000130                ProductString
                0x000000e9                ConfigurationDescriptor
                0x00000158                . = ALIGN (0x2)
                0x00000158                __trampolines_start = .
 *(.trampolines)
 .trampolines   0x00000158        0x0 linker stubs
 *(.trampolines*)
                0x00000158                __trampolines_end = .
 *(.jumptables)
 *(.jumptables*)
 *(.lowtext)
 *(.lowtext*)
                0x00000158                __ctors_start = .
 *(.ctors)
                0x00000158                __ctors_end = .
                0x00000158                __dtors_start = .
 *(.dtors)
                0x00000158                __dtors_end = .
 SORT(*)(.ctors)
 SORT(*)(.dtors)
 *(.init0)
 .init0         0x00000158        0x0 /usr/local/CrossPack-AVR-20100115/lib/gcc/avr/4.3.3/../../../../avr/lib/avr51/crtusb1287.o
                0x00000158                __init
 *(.init0)
 *(.init1)
 *(.init1)
 *(.init2)
 .init2         0x00000158        0xc /usr/local/CrossPack-AVR-20100115/lib/gcc/avr/4.3.3/../../../../avr/lib/avr51/crtusb1287.o
 *(.init2)
 *(.init3)
 *(.init3)
 *(.init4)
 .init4         0x00000164       0x1a /usr/local/CrossPack-AVR-20100115/lib/gcc/avr/4.3.3/../../../../avr/lib/avr51/crtusb1287.o
                0x00000164                __do_copy_data
 .init4         0x0000017e       0x10 /usr/local/CrossPack-AVR-20100115/lib/gcc/avr/4.3.3/avr51/libgcc.a(_clear_bss.o)
                0x0000017e                __do_clear_bss
 *(.init4)
 *(.init5)
 *(.init5)
 *(.init6)
 *(.init6)
 *(.init7)
 *(.init7)
 *(.init8)
 *(.init8)
 *(.init9)
 .init9         0x0000018e        0x4 /usr/local/CrossPack-AVR-20100115/lib/gcc/avr/4.3.3/../../../../avr/lib/avr51/crtusb1287.o
 *(.init9)
 *(.text)
 .text          0x00000192        0x2 /usr/local/CrossPack-AVR-20100115/lib/gcc/avr/4.3.3/../../../../avr/lib/avr51/crtusb1287.o
                0x00000192                __vector_22
                0x00000192                __vector_28
                0x00000192                __vector_1
                0x00000192                __vector_32
                0x00000192                __vector_34
                0x00000192                __vector_24
                0x00000192                __vector_12
                0x00000192                __bad_interrupt
                0x00000192                __vector_6
                0x00000192                __vector_31
                0x00000192                __vector_35
                0x00000192                __vector_3
                0x00000192                __vector_23
                0x00000192                __vector_30
                0x00000192                __vector_25
                0x00000192                __vector_11
                0x00000192                __vector_13
                0x00000192                __vector_17
                0x00000192                __vector_19
                0x00000192                __vector_7
                0x00000192                __vector_27
                0x00000192                __vector_5
                0x00000192                __vector_33
                0x00000192                __vector_37
                0x00000192                __vector_4
                0x00000192                __vector_9
                0x00000192                __vector_2
                0x00000192                __vector_21
                0x00000192                __vector_15
                0x00000192                __vector_36
                0x00000192                __vector_29
                0x00000192                __vector_8
                0x00000192                __vector_26
                0x00000192                __vector_14
                0x00000192                __vector_16
                0x00000192                __vector_18
                0x00000192                __vector_20
                0x00000194                . = ALIGN (0x2)
 *(.text.*)
 .text.EVENT_USB_Device_Connect
                0x00000194       0x10 Keyboard.o
                0x00000194                EVENT_USB_Device_Connect
 .text.EVENT_USB_Device_Disconnect
                0x000001a4        0xa Keyboard.o
                0x000001a4                EVENT_USB_Device_Disconnect
 .text.EVENT_USB_Device_StartOfFrame
                0x000001ae       0x18 Keyboard.o
                0x000001ae                EVENT_USB_Device_StartOfFrame
 .text.ProcessLEDReport
                0x000001c6       0x1c Keyboard.o
                0x000001c6                ProcessLEDReport
 .text.ReceiveNextReport
                0x000001e2       0x28 Keyboard.o
                0x000001e2                ReceiveNextReport
 .text.CreateKeyboardReport
                0x0000020a       0x80 Keyboard.o
                0x0000020a                CreateKeyboardReport
 .text.SendNextReport
                0x0000028a       0xa8 Keyboard.o
                0x0000028a                SendNextReport
 .text.HID_Task
                0x00000332        0xe Keyboard.o
                0x00000332                HID_Task
 .text.EVENT_USB_Device_ControlRequest
                0x00000340      0x178 Keyboard.o
                0x00000340                EVENT_USB_Device_ControlRequest
 .text.EVENT_USB_Device_ConfigurationChanged
                0x000004b8       0x40 Keyboard.o
                0x000004b8                EVENT_USB_Device_ConfigurationChanged
 .text.SetupHardware
                0x000004f8       0x56 Keyboard.o
                0x000004f8                SetupHardware
 .text.main     0x0000054e       0x12 Keyboard.o
                0x0000054e                main
 .text.CALLBACK_USB_GetDescriptor
                0x00000560       0x80 Descriptors.o
                0x00000560                CALLBACK_USB_GetDescriptor
 .text.Endpoint_ConfigureEndpoint_Prv
                0x000005e0       0x26 ../../../../LUFA/Drivers/USB/LowLevel/Endpoint.o
                0x000005e0                Endpoint_ConfigureEndpoint_Prv
 .text.Endpoint_ClearStatusStage
                0x00000606       0x42 ../../../../LUFA/Drivers/USB/LowLevel/Endpoint.o
                0x00000606                Endpoint_ClearStatusStage
 .text.Endpoint_WaitUntilReady
                0x00000648       0x64 ../../../../LUFA/Drivers/USB/LowLevel/Endpoint.o
                0x00000648                Endpoint_WaitUntilReady
 .text.USB_ResetInterface
                0x000006ac       0x9a ../../../../LUFA/Drivers/USB/LowLevel/USBController.o
                0x000006ac                USB_ResetInterface
 .text.USB_Init
                0x00000746       0x12 ../../../../LUFA/Drivers/USB/LowLevel/USBController.o
                0x00000746                USB_Init
 .text.USB_INT_DisableAllInterrupts
                0x00000758       0x10 ../../../../LUFA/Drivers/USB/LowLevel/USBInterrupt.o
                0x00000758                USB_INT_DisableAllInterrupts
 .text.USB_INT_ClearAllInterrupts
                0x00000768        0xa ../../../../LUFA/Drivers/USB/LowLevel/USBInterrupt.o
                0x00000768                USB_INT_ClearAllInterrupts
 .text.__vector_10
                0x00000772      0x18c ../../../../LUFA/Drivers/USB/LowLevel/USBInterrupt.o
                0x00000772                __vector_10
 .text.USB_Device_ProcessControlRequest
                0x000008fe      0x2d8 ../../../../LUFA/Drivers/USB/HighLevel/DeviceStandardReq.o
                0x000008fe                USB_Device_ProcessControlRequest
 .text.USB_Event_Stub
                0x00000bd6        0x2 ../../../../LUFA/Drivers/USB/HighLevel/Events.o
                0x00000bd6                EVENT_USB_Device_WakeUp
                0x00000bd6                USB_Event_Stub
                0x00000bd6                EVENT_USB_Device_Suspend
                0x00000bd6                EVENT_USB_Device_Reset
 .text.Endpoint_Write_Control_Stream_LE
                0x00000bd8       0xbc ../../../../LUFA/Drivers/USB/HighLevel/EndpointStream.o
                0x00000bd8                Endpoint_Write_Control_Stream_LE
 .text.Endpoint_Write_Control_PStream_LE
                0x00000c94       0xc0 ../../../../LUFA/Drivers/USB/HighLevel/EndpointStream.o
                0x00000c94                Endpoint_Write_Control_PStream_LE
 .text.Endpoint_Write_Stream_LE
                0x00000d54       0x5a ../../../../LUFA/Drivers/USB/HighLevel/EndpointStream.o
                0x00000d54                Endpoint_Write_Stream_LE
 .text.USB_USBTask
                0x00000dae       0x26 ../../../../LUFA/Drivers/USB/HighLevel/USBTask.o
                0x00000dae                USB_USBTask
 .text.avr-libc
                0x00000dd4       0x1a /usr/local/CrossPack-AVR-20100115/lib/gcc/avr/4.3.3/../../../../avr/lib/avr51/libc.a(memcmp.o)
                0x00000dd4                memcmp
                0x00000dee                . = ALIGN (0x2)
 *(.fini9)
 .fini9         0x00000dee        0x0 /usr/local/CrossPack-AVR-20100115/lib/gcc/avr/4.3.3/avr51/libgcc.a(_exit.o)
                0x00000dee                exit
                0x00000dee                _exit
 *(.fini9)
 *(.fini8)
 *(.fini8)
 *(.fini7)
 *(.fini7)
 *(.fini6)
 *(.fini6)
 *(.fini5)
 *(.fini5)
 *(.fini4)
 *(.fini4)
 *(.fini3)
 *(.fini3)
 *(.fini2)
 *(.fini2)
 *(.fini1)
 *(.fini1)
 *(.fini0)
 .fini0         0x00000dee        0x4 /usr/local/CrossPack-AVR-20100115/lib/gcc/avr/4.3.3/avr51/libgcc.a(_exit.o)
 *(.fini0)
                0x00000df2                _etext = .

.data           0x00800100        0x4 load address 0x00000df2
                0x00800100                PROVIDE (__data_start, .)
 *(.data)
 .data          0x00800100        0x3 Keyboard.o
                0x00800100                UsingReportProtocol
                0x00800101                IdleCount
 *(.data*)
 *(.rodata)
 *(.rodata*)
 *(.gnu.linkonce.d*)
                0x00800104                . = ALIGN (0x2)
 *fill*         0x00800103        0x1 00
                0x00800104                _edata = .
                0x00800104                PROVIDE (__data_end, .)

.bss            0x00800104       0x17
                0x00800104                PROVIDE (__bss_start, .)
 *(.bss)
 .bss           0x00800104        0xa Keyboard.o
                0x00800104                IdleMSRemaining
 *(.bss*)
 *(COMMON)
 COMMON         0x0080010e        0x3 ../../../../LUFA/Drivers/USB/HighLevel/DeviceStandardReq.o
                0x0080010e                USB_CurrentlySelfPowered
                0x0080010f                USB_RemoteWakeupEnabled
                0x00800110                USB_ConfigurationNumber
 COMMON         0x00800111        0xa ../../../../LUFA/Drivers/USB/HighLevel/USBTask.o
                0x00800111                USB_IsInitialized
                0x00800112                USB_DeviceState
                0x00800113                USB_ControlRequest
                0x0080011b                PROVIDE (__bss_end, .)
                0x00000df2                __data_load_start = LOADADDR (.data)
                0x00000df6                __data_load_end = (__data_load_start + SIZEOF (.data))

.noinit         0x0080011b        0x0
                0x0080011b                PROVIDE (__noinit_start, .)
 *(.noinit*)
                0x0080011b                PROVIDE (__noinit_end, .)
                0x0080011b                _end = .
                0x0080011b                PROVIDE (__heap_start, .)

.eeprom         0x00810000        0x0
 *(.eeprom*)
                0x00810000                __eeprom_end = .

.fuse
 *(.fuse)
 *(.lfuse)
 *(.hfuse)
 *(.efuse)

.lock
 *(.lock*)

.signature
 *(.signature*)

.stab           0x00000000      0x9a8
 *(.stab)
 .stab          0x00000000      0x750 /usr/local/CrossPack-AVR-20100115/lib/gcc/avr/4.3.3/../../../../avr/lib/avr51/crtusb1287.o
 .stab          0x00000750       0xb4 /usr/local/CrossPack-AVR-20100115/lib/gcc/avr/4.3.3/../../../../avr/lib/avr51/libc.a(memcmp.o)
                                 0xc0 (size before relaxing)
 .stab          0x00000804       0x90 /usr/local/CrossPack-AVR-20100115/lib/gcc/avr/4.3.3/../../../../avr/lib/avr51/libc.a(eerd_byte_at90usb1287.o)
                                 0x9c (size before relaxing)
 .stab          0x00000894      0x114 /usr/local/CrossPack-AVR-20100115/lib/gcc/avr/4.3.3/../../../../avr/lib/avr51/libc.a(eeupd_byte_at90usb1287.o)
                                0x120 (size before relaxing)

.stabstr        0x00000000      0x199
 *(.stabstr)
 .stabstr       0x00000000      0x199 /usr/local/CrossPack-AVR-20100115/lib/gcc/avr/4.3.3/../../../../avr/lib/avr51/crtusb1287.o

.stab.excl
 *(.stab.excl)

.stab.exclstr
 *(.stab.exclstr)

.stab.index
 *(.stab.index)

.stab.indexstr
 *(.stab.indexstr)

.comment
 *(.comment)

.debug
 *(.debug)

.line
 *(.line)

.debug_srcinfo
 *(.debug_srcinfo)

.debug_sfnames
 *(.debug_sfnames)

.debug_aranges  0x00000000      0x2a8
 *(.debug_aranges)
 .debug_aranges
                0x00000000       0x78 Keyboard.o
 .debug_aranges
                0x00000078       0x20 Descriptors.o
 .debug_aranges
                0x00000098       0x20 ../../../../LUFA/Drivers/USB/LowLevel/Device.o
 .debug_aranges
                0x000000b8       0x38 ../../../../LUFA/Drivers/USB/LowLevel/Endpoint.o
 .debug_aranges
                0x000000f0       0x30 ../../../../LUFA/Drivers/USB/LowLevel/USBController.o
 .debug_aranges
                0x00000120       0x30 ../../../../LUFA/Drivers/USB/LowLevel/USBInterrupt.o
 .debug_aranges
                0x00000150       0x38 ../../../../LUFA/Drivers/USB/HighLevel/ConfigDescriptor.o
 .debug_aranges
                0x00000188       0x20 ../../../../LUFA/Drivers/USB/HighLevel/DeviceStandardReq.o
 .debug_aranges
                0x000001a8       0x20 ../../../../LUFA/Drivers/USB/HighLevel/Events.o
 .debug_aranges
                0x000001c8       0xc0 ../../../../LUFA/Drivers/USB/HighLevel/EndpointStream.o
 .debug_aranges
                0x00000288       0x20 ../../../../LUFA/Drivers/USB/HighLevel/USBTask.o

.debug_pubnames
                0x00000000      0x804
 *(.debug_pubnames)
 .debug_pubnames
                0x00000000      0x178 Keyboard.o
 .debug_pubnames
                0x00000178       0xb1 Descriptors.o
 .debug_pubnames
                0x00000229       0x32 ../../../../LUFA/Drivers/USB/LowLevel/Device.o
 .debug_pubnames
                0x0000025b       0x8b ../../../../LUFA/Drivers/USB/LowLevel/Endpoint.o
 .debug_pubnames
                0x000002e6       0x47 ../../../../LUFA/Drivers/USB/LowLevel/USBController.o
 .debug_pubnames
                0x0000032d       0x62 ../../../../LUFA/Drivers/USB/LowLevel/USBInterrupt.o
 .debug_pubnames
                0x0000038f       0x9b ../../../../LUFA/Drivers/USB/HighLevel/ConfigDescriptor.o
 .debug_pubnames
                0x0000042a       0x8c ../../../../LUFA/Drivers/USB/HighLevel/DeviceStandardReq.o
 .debug_pubnames
                0x000004b6       0x25 ../../../../LUFA/Drivers/USB/HighLevel/Events.o
 .debug_pubnames
                0x000004db      0x2c6 ../../../../LUFA/Drivers/USB/HighLevel/EndpointStream.o
 .debug_pubnames
                0x000007a1       0x63 ../../../../LUFA/Drivers/USB/HighLevel/USBTask.o

.debug_info     0x00000000     0x3ca7
 *(.debug_info)
 .debug_info    0x00000000      0x84e Keyboard.o
 .debug_info    0x0000084e      0x643 Descriptors.o
 .debug_info    0x00000e91       0xc4 ../../../../LUFA/Drivers/USB/LowLevel/Device.o
 .debug_info    0x00000f55      0x3dd ../../../../LUFA/Drivers/USB/LowLevel/Endpoint.o
 .debug_info    0x00001332        0x0 ../../../../LUFA/Drivers/USB/LowLevel/Host.o
 .debug_info    0x00001332        0x0 ../../../../LUFA/Drivers/USB/LowLevel/Pipe.o
 .debug_info    0x00001332      0x3e4 ../../../../LUFA/Drivers/USB/LowLevel/USBController.o
 .debug_info    0x00001716      0x288 ../../../../LUFA/Drivers/USB/LowLevel/USBInterrupt.o
 .debug_info    0x0000199e      0x34c ../../../../LUFA/Drivers/USB/HighLevel/ConfigDescriptor.o
 .debug_info    0x00001cea      0x972 ../../../../LUFA/Drivers/USB/HighLevel/DeviceStandardReq.o
 .debug_info    0x0000265c       0x76 ../../../../LUFA/Drivers/USB/HighLevel/Events.o
 .debug_info    0x000026d2     0x139a ../../../../LUFA/Drivers/USB/HighLevel/EndpointStream.o
 .debug_info    0x00003a6c        0x0 ../../../../LUFA/Drivers/USB/HighLevel/HostStandardReq.o
 .debug_info    0x00003a6c        0x0 ../../../../LUFA/Drivers/USB/HighLevel/PipeStream.o
 .debug_info    0x00003a6c      0x23b ../../../../LUFA/Drivers/USB/HighLevel/USBTask.o
 .debug_info    0x00003ca7        0x0 ../../../../LUFA/Drivers/USB/Class/Host/HIDParser.o
 *(.gnu.linkonce.wi.*)

.debug_abbrev   0x00000000     0x106b
 *(.debug_abbrev)
 .debug_abbrev  0x00000000      0x309 Keyboard.o
 .debug_abbrev  0x00000309      0x16c Descriptors.o
 .debug_abbrev  0x00000475       0x79 ../../../../LUFA/Drivers/USB/LowLevel/Device.o
 .debug_abbrev  0x000004ee      0x180 ../../../../LUFA/Drivers/USB/LowLevel/Endpoint.o
 .debug_abbrev  0x0000066e        0x1 ../../../../LUFA/Drivers/USB/LowLevel/Host.o
 .debug_abbrev  0x0000066f        0x1 ../../../../LUFA/Drivers/USB/LowLevel/Pipe.o
 .debug_abbrev  0x00000670      0x19b ../../../../LUFA/Drivers/USB/LowLevel/USBController.o
 .debug_abbrev  0x0000080b      0x154 ../../../../LUFA/Drivers/USB/LowLevel/USBInterrupt.o
 .debug_abbrev  0x0000095f      0x15c ../../../../LUFA/Drivers/USB/HighLevel/ConfigDescriptor.o
 .debug_abbrev  0x00000abb      0x272 ../../../../LUFA/Drivers/USB/HighLevel/DeviceStandardReq.o
 .debug_abbrev  0x00000d2d       0x41 ../../../../LUFA/Drivers/USB/HighLevel/Events.o
 .debug_abbrev  0x00000d6e      0x19d ../../../../LUFA/Drivers/USB/HighLevel/EndpointStream.o
 .debug_abbrev  0x00000f0b        0x1 ../../../../LUFA/Drivers/USB/HighLevel/HostStandardReq.o
 .debug_abbrev  0x00000f0c        0x1 ../../../../LUFA/Drivers/USB/HighLevel/PipeStream.o
 .debug_abbrev  0x00000f0d      0x15d ../../../../LUFA/Drivers/USB/HighLevel/USBTask.o
 .debug_abbrev  0x0000106a        0x1 ../../../../LUFA/Drivers/USB/Class/Host/HIDParser.o

.debug_line     0x00000000     0x36a7
 *(.debug_line)
 .debug_line    0x00000000      0x7a5 Keyboard.o
 .debug_line    0x000007a5      0x230 Descriptors.o
 .debug_line    0x000009d5       0xe1 ../../../../LUFA/Drivers/USB/LowLevel/Device.o
 .debug_line    0x00000ab6      0x412 ../../../../LUFA/Drivers/USB/LowLevel/Endpoint.o
 .debug_line    0x00000ec8       0x24 ../../../../LUFA/Drivers/USB/LowLevel/Host.o
 .debug_line    0x00000eec       0x24 ../../../../LUFA/Drivers/USB/LowLevel/Pipe.o
 .debug_line    0x00000f10      0x372 ../../../../LUFA/Drivers/USB/LowLevel/USBController.o
 .debug_line    0x00001282      0x3c0 ../../../../LUFA/Drivers/USB/LowLevel/USBInterrupt.o
 .debug_line    0x00001642      0x295 ../../../../LUFA/Drivers/USB/HighLevel/ConfigDescriptor.o
 .debug_line    0x000018d7      0x654 ../../../../LUFA/Drivers/USB/HighLevel/DeviceStandardReq.o
 .debug_line    0x00001f2b       0x8b ../../../../LUFA/Drivers/USB/HighLevel/Events.o
 .debug_line    0x00001fb6     0x147b ../../../../LUFA/Drivers/USB/HighLevel/EndpointStream.o
 .debug_line    0x00003431       0x24 ../../../../LUFA/Drivers/USB/HighLevel/HostStandardReq.o
 .debug_line    0x00003455       0x24 ../../../../LUFA/Drivers/USB/HighLevel/PipeStream.o
 .debug_line    0x00003479      0x20a ../../../../LUFA/Drivers/USB/HighLevel/USBTask.o
 .debug_line    0x00003683       0x24 ../../../../LUFA/Drivers/USB/Class/Host/HIDParser.o

.debug_frame    0x00000000      0x3f0
 *(.debug_frame)
 .debug_frame   0x00000000       0xd0 Keyboard.o
 .debug_frame   0x000000d0       0x20 Descriptors.o
 .debug_frame   0x000000f0       0x20 ../../../../LUFA/Drivers/USB/LowLevel/Device.o
 .debug_frame   0x00000110       0x50 ../../../../LUFA/Drivers/USB/LowLevel/Endpoint.o
 .debug_frame   0x00000160       0x40 ../../../../LUFA/Drivers/USB/LowLevel/USBController.o
 .debug_frame   0x000001a0       0x40 ../../../../LUFA/Drivers/USB/LowLevel/USBInterrupt.o
 .debug_frame   0x000001e0       0x50 ../../../../LUFA/Drivers/USB/HighLevel/ConfigDescriptor.o
 .debug_frame   0x00000230       0x20 ../../../../LUFA/Drivers/USB/HighLevel/DeviceStandardReq.o
 .debug_frame   0x00000250       0x20 ../../../../LUFA/Drivers/USB/HighLevel/Events.o
 .debug_frame   0x00000270      0x160 ../../../../LUFA/Drivers/USB/HighLevel/EndpointStream.o
 .debug_frame   0x000003d0       0x20 ../../../../LUFA/Drivers/USB/HighLevel/USBTask.o

.debug_str      0x00000000     0x1b42
 *(.debug_str)
 .debug_str     0x00000000      0x60d Keyboard.o
                                0x694 (size before relaxing)
 .debug_str     0x0000060d      0x4eb Descriptors.o
                                0x65e (size before relaxing)
 .debug_str     0x00000af8       0x77 ../../../../LUFA/Drivers/USB/LowLevel/Device.o
                                0x160 (size before relaxing)
 .debug_str     0x00000b6f      0x269 ../../../../LUFA/Drivers/USB/LowLevel/Endpoint.o
                                0x4cc (size before relaxing)
 .debug_str     0x00000dd8      0x1ae ../../../../LUFA/Drivers/USB/LowLevel/USBController.o
                                0x3f0 (size before relaxing)
 .debug_str     0x00000f86       0xb3 ../../../../LUFA/Drivers/USB/LowLevel/USBInterrupt.o
                                0x319 (size before relaxing)
 .debug_str     0x00001039      0x231 ../../../../LUFA/Drivers/USB/HighLevel/ConfigDescriptor.o
                                0x338 (size before relaxing)
 .debug_str     0x0000126a      0x3b3 ../../../../LUFA/Drivers/USB/HighLevel/DeviceStandardReq.o
                                0x804 (size before relaxing)
 .debug_str     0x0000161d       0x3f ../../../../LUFA/Drivers/USB/HighLevel/Events.o
                                0x122 (size before relaxing)
 .debug_str     0x0000165c      0x471 ../../../../LUFA/Drivers/USB/HighLevel/EndpointStream.o
                                0x761 (size before relaxing)
 .debug_str     0x00001acd       0x75 ../../../../LUFA/Drivers/USB/HighLevel/USBTask.o
                                0x2c2 (size before relaxing)

.debug_loc      0x00000000     0x1c79
 *(.debug_loc)
 .debug_loc     0x00000000       0xd9 Keyboard.o
 .debug_loc     0x000000d9      0x1a0 Descriptors.o
 .debug_loc     0x00000279       0x74 ../../../../LUFA/Drivers/USB/LowLevel/Endpoint.o
 .debug_loc     0x000002ed       0x13 ../../../../LUFA/Drivers/USB/LowLevel/USBController.o
 .debug_loc     0x00000300      0x26d ../../../../LUFA/Drivers/USB/HighLevel/ConfigDescriptor.o
 .debug_loc     0x0000056d      0x20b ../../../../LUFA/Drivers/USB/HighLevel/DeviceStandardReq.o
 .debug_loc     0x00000778     0x1501 ../../../../LUFA/Drivers/USB/HighLevel/EndpointStream.o

.debug_macinfo
 *(.debug_macinfo)
OUTPUT(Keyboard.elf elf32-avr)
LOAD linker stubs

.debug_ranges   0x00000000      0x318
 .debug_ranges  0x00000000       0x70 Keyboard.o
 .debug_ranges  0x00000070       0x18 Descriptors.o
 .debug_ranges  0x00000088       0x18 ../../../../LUFA/Drivers/USB/LowLevel/Device.o
 .debug_ranges  0x000000a0       0x30 ../../../../LUFA/Drivers/USB/LowLevel/Endpoint.o
 .debug_ranges  0x000000d0       0x28 ../../../../LUFA/Drivers/USB/LowLevel/USBController.o
 .debug_ranges  0x000000f8       0x28 ../../../../LUFA/Drivers/USB/LowLevel/USBInterrupt.o
 .debug_ranges  0x00000120       0x30 ../../../../LUFA/Drivers/USB/HighLevel/ConfigDescriptor.o
 .debug_ranges  0x00000150       0xc8 ../../../../LUFA/Drivers/USB/HighLevel/DeviceStandardReq.o
 .debug_ranges  0x00000218       0x18 ../../../../LUFA/Drivers/USB/HighLevel/Events.o
 .debug_ranges  0x00000230       0xb8 ../../../../LUFA/Drivers/USB/HighLevel/EndpointStream.o
 .debug_ranges  0x000002e8       0x30 ../../../../LUFA/Drivers/USB/HighLevel/USBTask.o

Cross Reference Table

Symbol                                            File
CALLBACK_USB_GetDescriptor                        Descriptors.o
                                                  ../../../../LUFA/Drivers/USB/HighLevel/DeviceStandardReq.o
ConfigurationDescriptor                           Descriptors.o
CreateKeyboardReport                              Keyboard.o
DeviceDescriptor                                  Descriptors.o
EVENT_USB_Device_ConfigurationChanged             Keyboard.o
                                                  ../../../../LUFA/Drivers/USB/HighLevel/DeviceStandardReq.o
EVENT_USB_Device_Connect                          Keyboard.o
                                                  ../../../../LUFA/Drivers/USB/LowLevel/USBInterrupt.o
EVENT_USB_Device_ControlRequest                   Keyboard.o
                                                  ../../../../LUFA/Drivers/USB/HighLevel/DeviceStandardReq.o
EVENT_USB_Device_Disconnect                       Keyboard.o
                                                  ../../../../LUFA/Drivers/USB/LowLevel/USBInterrupt.o
EVENT_USB_Device_Reset                            ../../../../LUFA/Drivers/USB/HighLevel/Events.o
                                                  ../../../../LUFA/Drivers/USB/LowLevel/USBInterrupt.o
EVENT_USB_Device_StartOfFrame                     Keyboard.o
                                                  ../../../../LUFA/Drivers/USB/LowLevel/USBInterrupt.o
EVENT_USB_Device_Suspend                          ../../../../LUFA/Drivers/USB/HighLevel/Events.o
                                                  ../../../../LUFA/Drivers/USB/LowLevel/USBInterrupt.o
EVENT_USB_Device_WakeUp                           ../../../../LUFA/Drivers/USB/HighLevel/Events.o
                                                  ../../../../LUFA/Drivers/USB/LowLevel/USBInterrupt.o
Endpoint_ClearEndpoints                           ../../../../LUFA/Drivers/USB/LowLevel/Endpoint.o
Endpoint_ClearStatusStage                         ../../../../LUFA/Drivers/USB/LowLevel/Endpoint.o
                                                  ../../../../LUFA/Drivers/USB/HighLevel/DeviceStandardReq.o
                                                  Keyboard.o
Endpoint_ConfigureEndpoint_Prv                    ../../../../LUFA/Drivers/USB/LowLevel/Endpoint.o
                                                  ../../../../LUFA/Drivers/USB/LowLevel/USBInterrupt.o
                                                  ../../../../LUFA/Drivers/USB/LowLevel/USBController.o
                                                  Keyboard.o
Endpoint_Discard_Stream                           ../../../../LUFA/Drivers/USB/HighLevel/EndpointStream.o
Endpoint_Read_Control_EStream_BE                  ../../../../LUFA/Drivers/USB/HighLevel/EndpointStream.o
Endpoint_Read_Control_EStream_LE                  ../../../../LUFA/Drivers/USB/HighLevel/EndpointStream.o
Endpoint_Read_Control_Stream_BE                   ../../../../LUFA/Drivers/USB/HighLevel/EndpointStream.o
Endpoint_Read_Control_Stream_LE                   ../../../../LUFA/Drivers/USB/HighLevel/EndpointStream.o
Endpoint_Read_EStream_BE                          ../../../../LUFA/Drivers/USB/HighLevel/EndpointStream.o
Endpoint_Read_EStream_LE                          ../../../../LUFA/Drivers/USB/HighLevel/EndpointStream.o
Endpoint_Read_Stream_BE                           ../../../../LUFA/Drivers/USB/HighLevel/EndpointStream.o
Endpoint_Read_Stream_LE                           ../../../../LUFA/Drivers/USB/HighLevel/EndpointStream.o
Endpoint_WaitUntilReady                           ../../../../LUFA/Drivers/USB/LowLevel/Endpoint.o
                                                  ../../../../LUFA/Drivers/USB/HighLevel/EndpointStream.o
Endpoint_Write_Control_EStream_BE                 ../../../../LUFA/Drivers/USB/HighLevel/EndpointStream.o
Endpoint_Write_Control_EStream_LE                 ../../../../LUFA/Drivers/USB/HighLevel/EndpointStream.o
Endpoint_Write_Control_PStream_BE                 ../../../../LUFA/Drivers/USB/HighLevel/EndpointStream.o
Endpoint_Write_Control_PStream_LE                 ../../../../LUFA/Drivers/USB/HighLevel/EndpointStream.o
                                                  ../../../../LUFA/Drivers/USB/HighLevel/DeviceStandardReq.o
Endpoint_Write_Control_Stream_BE                  ../../../../LUFA/Drivers/USB/HighLevel/EndpointStream.o
Endpoint_Write_Control_Stream_LE                  ../../../../LUFA/Drivers/USB/HighLevel/EndpointStream.o
                                                  ../../../../LUFA/Drivers/USB/HighLevel/DeviceStandardReq.o
                                                  Keyboard.o
Endpoint_Write_EStream_BE                         ../../../../LUFA/Drivers/USB/HighLevel/EndpointStream.o
Endpoint_Write_EStream_LE                         ../../../../LUFA/Drivers/USB/HighLevel/EndpointStream.o
Endpoint_Write_PStream_BE                         ../../../../LUFA/Drivers/USB/HighLevel/EndpointStream.o
Endpoint_Write_PStream_LE                         ../../../../LUFA/Drivers/USB/HighLevel/EndpointStream.o
Endpoint_Write_Stream_BE                          ../../../../LUFA/Drivers/USB/HighLevel/EndpointStream.o
Endpoint_Write_Stream_LE                          ../../../../LUFA/Drivers/USB/HighLevel/EndpointStream.o
                                                  Keyboard.o
HID_Task                                          Keyboard.o
IdleCount                                         Keyboard.o
IdleMSRemaining                                   Keyboard.o
KeyboardReport                                    Descriptors.o
LanguageString                                    Descriptors.o
ManufacturerString                                Descriptors.o
ProcessLEDReport                                  Keyboard.o
ProductString                                     Descriptors.o
ReceiveNextReport                                 Keyboard.o
SendNextReport                                    Keyboard.o
SetupHardware                                     Keyboard.o
USB_ConfigurationNumber                           ../../../../LUFA/Drivers/USB/HighLevel/DeviceStandardReq.o
                                                  ../../../../LUFA/Drivers/USB/LowLevel/USBInterrupt.o
                                                  ../../../../LUFA/Drivers/USB/LowLevel/USBController.o
USB_ControlRequest                                ../../../../LUFA/Drivers/USB/HighLevel/USBTask.o
                                                  ../../../../LUFA/Drivers/USB/HighLevel/EndpointStream.o
                                                  ../../../../LUFA/Drivers/USB/HighLevel/DeviceStandardReq.o
                                                  ../../../../LUFA/Drivers/USB/LowLevel/Endpoint.o
                                                  Keyboard.o
USB_CurrentlySelfPowered                          ../../../../LUFA/Drivers/USB/HighLevel/DeviceStandardReq.o
                                                  ../../../../LUFA/Drivers/USB/LowLevel/USBController.o
USB_DeviceState                                   ../../../../LUFA/Drivers/USB/HighLevel/USBTask.o
                                                  ../../../../LUFA/Drivers/USB/HighLevel/EndpointStream.o
                                                  ../../../../LUFA/Drivers/USB/HighLevel/DeviceStandardReq.o
                                                  ../../../../LUFA/Drivers/USB/LowLevel/USBInterrupt.o
                                                  ../../../../LUFA/Drivers/USB/LowLevel/USBController.o
                                                  ../../../../LUFA/Drivers/USB/LowLevel/Endpoint.o
                                                  Keyboard.o
USB_Device_ProcessControlRequest                  ../../../../LUFA/Drivers/USB/HighLevel/DeviceStandardReq.o
                                                  ../../../../LUFA/Drivers/USB/HighLevel/USBTask.o
USB_Device_SendRemoteWakeup                       ../../../../LUFA/Drivers/USB/LowLevel/Device.o
USB_Event_Stub                                    ../../../../LUFA/Drivers/USB/HighLevel/Events.o
USB_GetNextDescriptorComp                         ../../../../LUFA/Drivers/USB/HighLevel/ConfigDescriptor.o
USB_GetNextDescriptorOfType                       ../../../../LUFA/Drivers/USB/HighLevel/ConfigDescriptor.o
USB_GetNextDescriptorOfTypeAfter                  ../../../../LUFA/Drivers/USB/HighLevel/ConfigDescriptor.o
USB_GetNextDescriptorOfTypeBefore                 ../../../../LUFA/Drivers/USB/HighLevel/ConfigDescriptor.o
USB_INT_ClearAllInterrupts                        ../../../../LUFA/Drivers/USB/LowLevel/USBInterrupt.o
                                                  ../../../../LUFA/Drivers/USB/LowLevel/USBController.o
USB_INT_DisableAllInterrupts                      ../../../../LUFA/Drivers/USB/LowLevel/USBInterrupt.o
                                                  ../../../../LUFA/Drivers/USB/LowLevel/USBController.o
USB_Init                                          ../../../../LUFA/Drivers/USB/LowLevel/USBController.o
                                                  Keyboard.o
USB_IsInitialized                                 ../../../../LUFA/Drivers/USB/HighLevel/USBTask.o
                                                  ../../../../LUFA/Drivers/USB/LowLevel/USBController.o
USB_RemoteWakeupEnabled                           ../../../../LUFA/Drivers/USB/HighLevel/DeviceStandardReq.o
                                                  ../../../../LUFA/Drivers/USB/LowLevel/USBController.o
USB_ResetInterface                                ../../../../LUFA/Drivers/USB/LowLevel/USBController.o
USB_ShutDown                                      ../../../../LUFA/Drivers/USB/LowLevel/USBController.o
USB_USBTask                                       ../../../../LUFA/Drivers/USB/HighLevel/USBTask.o
                                                  Keyboard.o
UsingReportProtocol                               Keyboard.o
__bad_interrupt                                   /usr/local/CrossPack-AVR-20100115/lib/gcc/avr/4.3.3/../../../../avr/lib/avr51/crtusb1287.o
__bss_end                                         /usr/local/CrossPack-AVR-20100115/lib/gcc/avr/4.3.3/avr51/libgcc.a(_clear_bss.o)
__bss_start                                       /usr/local/CrossPack-AVR-20100115/lib/gcc/avr/4.3.3/avr51/libgcc.a(_clear_bss.o)
__data_end                                        /usr/local/CrossPack-AVR-20100115/lib/gcc/avr/4.3.3/../../../../avr/lib/avr51/crtusb1287.o
__data_load_start                                 /usr/local/CrossPack-AVR-20100115/lib/gcc/avr/4.3.3/../../../../avr/lib/avr51/crtusb1287.o
__data_start                                      /usr/local/CrossPack-AVR-20100115/lib/gcc/avr/4.3.3/../../../../avr/lib/avr51/crtusb1287.o
__do_clear_bss                                    /usr/local/CrossPack-AVR-20100115/lib/gcc/avr/4.3.3/avr51/libgcc.a(_clear_bss.o)
                                                  ../../../../LUFA/Drivers/USB/HighLevel/USBTask.o
                                                  ../../../../LUFA/Drivers/USB/HighLevel/DeviceStandardReq.o
                                                  Keyboard.o
__do_copy_data                                    /usr/local/CrossPack-AVR-20100115/lib/gcc/avr/4.3.3/../../../../avr/lib/avr51/crtusb1287.o
                                                  Keyboard.o
__eerd_byte_usb1287                               /usr/local/CrossPack-AVR-20100115/lib/gcc/avr/4.3.3/../../../../avr/lib/avr51/libc.a(eerd_byte_at90usb1287.o)
                                                  ../../../../LUFA/Drivers/USB/HighLevel/EndpointStream.o
__eeupd_byte_usb1287                              /usr/local/CrossPack-AVR-20100115/lib/gcc/avr/4.3.3/../../../../avr/lib/avr51/libc.a(eeupd_byte_at90usb1287.o)
                                                  ../../../../LUFA/Drivers/USB/HighLevel/EndpointStream.o
__eeupd_r18_usb1287                               /usr/local/CrossPack-AVR-20100115/lib/gcc/avr/4.3.3/../../../../avr/lib/avr51/libc.a(eeupd_byte_at90usb1287.o)
__heap_end                                        /usr/local/CrossPack-AVR-20100115/lib/gcc/avr/4.3.3/../../../../avr/lib/avr51/crtusb1287.o
__init                                            /usr/local/CrossPack-AVR-20100115/lib/gcc/avr/4.3.3/../../../../avr/lib/avr51/crtusb1287.o
__stack                                           /usr/local/CrossPack-AVR-20100115/lib/gcc/avr/4.3.3/../../../../avr/lib/avr51/crtusb1287.o
__vector_1                                        /usr/local/CrossPack-AVR-20100115/lib/gcc/avr/4.3.3/../../../../avr/lib/avr51/crtusb1287.o
__vector_10                                       ../../../../LUFA/Drivers/USB/LowLevel/USBInterrupt.o
                                                  /usr/local/CrossPack-AVR-20100115/lib/gcc/avr/4.3.3/../../../../avr/lib/avr51/crtusb1287.o
__vector_11                                       /usr/local/CrossPack-AVR-20100115/lib/gcc/avr/4.3.3/../../../../avr/lib/avr51/crtusb1287.o
__vector_12                                       /usr/local/CrossPack-AVR-20100115/lib/gcc/avr/4.3.3/../../../../avr/lib/avr51/crtusb1287.o
__vector_13                                       /usr/local/CrossPack-AVR-20100115/lib/gcc/avr/4.3.3/../../../../avr/lib/avr51/crtusb1287.o
__vector_14                                       /usr/local/CrossPack-AVR-20100115/lib/gcc/avr/4.3.3/../../../../avr/lib/avr51/crtusb1287.o
__vector_15                                       /usr/local/CrossPack-AVR-20100115/lib/gcc/avr/4.3.3/../../../../avr/lib/avr51/crtusb1287.o
__vector_16                                       /usr/local/CrossPack-AVR-20100115/lib/gcc/avr/4.3.3/../../../../avr/lib/avr51/crtusb1287.o
__vector_17                                       /usr/local/CrossPack-AVR-20100115/lib/gcc/avr/4.3.3/../../../../avr/lib/avr51/crtusb1287.o
__vector_18                                       /usr/local/CrossPack-AVR-20100115/lib/gcc/avr/4.3.3/../../../../avr/lib/avr51/crtusb1287.o
__vector_19                                       /usr/local/CrossPack-AVR-20100115/lib/gcc/avr/4.3.3/../../../../avr/lib/avr51/crtusb1287.o
__vector_2                                        /usr/local/CrossPack-AVR-20100115/lib/gcc/avr/4.3.3/../../../../avr/lib/avr51/crtusb1287.o
__vector_20                                       /usr/local/CrossPack-AVR-20100115/lib/gcc/avr/4.3.3/../../../../avr/lib/avr51/crtusb1287.o
__vector_21                                       /usr/local/CrossPack-AVR-20100115/lib/gcc/avr/4.3.3/../../../../avr/lib/avr51/crtusb1287.o
__vector_22                                       /usr/local/CrossPack-AVR-20100115/lib/gcc/avr/4.3.3/../../../../avr/lib/avr51/crtusb1287.o
__vector_23                                       /usr/local/CrossPack-AVR-20100115/lib/gcc/avr/4.3.3/../../../../avr/lib/avr51/crtusb1287.o
__vector_24                                       /usr/local/CrossPack-AVR-20100115/lib/gcc/avr/4.3.3/../../../../avr/lib/avr51/crtusb1287.o
__vector_25                                       /usr/local/CrossPack-AVR-20100115/lib/gcc/avr/4.3.3/../../../../avr/lib/avr51/crtusb1287.o
__vector_26                                       /usr/local/CrossPack-AVR-20100115/lib/gcc/avr/4.3.3/../../../../avr/lib/avr51/crtusb1287.o
__vector_27                                       /usr/local/CrossPack-AVR-20100115/lib/gcc/avr/4.3.3/../../../../avr/lib/avr51/crtusb1287.o
__vector_28                                       /usr/local/CrossPack-AVR-20100115/lib/gcc/avr/4.3.3/../../../../avr/lib/avr51/crtusb1287.o
__vector_29                                       /usr/local/CrossPack-AVR-20100115/lib/gcc/avr/4.3.3/../../../../avr/lib/avr51/crtusb1287.o
__vector_3                                        /usr/local/CrossPack-AVR-20100115/lib/gcc/avr/4.3.3/../../../../avr/lib/avr51/crtusb1287.o
__vector_30                                       /usr/local/CrossPack-AVR-20100115/lib/gcc/avr/4.3.3/../../../../avr/lib/avr51/crtusb1287.o
__vector_31                                       /usr/local/CrossPack-AVR-20100115/lib/gcc/avr/4.3.3/../../../../avr/lib/avr51/crtusb1287.o
__vector_32                                       /usr/local/CrossPack-AVR-20100115/lib/gcc/avr/4.3.3/../../../../avr/lib/avr51/crtusb1287.o
__vector_33                                       /usr/local/CrossPack-AVR-20100115/lib/gcc/avr/4.3.3/../../../../avr/lib/avr51/crtusb1287.o
__vector_34                                       /usr/local/CrossPack-AVR-20100115/lib/gcc/avr/4.3.3/../../../../avr/lib/avr51/crtusb1287.o
__vector_35                                       /usr/local/CrossPack-AVR-20100115/lib/gcc/avr/4.3.3/../../../../avr/lib/avr51/crtusb1287.o
__vector_36                                       /usr/local/CrossPack-AVR-20100115/lib/gcc/avr/4.3.3/../../../../avr/lib/avr51/crtusb1287.o
__vector_37                                       /usr/local/CrossPack-AVR-20100115/lib/gcc/avr/4.3.3/../../../../avr/lib/avr51/crtusb1287.o
__vector_4                                        /usr/local/CrossPack-AVR-20100115/lib/gcc/avr/4.3.3/../../../../avr/lib/avr51/crtusb1287.o
__vector_5                                        /usr/local/CrossPack-AVR-20100115/lib/gcc/avr/4.3.3/../../../../avr/lib/avr51/crtusb1287.o
__vector_6                                        /usr/local/CrossPack-AVR-20100115/lib/gcc/avr/4.3.3/../../../../avr/lib/avr51/crtusb1287.o
__vector_7                                        /usr/local/CrossPack-AVR-20100115/lib/gcc/avr/4.3.3/../../../../avr/lib/avr51/crtusb1287.o
__vector_8                                        /usr/local/CrossPack-AVR-20100115/lib/gcc/avr/4.3.3/../../../../avr/lib/avr51/crtusb1287.o
__vector_9                                        /usr/local/CrossPack-AVR-20100115/lib/gcc/avr/4.3.3/../../../../avr/lib/avr51/crtusb1287.o
__vector_default                                  /usr/local/CrossPack-AVR-20100115/lib/gcc/avr/4.3.3/../../../../avr/lib/avr51/crtusb1287.o
__vectors                                         /usr/local/CrossPack-AVR-20100115/lib/gcc/avr/4.3.3/../../../../avr/lib/avr51/crtusb1287.o
_exit                                             /usr/local/CrossPack-AVR-20100115/lib/gcc/avr/4.3.3/avr51/libgcc.a(_exit.o)
exit                                              /usr/local/CrossPack-AVR-20100115/lib/gcc/avr/4.3.3/avr51/libgcc.a(_exit.o)
                                                  /usr/local/CrossPack-AVR-20100115/lib/gcc/avr/4.3.3/../../../../avr/lib/avr51/crtusb1287.o
main                                              Keyboard.o
                                                  /usr/local/CrossPack-AVR-20100115/lib/gcc/avr/4.3.3/../../../../avr/lib/avr51/crtusb1287.o
memcmp                                            /usr/local/CrossPack-AVR-20100115/lib/gcc/avr/4.3.3/../../../../avr/lib/avr51/libc.a(memcmp.o)
                                                  Keyboard.o
