Archive member included because of file (symbol)

/usr/local/CrossPack-AVR-20100115/lib/gcc/avr/4.3.3/avr51/libgcc.a(_exit.o)
                              /usr/local/CrossPack-AVR-20100115/lib/gcc/avr/4.3.3/../../../../avr/lib/avr51/crtusb1287.o (exit)
/usr/local/CrossPack-AVR-20100115/lib/gcc/avr/4.3.3/avr51/libgcc.a(_clear_bss.o)
                              ConfigDescriptor.o (__do_clear_bss)
/usr/local/CrossPack-AVR-20100115/lib/gcc/avr/4.3.3/../../../../avr/lib/avr51/libc.a(memmove.o)
                              Lib/PrinterCommands.o (memmove)
/usr/local/CrossPack-AVR-20100115/lib/gcc/avr/4.3.3/../../../../avr/lib/avr51/libc.a(iob.o)
                              PrinterHost.o (__iob)
/usr/local/CrossPack-AVR-20100115/lib/gcc/avr/4.3.3/../../../../avr/lib/avr51/libc.a(printf_p.o)
                              PrinterHost.o (printf_P)
/usr/local/CrossPack-AVR-20100115/lib/gcc/avr/4.3.3/../../../../avr/lib/avr51/libc.a(puts_p.o)
                              PrinterHost.o (puts_P)
/usr/local/CrossPack-AVR-20100115/lib/gcc/avr/4.3.3/../../../../avr/lib/avr51/libc.a(vfprintf_std.o)
                              /usr/local/CrossPack-AVR-20100115/lib/gcc/avr/4.3.3/../../../../avr/lib/avr51/libc.a(printf_p.o) (vfprintf)
/usr/local/CrossPack-AVR-20100115/lib/gcc/avr/4.3.3/../../../../avr/lib/avr51/libc.a(eerd_byte_at90usb1287.o)
                              ../../../../LUFA/Drivers/USB/HighLevel/PipeStream.o (__eerd_byte_usb1287)
/usr/local/CrossPack-AVR-20100115/lib/gcc/avr/4.3.3/../../../../avr/lib/avr51/libc.a(eeupd_byte_at90usb1287.o)
                              ../../../../LUFA/Drivers/USB/HighLevel/PipeStream.o (__eeupd_byte_usb1287)
/usr/local/CrossPack-AVR-20100115/lib/gcc/avr/4.3.3/../../../../avr/lib/avr51/libc.a(strnlen_P.o)
                              /usr/local/CrossPack-AVR-20100115/lib/gcc/avr/4.3.3/../../../../avr/lib/avr51/libc.a(vfprintf_std.o) (strnlen_P)
/usr/local/CrossPack-AVR-20100115/lib/gcc/avr/4.3.3/../../../../avr/lib/avr51/libc.a(memcpy.o)
                              /usr/local/CrossPack-AVR-20100115/lib/gcc/avr/4.3.3/../../../../avr/lib/avr51/libc.a(memmove.o) (memcpy)
/usr/local/CrossPack-AVR-20100115/lib/gcc/avr/4.3.3/../../../../avr/lib/avr51/libc.a(strnlen.o)
                              /usr/local/CrossPack-AVR-20100115/lib/gcc/avr/4.3.3/../../../../avr/lib/avr51/libc.a(vfprintf_std.o) (strnlen)
/usr/local/CrossPack-AVR-20100115/lib/gcc/avr/4.3.3/../../../../avr/lib/avr51/libc.a(fputc.o)
                              /usr/local/CrossPack-AVR-20100115/lib/gcc/avr/4.3.3/../../../../avr/lib/avr51/libc.a(vfprintf_std.o) (fputc)
/usr/local/CrossPack-AVR-20100115/lib/gcc/avr/4.3.3/../../../../avr/lib/avr51/libc.a(ultoa_invert.o)
                              /usr/local/CrossPack-AVR-20100115/lib/gcc/avr/4.3.3/../../../../avr/lib/avr51/libc.a(vfprintf_std.o) (__ultoa_invert)

Allocating common symbols
Common symbol       size              file

USB_IsInitialized   0x1               ../../../../LUFA/Drivers/USB/HighLevel/USBTask.o
USB_ControlRequest  0x8               ../../../../LUFA/Drivers/USB/HighLevel/USBTask.o
PrinterAltSetting   0x1               ConfigDescriptor.o
USB_HostState       0x1               ../../../../LUFA/Drivers/USB/HighLevel/USBTask.o
__iob               0x6               /usr/local/CrossPack-AVR-20100115/lib/gcc/avr/4.3.3/../../../../avr/lib/avr51/libc.a(iob.o)
PrinterInterfaceNumber
                    0x1               ConfigDescriptor.o

Discarded input sections

 .data          0x00000000        0x0 /usr/local/CrossPack-AVR-20100115/lib/gcc/avr/4.3.3/../../../../avr/lib/avr51/crtusb1287.o
 .bss           0x00000000        0x0 /usr/local/CrossPack-AVR-20100115/lib/gcc/avr/4.3.3/../../../../avr/lib/avr51/crtusb1287.o
 .text          0x00000000        0x0 PrinterHost.o
 .bss           0x00000000        0x0 PrinterHost.o
 .text          0x00000000        0x0 ConfigDescriptor.o
 .data          0x00000000        0x0 ConfigDescriptor.o
 .bss           0x00000000        0x0 ConfigDescriptor.o
 .text          0x00000000        0x0 Lib/PrinterCommands.o
 .data          0x00000000        0x0 Lib/PrinterCommands.o
 .bss           0x00000000        0x0 Lib/PrinterCommands.o
 .text.Printer_SoftReset
                0x00000000        0x0 Lib/PrinterCommands.o
 .text.Printer_GetPortStatus
                0x00000000        0x0 Lib/PrinterCommands.o
 .text          0x00000000        0x0 ../../../../LUFA/Drivers/USB/LowLevel/Device.o
 .data          0x00000000        0x0 ../../../../LUFA/Drivers/USB/LowLevel/Device.o
 .bss           0x00000000        0x0 ../../../../LUFA/Drivers/USB/LowLevel/Device.o
 .text          0x00000000        0x0 ../../../../LUFA/Drivers/USB/LowLevel/Endpoint.o
 .data          0x00000000        0x0 ../../../../LUFA/Drivers/USB/LowLevel/Endpoint.o
 .bss           0x00000000        0x0 ../../../../LUFA/Drivers/USB/LowLevel/Endpoint.o
 .text          0x00000000        0x0 ../../../../LUFA/Drivers/USB/LowLevel/Host.o
 .text.USB_Host_ClearPipeStall
                0x00000000        0x0 ../../../../LUFA/Drivers/USB/LowLevel/Host.o
 .text.USB_Host_GetDeviceStringDescriptor
                0x00000000        0x0 ../../../../LUFA/Drivers/USB/LowLevel/Host.o
 .text.USB_Host_GetDeviceDescriptor
                0x00000000        0x0 ../../../../LUFA/Drivers/USB/LowLevel/Host.o
 .text          0x00000000        0x0 ../../../../LUFA/Drivers/USB/LowLevel/Pipe.o
 .bss           0x00000000        0x0 ../../../../LUFA/Drivers/USB/LowLevel/Pipe.o
 .text.Pipe_IsEndpointBound
                0x00000000        0x0 ../../../../LUFA/Drivers/USB/LowLevel/Pipe.o
 .text          0x00000000        0x0 ../../../../LUFA/Drivers/USB/LowLevel/USBController.o
 .data          0x00000000        0x0 ../../../../LUFA/Drivers/USB/LowLevel/USBController.o
 .bss           0x00000000        0x0 ../../../../LUFA/Drivers/USB/LowLevel/USBController.o
 .text          0x00000000        0x0 ../../../../LUFA/Drivers/USB/LowLevel/USBInterrupt.o
 .data          0x00000000        0x0 ../../../../LUFA/Drivers/USB/LowLevel/USBInterrupt.o
 .bss           0x00000000        0x0 ../../../../LUFA/Drivers/USB/LowLevel/USBInterrupt.o
 .text          0x00000000        0x0 ../../../../LUFA/Drivers/USB/HighLevel/ConfigDescriptor.o
 .data          0x00000000        0x0 ../../../../LUFA/Drivers/USB/HighLevel/ConfigDescriptor.o
 .bss           0x00000000        0x0 ../../../../LUFA/Drivers/USB/HighLevel/ConfigDescriptor.o
 .text.USB_GetNextDescriptorOfType
                0x00000000        0x0 ../../../../LUFA/Drivers/USB/HighLevel/ConfigDescriptor.o
 .text.USB_GetNextDescriptorOfTypeBefore
                0x00000000        0x0 ../../../../LUFA/Drivers/USB/HighLevel/ConfigDescriptor.o
 .text.USB_GetNextDescriptorOfTypeAfter
                0x00000000        0x0 ../../../../LUFA/Drivers/USB/HighLevel/ConfigDescriptor.o
 .text          0x00000000        0x0 ../../../../LUFA/Drivers/USB/HighLevel/DeviceStandardReq.o
 .data          0x00000000        0x0 ../../../../LUFA/Drivers/USB/HighLevel/DeviceStandardReq.o
 .bss           0x00000000        0x0 ../../../../LUFA/Drivers/USB/HighLevel/DeviceStandardReq.o
 .text          0x00000000        0x0 ../../../../LUFA/Drivers/USB/HighLevel/Events.o
 .data          0x00000000        0x0 ../../../../LUFA/Drivers/USB/HighLevel/Events.o
 .bss           0x00000000        0x0 ../../../../LUFA/Drivers/USB/HighLevel/Events.o
 .text          0x00000000        0x0 ../../../../LUFA/Drivers/USB/HighLevel/EndpointStream.o
 .data          0x00000000        0x0 ../../../../LUFA/Drivers/USB/HighLevel/EndpointStream.o
 .bss           0x00000000        0x0 ../../../../LUFA/Drivers/USB/HighLevel/EndpointStream.o
 .text          0x00000000        0x0 ../../../../LUFA/Drivers/USB/HighLevel/HostStandardReq.o
 .data          0x00000000        0x0 ../../../../LUFA/Drivers/USB/HighLevel/HostStandardReq.o
 .bss           0x00000000        0x0 ../../../../LUFA/Drivers/USB/HighLevel/HostStandardReq.o
 .text          0x00000000        0x0 ../../../../LUFA/Drivers/USB/HighLevel/PipeStream.o
 .data          0x00000000        0x0 ../../../../LUFA/Drivers/USB/HighLevel/PipeStream.o
 .bss           0x00000000        0x0 ../../../../LUFA/Drivers/USB/HighLevel/PipeStream.o
 .text.Pipe_Read_Stream_BE
                0x00000000        0x0 ../../../../LUFA/Drivers/USB/HighLevel/PipeStream.o
 .text.Pipe_Read_Stream_LE
                0x00000000        0x0 ../../../../LUFA/Drivers/USB/HighLevel/PipeStream.o
 .text.Pipe_Write_PStream_BE
                0x00000000        0x0 ../../../../LUFA/Drivers/USB/HighLevel/PipeStream.o
 .text.Pipe_Write_Stream_BE
                0x00000000        0x0 ../../../../LUFA/Drivers/USB/HighLevel/PipeStream.o
 .text.Pipe_Write_PStream_LE
                0x00000000        0x0 ../../../../LUFA/Drivers/USB/HighLevel/PipeStream.o
 .text.Pipe_Discard_Stream
                0x00000000        0x0 ../../../../LUFA/Drivers/USB/HighLevel/PipeStream.o
 .text.Pipe_Read_EStream_BE
                0x00000000        0x0 ../../../../LUFA/Drivers/USB/HighLevel/PipeStream.o
 .text.Pipe_Read_EStream_LE
                0x00000000        0x0 ../../../../LUFA/Drivers/USB/HighLevel/PipeStream.o
 .text.Pipe_Write_EStream_BE
                0x00000000        0x0 ../../../../LUFA/Drivers/USB/HighLevel/PipeStream.o
 .text.Pipe_Write_EStream_LE
                0x00000000        0x0 ../../../../LUFA/Drivers/USB/HighLevel/PipeStream.o
 .text          0x00000000        0x0 ../../../../LUFA/Drivers/USB/HighLevel/USBTask.o
 .data          0x00000000        0x0 ../../../../LUFA/Drivers/USB/HighLevel/USBTask.o
 .bss           0x00000000        0x0 ../../../../LUFA/Drivers/USB/HighLevel/USBTask.o
 .text          0x00000000        0x0 ../../../../LUFA/Drivers/USB/Class/Host/HIDParser.o
 .data          0x00000000        0x0 ../../../../LUFA/Drivers/USB/Class/Host/HIDParser.o
 .bss           0x00000000        0x0 ../../../../LUFA/Drivers/USB/Class/Host/HIDParser.o
 .text.USB_GetHIDReportItemInfo
                0x00000000        0x0 ../../../../LUFA/Drivers/USB/Class/Host/HIDParser.o
 .text.USB_SetHIDReportItemInfo
                0x00000000        0x0 ../../../../LUFA/Drivers/USB/Class/Host/HIDParser.o
 .text.USB_GetHIDReportSize
                0x00000000        0x0 ../../../../LUFA/Drivers/USB/Class/Host/HIDParser.o
 .text.USB_ProcessHIDReport
                0x00000000        0x0 ../../../../LUFA/Drivers/USB/Class/Host/HIDParser.o
 .text          0x00000000        0x0 ../../../../LUFA/Drivers/Peripheral/Serial.o
 .data          0x00000000        0x0 ../../../../LUFA/Drivers/Peripheral/Serial.o
 .bss           0x00000000        0x0 ../../../../LUFA/Drivers/Peripheral/Serial.o
 .text.Serial_TxString_P
                0x00000000        0x0 ../../../../LUFA/Drivers/Peripheral/Serial.o
 .text.Serial_TxString
                0x00000000        0x0 ../../../../LUFA/Drivers/Peripheral/Serial.o
 .text          0x00000000        0x0 ../../../../LUFA/Drivers/Peripheral/SerialStream.o
 .bss           0x00000000        0x0 ../../../../LUFA/Drivers/Peripheral/SerialStream.o
 .text          0x00000000        0x0 /usr/local/CrossPack-AVR-20100115/lib/gcc/avr/4.3.3/avr51/libgcc.a(_exit.o)
 .data          0x00000000        0x0 /usr/local/CrossPack-AVR-20100115/lib/gcc/avr/4.3.3/avr51/libgcc.a(_exit.o)
 .bss           0x00000000        0x0 /usr/local/CrossPack-AVR-20100115/lib/gcc/avr/4.3.3/avr51/libgcc.a(_exit.o)
 .text.libgcc   0x00000000        0x0 /usr/local/CrossPack-AVR-20100115/lib/gcc/avr/4.3.3/avr51/libgcc.a(_exit.o)
 .text          0x00000000        0x0 /usr/local/CrossPack-AVR-20100115/lib/gcc/avr/4.3.3/avr51/libgcc.a(_clear_bss.o)
 .data          0x00000000        0x0 /usr/local/CrossPack-AVR-20100115/lib/gcc/avr/4.3.3/avr51/libgcc.a(_clear_bss.o)
 .bss           0x00000000        0x0 /usr/local/CrossPack-AVR-20100115/lib/gcc/avr/4.3.3/avr51/libgcc.a(_clear_bss.o)
 .text.libgcc   0x00000000        0x0 /usr/local/CrossPack-AVR-20100115/lib/gcc/avr/4.3.3/avr51/libgcc.a(_clear_bss.o)
 .text          0x00000000        0x0 /usr/local/CrossPack-AVR-20100115/lib/gcc/avr/4.3.3/../../../../avr/lib/avr51/libc.a(memmove.o)
 .data          0x00000000        0x0 /usr/local/CrossPack-AVR-20100115/lib/gcc/avr/4.3.3/../../../../avr/lib/avr51/libc.a(memmove.o)
 .bss           0x00000000        0x0 /usr/local/CrossPack-AVR-20100115/lib/gcc/avr/4.3.3/../../../../avr/lib/avr51/libc.a(memmove.o)
 .text          0x00000000        0x0 /usr/local/CrossPack-AVR-20100115/lib/gcc/avr/4.3.3/../../../../avr/lib/avr51/libc.a(iob.o)
 .data          0x00000000        0x0 /usr/local/CrossPack-AVR-20100115/lib/gcc/avr/4.3.3/../../../../avr/lib/avr51/libc.a(iob.o)
 .bss           0x00000000        0x0 /usr/local/CrossPack-AVR-20100115/lib/gcc/avr/4.3.3/../../../../avr/lib/avr51/libc.a(iob.o)
 .text          0x00000000        0x0 /usr/local/CrossPack-AVR-20100115/lib/gcc/avr/4.3.3/../../../../avr/lib/avr51/libc.a(printf_p.o)
 .data          0x00000000        0x0 /usr/local/CrossPack-AVR-20100115/lib/gcc/avr/4.3.3/../../../../avr/lib/avr51/libc.a(printf_p.o)
 .bss           0x00000000        0x0 /usr/local/CrossPack-AVR-20100115/lib/gcc/avr/4.3.3/../../../../avr/lib/avr51/libc.a(printf_p.o)
 .text          0x00000000        0x0 /usr/local/CrossPack-AVR-20100115/lib/gcc/avr/4.3.3/../../../../avr/lib/avr51/libc.a(puts_p.o)
 .data          0x00000000        0x0 /usr/local/CrossPack-AVR-20100115/lib/gcc/avr/4.3.3/../../../../avr/lib/avr51/libc.a(puts_p.o)
 .bss           0x00000000        0x0 /usr/local/CrossPack-AVR-20100115/lib/gcc/avr/4.3.3/../../../../avr/lib/avr51/libc.a(puts_p.o)
 .text          0x00000000        0x0 /usr/local/CrossPack-AVR-20100115/lib/gcc/avr/4.3.3/../../../../avr/lib/avr51/libc.a(vfprintf_std.o)
 .data          0x00000000        0x0 /usr/local/CrossPack-AVR-20100115/lib/gcc/avr/4.3.3/../../../../avr/lib/avr51/libc.a(vfprintf_std.o)
 .bss           0x00000000        0x0 /usr/local/CrossPack-AVR-20100115/lib/gcc/avr/4.3.3/../../../../avr/lib/avr51/libc.a(vfprintf_std.o)
 .text          0x00000000        0x0 /usr/local/CrossPack-AVR-20100115/lib/gcc/avr/4.3.3/../../../../avr/lib/avr51/libc.a(eerd_byte_at90usb1287.o)
 .data          0x00000000        0x0 /usr/local/CrossPack-AVR-20100115/lib/gcc/avr/4.3.3/../../../../avr/lib/avr51/libc.a(eerd_byte_at90usb1287.o)
 .bss           0x00000000        0x0 /usr/local/CrossPack-AVR-20100115/lib/gcc/avr/4.3.3/../../../../avr/lib/avr51/libc.a(eerd_byte_at90usb1287.o)
 .text.avr-libc
                0x00000000        0x0 /usr/local/CrossPack-AVR-20100115/lib/gcc/avr/4.3.3/../../../../avr/lib/avr51/libc.a(eerd_byte_at90usb1287.o)
 .text          0x00000000        0x0 /usr/local/CrossPack-AVR-20100115/lib/gcc/avr/4.3.3/../../../../avr/lib/avr51/libc.a(eeupd_byte_at90usb1287.o)
 .data          0x00000000        0x0 /usr/local/CrossPack-AVR-20100115/lib/gcc/avr/4.3.3/../../../../avr/lib/avr51/libc.a(eeupd_byte_at90usb1287.o)
 .bss           0x00000000        0x0 /usr/local/CrossPack-AVR-20100115/lib/gcc/avr/4.3.3/../../../../avr/lib/avr51/libc.a(eeupd_byte_at90usb1287.o)
 .text.avr-libc
                0x00000000        0x0 /usr/local/CrossPack-AVR-20100115/lib/gcc/avr/4.3.3/../../../../avr/lib/avr51/libc.a(eeupd_byte_at90usb1287.o)
 .text          0x00000000        0x0 /usr/local/CrossPack-AVR-20100115/lib/gcc/avr/4.3.3/../../../../avr/lib/avr51/libc.a(strnlen_P.o)
 .data          0x00000000        0x0 /usr/local/CrossPack-AVR-20100115/lib/gcc/avr/4.3.3/../../../../avr/lib/avr51/libc.a(strnlen_P.o)
 .bss           0x00000000        0x0 /usr/local/CrossPack-AVR-20100115/lib/gcc/avr/4.3.3/../../../../avr/lib/avr51/libc.a(strnlen_P.o)
 .text          0x00000000        0x0 /usr/local/CrossPack-AVR-20100115/lib/gcc/avr/4.3.3/../../../../avr/lib/avr51/libc.a(memcpy.o)
 .data          0x00000000        0x0 /usr/local/CrossPack-AVR-20100115/lib/gcc/avr/4.3.3/../../../../avr/lib/avr51/libc.a(memcpy.o)
 .bss           0x00000000        0x0 /usr/local/CrossPack-AVR-20100115/lib/gcc/avr/4.3.3/../../../../avr/lib/avr51/libc.a(memcpy.o)
 .text          0x00000000        0x0 /usr/local/CrossPack-AVR-20100115/lib/gcc/avr/4.3.3/../../../../avr/lib/avr51/libc.a(strnlen.o)
 .data          0x00000000        0x0 /usr/local/CrossPack-AVR-20100115/lib/gcc/avr/4.3.3/../../../../avr/lib/avr51/libc.a(strnlen.o)
 .bss           0x00000000        0x0 /usr/local/CrossPack-AVR-20100115/lib/gcc/avr/4.3.3/../../../../avr/lib/avr51/libc.a(strnlen.o)
 .text          0x00000000        0x0 /usr/local/CrossPack-AVR-20100115/lib/gcc/avr/4.3.3/../../../../avr/lib/avr51/libc.a(fputc.o)
 .data          0x00000000        0x0 /usr/local/CrossPack-AVR-20100115/lib/gcc/avr/4.3.3/../../../../avr/lib/avr51/libc.a(fputc.o)
 .bss           0x00000000        0x0 /usr/local/CrossPack-AVR-20100115/lib/gcc/avr/4.3.3/../../../../avr/lib/avr51/libc.a(fputc.o)
 .text          0x00000000        0x0 /usr/local/CrossPack-AVR-20100115/lib/gcc/avr/4.3.3/../../../../avr/lib/avr51/libc.a(ultoa_invert.o)
 .data          0x00000000        0x0 /usr/local/CrossPack-AVR-20100115/lib/gcc/avr/4.3.3/../../../../avr/lib/avr51/libc.a(ultoa_invert.o)
 .bss           0x00000000        0x0 /usr/local/CrossPack-AVR-20100115/lib/gcc/avr/4.3.3/../../../../avr/lib/avr51/libc.a(ultoa_invert.o)

Memory Configuration

Name             Origin             Length             Attributes
text             0x00000000         0x00020000         xr
data             0x00800060         0x0000ffa0         rw !x
eeprom           0x00810000         0x00010000         rw !x
fuse             0x00820000         0x00000400         rw !x
lock             0x00830000         0x00000400         rw !x
signature        0x00840000         0x00000400         rw !x
*default*        0x00000000         0xffffffff

Linker script and memory map

Address of section .data set to 0x800100
LOAD /usr/local/CrossPack-AVR-20100115/lib/gcc/avr/4.3.3/../../../../avr/lib/avr51/crtusb1287.o
LOAD PrinterHost.o
LOAD ConfigDescriptor.o
LOAD Lib/PrinterCommands.o
LOAD ../../../../LUFA/Drivers/USB/LowLevel/Device.o
LOAD ../../../../LUFA/Drivers/USB/LowLevel/Endpoint.o
LOAD ../../../../LUFA/Drivers/USB/LowLevel/Host.o
LOAD ../../../../LUFA/Drivers/USB/LowLevel/Pipe.o
LOAD ../../../../LUFA/Drivers/USB/LowLevel/USBController.o
LOAD ../../../../LUFA/Drivers/USB/LowLevel/USBInterrupt.o
LOAD ../../../../LUFA/Drivers/USB/HighLevel/ConfigDescriptor.o
LOAD ../../../../LUFA/Drivers/USB/HighLevel/DeviceStandardReq.o
LOAD ../../../../LUFA/Drivers/USB/HighLevel/Events.o
LOAD ../../../../LUFA/Drivers/USB/HighLevel/EndpointStream.o
LOAD ../../../../LUFA/Drivers/USB/HighLevel/HostStandardReq.o
LOAD ../../../../LUFA/Drivers/USB/HighLevel/PipeStream.o
LOAD ../../../../LUFA/Drivers/USB/HighLevel/USBTask.o
LOAD ../../../../LUFA/Drivers/USB/Class/Host/HIDParser.o
LOAD ../../../../LUFA/Drivers/Peripheral/Serial.o
LOAD ../../../../LUFA/Drivers/Peripheral/SerialStream.o
LOAD /usr/local/CrossPack-AVR-20100115/lib/gcc/avr/4.3.3/../../../../avr/lib/avr51/libm.a
LOAD /usr/local/CrossPack-AVR-20100115/lib/gcc/avr/4.3.3/avr51/libgcc.a
LOAD /usr/local/CrossPack-AVR-20100115/lib/gcc/avr/4.3.3/../../../../avr/lib/avr51/libc.a
LOAD /usr/local/CrossPack-AVR-20100115/lib/gcc/avr/4.3.3/avr51/libgcc.a

.hash
 *(.hash)

.dynsym
 *(.dynsym)

.dynstr
 *(.dynstr)

.gnu.version
 *(.gnu.version)

.gnu.version_d
 *(.gnu.version_d)

.gnu.version_r
 *(.gnu.version_r)

.rel.init
 *(.rel.init)

.rela.init
 *(.rela.init)

.rel.text
 *(.rel.text)
 *(.rel.text.*)
 *(.rel.gnu.linkonce.t*)

.rela.text
 *(.rela.text)
 *(.rela.text.*)
 *(.rela.gnu.linkonce.t*)

.rel.fini
 *(.rel.fini)

.rela.fini
 *(.rela.fini)

.rel.rodata
 *(.rel.rodata)
 *(.rel.rodata.*)
 *(.rel.gnu.linkonce.r*)

.rela.rodata
 *(.rela.rodata)
 *(.rela.rodata.*)
 *(.rela.gnu.linkonce.r*)

.rel.data
 *(.rel.data)
 *(.rel.data.*)
 *(.rel.gnu.linkonce.d*)

.rela.data
 *(.rela.data)
 *(.rela.data.*)
 *(.rela.gnu.linkonce.d*)

.rel.ctors
 *(.rel.ctors)

.rela.ctors
 *(.rela.ctors)

.rel.dtors
 *(.rel.dtors)

.rela.dtors
 *(.rela.dtors)

.rel.got
 *(.rel.got)

.rela.got
 *(.rela.got)

.rel.bss
 *(.rel.bss)

.rela.bss
 *(.rela.bss)

.rel.plt
 *(.rel.plt)

.rela.plt
 *(.rela.plt)

.text           0x00000000     0x1a5a
 *(.vectors)
 .vectors       0x00000000       0x98 /usr/local/CrossPack-AVR-20100115/lib/gcc/avr/4.3.3/../../../../avr/lib/avr51/crtusb1287.o
                0x00000000                __vectors
                0x00000000                __vector_default
 *(.vectors)
 *(.progmem.gcc*)
 *(.progmem*)
 .progmem.data  0x00000098      0x2cd PrinterHost.o
                0x00000366                . = ALIGN (0x2)
 *fill*         0x00000365        0x1 00
                0x00000366                __trampolines_start = .
 *(.trampolines)
 .trampolines   0x00000366        0x0 linker stubs
 *(.trampolines*)
                0x00000366                __trampolines_end = .
 *(.jumptables)
 *(.jumptables*)
 *(.lowtext)
 *(.lowtext*)
                0x00000366                __ctors_start = .
 *(.ctors)
                0x00000366                __ctors_end = .
                0x00000366                __dtors_start = .
 *(.dtors)
                0x00000366                __dtors_end = .
 SORT(*)(.ctors)
 SORT(*)(.dtors)
 *(.init0)
 .init0         0x00000366        0x0 /usr/local/CrossPack-AVR-20100115/lib/gcc/avr/4.3.3/../../../../avr/lib/avr51/crtusb1287.o
                0x00000366                __init
 *(.init0)
 *(.init1)
 *(.init1)
 *(.init2)
 .init2         0x00000366        0xc /usr/local/CrossPack-AVR-20100115/lib/gcc/avr/4.3.3/../../../../avr/lib/avr51/crtusb1287.o
 *(.init2)
 *(.init3)
 *(.init3)
 *(.init4)
 .init4         0x00000372       0x1a /usr/local/CrossPack-AVR-20100115/lib/gcc/avr/4.3.3/../../../../avr/lib/avr51/crtusb1287.o
                0x00000372                __do_copy_data
 .init4         0x0000038c       0x10 /usr/local/CrossPack-AVR-20100115/lib/gcc/avr/4.3.3/avr51/libgcc.a(_clear_bss.o)
                0x0000038c                __do_clear_bss
 *(.init4)
 *(.init5)
 *(.init5)
 *(.init6)
 *(.init6)
 *(.init7)
 *(.init7)
 *(.init8)
 *(.init8)
 *(.init9)
 .init9         0x0000039c        0x6 /usr/local/CrossPack-AVR-20100115/lib/gcc/avr/4.3.3/../../../../avr/lib/avr51/crtusb1287.o
 *(.init9)
 *(.text)
 .text          0x000003a2        0x2 /usr/local/CrossPack-AVR-20100115/lib/gcc/avr/4.3.3/../../../../avr/lib/avr51/crtusb1287.o
                0x000003a2                __vector_22
                0x000003a2                __vector_28
                0x000003a2                __vector_1
                0x000003a2                __vector_32
                0x000003a2                __vector_34
                0x000003a2                __vector_24
                0x000003a2                __vector_12
                0x000003a2                __bad_interrupt
                0x000003a2                __vector_6
                0x000003a2                __vector_31
                0x000003a2                __vector_35
                0x000003a2                __vector_3
                0x000003a2                __vector_23
                0x000003a2                __vector_30
                0x000003a2                __vector_25
                0x000003a2                __vector_11
                0x000003a2                __vector_13
                0x000003a2                __vector_17
                0x000003a2                __vector_19
                0x000003a2                __vector_7
                0x000003a2                __vector_27
                0x000003a2                __vector_5
                0x000003a2                __vector_33
                0x000003a2                __vector_37
                0x000003a2                __vector_4
                0x000003a2                __vector_9
                0x000003a2                __vector_2
                0x000003a2                __vector_21
                0x000003a2                __vector_15
                0x000003a2                __vector_36
                0x000003a2                __vector_29
                0x000003a2                __vector_8
                0x000003a2                __vector_26
                0x000003a2                __vector_14
                0x000003a2                __vector_16
                0x000003a2                __vector_18
                0x000003a2                __vector_20
                0x000003a4                . = ALIGN (0x2)
 *(.text.*)
 .text.EVENT_USB_Host_DeviceEnumerationComplete
                0x000003a4        0xa PrinterHost.o
                0x000003a4                EVENT_USB_Host_DeviceEnumerationComplete
 .text.EVENT_USB_Host_DeviceUnattached
                0x000003ae       0x12 PrinterHost.o
                0x000003ae                EVENT_USB_Host_DeviceUnattached
 .text.EVENT_USB_Host_DeviceAttached
                0x000003c0       0x12 PrinterHost.o
                0x000003c0                EVENT_USB_Host_DeviceAttached
 .text.EVENT_USB_Host_DeviceEnumerationFailed
                0x000003d2       0x58 PrinterHost.o
                0x000003d2                EVENT_USB_Host_DeviceEnumerationFailed
 .text.USB_Printer_Host
                0x0000042a      0x1ee PrinterHost.o
                0x0000042a                USB_Printer_Host
 .text.EVENT_USB_Host_HostError
                0x00000618       0x38 PrinterHost.o
                0x00000618                EVENT_USB_Host_HostError
 .text.SetupHardware
                0x00000650       0x6a PrinterHost.o
                0x00000650                SetupHardware
 .text.main     0x000006ba       0x18 PrinterHost.o
                0x000006ba                main
 .text.DComp_NextBidirectionalPrinterInterface
                0x000006d2       0x22 ConfigDescriptor.o
                0x000006d2                DComp_NextBidirectionalPrinterInterface
 .text.DComp_NextPrinterInterfaceBulkDataEndpoint
                0x000006f4       0x20 ConfigDescriptor.o
                0x000006f4                DComp_NextPrinterInterfaceBulkDataEndpoint
 .text.ProcessConfigurationDescriptor
                0x00000714      0x124 ConfigDescriptor.o
                0x00000714                ProcessConfigurationDescriptor
 .text.Printer_GetDeviceID
                0x00000838       0xc0 Lib/PrinterCommands.o
                0x00000838                Printer_GetDeviceID
 .text.Printer_SendData
                0x000008f8       0x36 Lib/PrinterCommands.o
                0x000008f8                Printer_SendData
 .text.USB_Host_WaitMS
                0x0000092e       0x9a ../../../../LUFA/Drivers/USB/LowLevel/Host.o
                0x0000092e                USB_Host_WaitMS
 .text.USB_Host_ResetDevice
                0x000009c8       0x98 ../../../../LUFA/Drivers/USB/LowLevel/Host.o
 .text.USB_Host_SetDeviceConfiguration
                0x00000a60       0x2c ../../../../LUFA/Drivers/USB/LowLevel/Host.o
                0x00000a60                USB_Host_SetDeviceConfiguration
 .text.USB_Host_ProcessNextHostState
                0x00000a8c      0x25c ../../../../LUFA/Drivers/USB/LowLevel/Host.o
                0x00000a8c                USB_Host_ProcessNextHostState
 .text.Pipe_ConfigurePipe
                0x00000ce8       0x6c ../../../../LUFA/Drivers/USB/LowLevel/Pipe.o
                0x00000ce8                Pipe_ConfigurePipe
 .text.Pipe_ClearPipes
                0x00000d54       0x28 ../../../../LUFA/Drivers/USB/LowLevel/Pipe.o
                0x00000d54                Pipe_ClearPipes
 .text.Pipe_WaitUntilReady
                0x00000d7c       0x5a ../../../../LUFA/Drivers/USB/LowLevel/Pipe.o
                0x00000d7c                Pipe_WaitUntilReady
 .text.USB_ResetInterface
                0x00000dd6       0x9c ../../../../LUFA/Drivers/USB/LowLevel/USBController.o
                0x00000dd6                USB_ResetInterface
 .text.USB_Init
                0x00000e72       0x12 ../../../../LUFA/Drivers/USB/LowLevel/USBController.o
                0x00000e72                USB_Init
 .text.USB_ShutDown
                0x00000e84       0x30 ../../../../LUFA/Drivers/USB/LowLevel/USBController.o
                0x00000e84                USB_ShutDown
 .text.USB_INT_DisableAllInterrupts
                0x00000eb4       0x10 ../../../../LUFA/Drivers/USB/LowLevel/USBInterrupt.o
                0x00000eb4                USB_INT_DisableAllInterrupts
 .text.USB_INT_ClearAllInterrupts
                0x00000ec4        0xa ../../../../LUFA/Drivers/USB/LowLevel/USBInterrupt.o
                0x00000ec4                USB_INT_ClearAllInterrupts
 .text.__vector_10
                0x00000ece      0x126 ../../../../LUFA/Drivers/USB/LowLevel/USBInterrupt.o
                0x00000ece                __vector_10
 .text.USB_GetNextDescriptorComp
                0x00000ff4       0x82 ../../../../LUFA/Drivers/USB/HighLevel/ConfigDescriptor.o
                0x00000ff4                USB_GetNextDescriptorComp
 .text.USB_Host_GetDeviceConfigDescriptor
                0x00001076       0xb4 ../../../../LUFA/Drivers/USB/HighLevel/ConfigDescriptor.o
                0x00001076                USB_Host_GetDeviceConfigDescriptor
 .text.USB_Event_Stub
                0x0000112a        0x2 ../../../../LUFA/Drivers/USB/HighLevel/Events.o
                0x0000112a                USB_Event_Stub
                0x0000112a                EVENT_USB_Host_StartOfFrame
 .text.USB_Host_WaitForIOS
                0x0000112c       0x52 ../../../../LUFA/Drivers/USB/HighLevel/HostStandardReq.o
 .text.USB_Host_SendControlRequest
                0x0000117e      0x204 ../../../../LUFA/Drivers/USB/HighLevel/HostStandardReq.o
                0x0000117e                USB_Host_SendControlRequest
 .text.Pipe_Write_Stream_LE
                0x00001382       0x66 ../../../../LUFA/Drivers/USB/HighLevel/PipeStream.o
                0x00001382                Pipe_Write_Stream_LE
 .text.USB_USBTask
                0x000013e8       0x24 ../../../../LUFA/Drivers/USB/HighLevel/USBTask.o
                0x000013e8                USB_USBTask
 .text.SerialStream_TxByte
                0x0000140c       0x14 ../../../../LUFA/Drivers/Peripheral/SerialStream.o
 .text.SerialStream_RxByte
                0x00001420       0x22 ../../../../LUFA/Drivers/Peripheral/SerialStream.o
 .text.avr-libc
                0x00001442       0x22 /usr/local/CrossPack-AVR-20100115/lib/gcc/avr/4.3.3/../../../../avr/lib/avr51/libc.a(memmove.o)
                0x00001442                memmove
 .text.avr-libc
                0x00001464       0x44 /usr/local/CrossPack-AVR-20100115/lib/gcc/avr/4.3.3/../../../../avr/lib/avr51/libc.a(printf_p.o)
                0x00001464                printf_P
 .text.avr-libc
                0x000014a8       0x6a /usr/local/CrossPack-AVR-20100115/lib/gcc/avr/4.3.3/../../../../avr/lib/avr51/libc.a(puts_p.o)
                0x000014a8                puts_P
 .text.avr-libc
                0x00001512      0x3f2 /usr/local/CrossPack-AVR-20100115/lib/gcc/avr/4.3.3/../../../../avr/lib/avr51/libc.a(vfprintf_std.o)
                0x00001512                vfprintf
 .text.avr-libc
                0x00001904       0x16 /usr/local/CrossPack-AVR-20100115/lib/gcc/avr/4.3.3/../../../../avr/lib/avr51/libc.a(strnlen_P.o)
                0x00001904                strnlen_P
 .text.avr-libc
                0x0000191a       0x12 /usr/local/CrossPack-AVR-20100115/lib/gcc/avr/4.3.3/../../../../avr/lib/avr51/libc.a(memcpy.o)
                0x0000191a                memcpy
 .text.avr-libc
                0x0000192c       0x16 /usr/local/CrossPack-AVR-20100115/lib/gcc/avr/4.3.3/../../../../avr/lib/avr51/libc.a(strnlen.o)
                0x0000192c                strnlen
 .text.avr-libc
                0x00001942       0x58 /usr/local/CrossPack-AVR-20100115/lib/gcc/avr/4.3.3/../../../../avr/lib/avr51/libc.a(fputc.o)
                0x00001942                fputc
 .text.avr-libc
                0x0000199a       0xbc /usr/local/CrossPack-AVR-20100115/lib/gcc/avr/4.3.3/../../../../avr/lib/avr51/libc.a(ultoa_invert.o)
                0x0000199a                __ultoa_invert
                0x00001a56                . = ALIGN (0x2)
 *(.fini9)
 .fini9         0x00001a56        0x0 /usr/local/CrossPack-AVR-20100115/lib/gcc/avr/4.3.3/avr51/libgcc.a(_exit.o)
                0x00001a56                exit
                0x00001a56                _exit
 *(.fini9)
 *(.fini8)
 *(.fini8)
 *(.fini7)
 *(.fini7)
 *(.fini6)
 *(.fini6)
 *(.fini5)
 *(.fini5)
 *(.fini4)
 *(.fini4)
 *(.fini3)
 *(.fini3)
 *(.fini2)
 *(.fini2)
 *(.fini1)
 *(.fini1)
 *(.fini0)
 .fini0         0x00001a56        0x4 /usr/local/CrossPack-AVR-20100115/lib/gcc/avr/4.3.3/avr51/libgcc.a(_exit.o)
 *(.fini0)
                0x00001a5a                _etext = .

.data           0x00800100       0x50 load address 0x00001a5a
                0x00800100                PROVIDE (__data_start, .)
 *(.data)
 .data          0x00800100       0x29 PrinterHost.o
 .data          0x00800129       0x18 ../../../../LUFA/Drivers/USB/LowLevel/Host.o
 .data          0x00800141        0x1 ../../../../LUFA/Drivers/USB/LowLevel/Pipe.o
                0x00800141                USB_ControlPipeSize
 .data          0x00800142        0xe ../../../../LUFA/Drivers/Peripheral/SerialStream.o
                0x00800142                USARTStream
 *(.data*)
 *(.rodata)
 *(.rodata*)
 *(.gnu.linkonce.d*)
                0x00800150                . = ALIGN (0x2)
                0x00800150                _edata = .
                0x00800150                PROVIDE (__data_end, .)

.bss            0x00800150       0x15
                0x00800150                PROVIDE (__bss_start, .)
 *(.bss)
 .bss           0x00800150        0x3 ../../../../LUFA/Drivers/USB/LowLevel/Host.o
 *(.bss*)
 *(COMMON)
 COMMON         0x00800153        0x2 ConfigDescriptor.o
                0x00800153                PrinterAltSetting
                0x00800154                PrinterInterfaceNumber
 COMMON         0x00800155        0xa ../../../../LUFA/Drivers/USB/HighLevel/USBTask.o
                0x00800155                USB_IsInitialized
                0x00800156                USB_ControlRequest
                0x0080015e                USB_HostState
 COMMON         0x0080015f        0x6 /usr/local/CrossPack-AVR-20100115/lib/gcc/avr/4.3.3/../../../../avr/lib/avr51/libc.a(iob.o)
                0x0080015f                __iob
                0x00800165                PROVIDE (__bss_end, .)
                0x00001a5a                __data_load_start = LOADADDR (.data)
                0x00001aaa                __data_load_end = (__data_load_start + SIZEOF (.data))

.noinit         0x00800165        0x0
                0x00800165                PROVIDE (__noinit_start, .)
 *(.noinit*)
                0x00800165                PROVIDE (__noinit_end, .)
                0x00800165                _end = .
                0x00800165                PROVIDE (__heap_start, .)

.eeprom         0x00810000        0x0
 *(.eeprom*)
                0x00810000                __eeprom_end = .

.fuse
 *(.fuse)
 *(.lfuse)
 *(.hfuse)
 *(.efuse)

.lock
 *(.lock*)

.signature
 *(.signature*)

.stab           0x00000000     0x1014
 *(.stab)
 .stab          0x00000000      0x750 /usr/local/CrossPack-AVR-20100115/lib/gcc/avr/4.3.3/../../../../avr/lib/avr51/crtusb1287.o
 .stab          0x00000750       0xe4 /usr/local/CrossPack-AVR-20100115/lib/gcc/avr/4.3.3/../../../../avr/lib/avr51/libc.a(memmove.o)
                                 0xf0 (size before relaxing)
 .stab          0x00000834       0x90 /usr/local/CrossPack-AVR-20100115/lib/gcc/avr/4.3.3/../../../../avr/lib/avr51/libc.a(eerd_byte_at90usb1287.o)
                                 0x9c (size before relaxing)
 .stab          0x000008c4      0x114 /usr/local/CrossPack-AVR-20100115/lib/gcc/avr/4.3.3/../../../../avr/lib/avr51/libc.a(eeupd_byte_at90usb1287.o)
                                0x120 (size before relaxing)
 .stab          0x000009d8       0x9c /usr/local/CrossPack-AVR-20100115/lib/gcc/avr/4.3.3/../../../../avr/lib/avr51/libc.a(strnlen_P.o)
                                 0xa8 (size before relaxing)
 .stab          0x00000a74       0x84 /usr/local/CrossPack-AVR-20100115/lib/gcc/avr/4.3.3/../../../../avr/lib/avr51/libc.a(memcpy.o)
                                 0x90 (size before relaxing)
 .stab          0x00000af8       0x9c /usr/local/CrossPack-AVR-20100115/lib/gcc/avr/4.3.3/../../../../avr/lib/avr51/libc.a(strnlen.o)
                                 0xa8 (size before relaxing)
 .stab          0x00000b94      0x480 /usr/local/CrossPack-AVR-20100115/lib/gcc/avr/4.3.3/../../../../avr/lib/avr51/libc.a(ultoa_invert.o)
                                0x48c (size before relaxing)

.stabstr        0x00000000      0x315
 *(.stabstr)
 .stabstr       0x00000000      0x315 /usr/local/CrossPack-AVR-20100115/lib/gcc/avr/4.3.3/../../../../avr/lib/avr51/crtusb1287.o

.stab.excl
 *(.stab.excl)

.stab.exclstr
 *(.stab.exclstr)

.stab.index
 *(.stab.index)

.stab.indexstr
 *(.stab.indexstr)

.comment
 *(.comment)

.debug
 *(.debug)

.line
 *(.line)

.debug_srcinfo
 *(.debug_srcinfo)

.debug_sfnames
 *(.debug_sfnames)

.debug_aranges  0x00000000      0x3c8
 *(.debug_aranges)
 .debug_aranges
                0x00000000       0x58 PrinterHost.o
 .debug_aranges
                0x00000058       0x30 ConfigDescriptor.o
 .debug_aranges
                0x00000088       0x38 Lib/PrinterCommands.o
 .debug_aranges
                0x000000c0       0x50 ../../../../LUFA/Drivers/USB/LowLevel/Host.o
 .debug_aranges
                0x00000110       0x38 ../../../../LUFA/Drivers/USB/LowLevel/Pipe.o
 .debug_aranges
                0x00000148       0x30 ../../../../LUFA/Drivers/USB/LowLevel/USBController.o
 .debug_aranges
                0x00000178       0x30 ../../../../LUFA/Drivers/USB/LowLevel/USBInterrupt.o
 .debug_aranges
                0x000001a8       0x40 ../../../../LUFA/Drivers/USB/HighLevel/ConfigDescriptor.o
 .debug_aranges
                0x000001e8       0x20 ../../../../LUFA/Drivers/USB/HighLevel/Events.o
 .debug_aranges
                0x00000208       0x28 ../../../../LUFA/Drivers/USB/HighLevel/HostStandardReq.o
 .debug_aranges
                0x00000230       0x70 ../../../../LUFA/Drivers/USB/HighLevel/PipeStream.o
 .debug_aranges
                0x000002a0       0x20 ../../../../LUFA/Drivers/USB/HighLevel/USBTask.o
 .debug_aranges
                0x000002c0       0x38 ../../../../LUFA/Drivers/USB/Class/Host/HIDParser.o
 .debug_aranges
                0x000002f8       0x28 ../../../../LUFA/Drivers/Peripheral/Serial.o
 .debug_aranges
                0x00000320       0x28 ../../../../LUFA/Drivers/Peripheral/SerialStream.o
 .debug_aranges
                0x00000348       0x20 /usr/local/CrossPack-AVR-20100115/lib/gcc/avr/4.3.3/../../../../avr/lib/avr51/libc.a(printf_p.o)
 .debug_aranges
                0x00000368       0x20 /usr/local/CrossPack-AVR-20100115/lib/gcc/avr/4.3.3/../../../../avr/lib/avr51/libc.a(puts_p.o)
 .debug_aranges
                0x00000388       0x20 /usr/local/CrossPack-AVR-20100115/lib/gcc/avr/4.3.3/../../../../avr/lib/avr51/libc.a(vfprintf_std.o)
 .debug_aranges
                0x000003a8       0x20 /usr/local/CrossPack-AVR-20100115/lib/gcc/avr/4.3.3/../../../../avr/lib/avr51/libc.a(fputc.o)

.debug_pubnames
                0x00000000      0x83b
 *(.debug_pubnames)
 .debug_pubnames
                0x00000000       0xfd PrinterHost.o
 .debug_pubnames
                0x000000fd       0xc1 ConfigDescriptor.o
 .debug_pubnames
                0x000001be       0x6f Lib/PrinterCommands.o
 .debug_pubnames
                0x0000022d       0xd0 ../../../../LUFA/Drivers/USB/LowLevel/Host.o
 .debug_pubnames
                0x000002fd       0x86 ../../../../LUFA/Drivers/USB/LowLevel/Pipe.o
 .debug_pubnames
                0x00000383       0x47 ../../../../LUFA/Drivers/USB/LowLevel/USBController.o
 .debug_pubnames
                0x000003ca       0x62 ../../../../LUFA/Drivers/USB/LowLevel/USBInterrupt.o
 .debug_pubnames
                0x0000042c       0xc2 ../../../../LUFA/Drivers/USB/HighLevel/ConfigDescriptor.o
 .debug_pubnames
                0x000004ee       0x25 ../../../../LUFA/Drivers/USB/HighLevel/Events.o
 .debug_pubnames
                0x00000513       0x32 ../../../../LUFA/Drivers/USB/HighLevel/HostStandardReq.o
 .debug_pubnames
                0x00000545      0x126 ../../../../LUFA/Drivers/USB/HighLevel/PipeStream.o
 .debug_pubnames
                0x0000066b       0x61 ../../../../LUFA/Drivers/USB/HighLevel/USBTask.o
 .debug_pubnames
                0x000006cc       0x7e ../../../../LUFA/Drivers/USB/Class/Host/HIDParser.o
 .debug_pubnames
                0x0000074a       0x3c ../../../../LUFA/Drivers/Peripheral/Serial.o
 .debug_pubnames
                0x00000786       0x22 ../../../../LUFA/Drivers/Peripheral/SerialStream.o
 .debug_pubnames
                0x000007a8       0x1c /usr/local/CrossPack-AVR-20100115/lib/gcc/avr/4.3.3/../../../../avr/lib/avr51/libc.a(iob.o)
 .debug_pubnames
                0x000007c4       0x1f /usr/local/CrossPack-AVR-20100115/lib/gcc/avr/4.3.3/../../../../avr/lib/avr51/libc.a(printf_p.o)
 .debug_pubnames
                0x000007e3       0x1d /usr/local/CrossPack-AVR-20100115/lib/gcc/avr/4.3.3/../../../../avr/lib/avr51/libc.a(puts_p.o)
 .debug_pubnames
                0x00000800       0x1f /usr/local/CrossPack-AVR-20100115/lib/gcc/avr/4.3.3/../../../../avr/lib/avr51/libc.a(vfprintf_std.o)
 .debug_pubnames
                0x0000081f       0x1c /usr/local/CrossPack-AVR-20100115/lib/gcc/avr/4.3.3/../../../../avr/lib/avr51/libc.a(fputc.o)

.debug_info     0x00000000     0x4f72
 *(.debug_info)
 .debug_info    0x00000000      0x960 PrinterHost.o
 .debug_info    0x00000960      0x50c ConfigDescriptor.o
 .debug_info    0x00000e6c      0x4b4 Lib/PrinterCommands.o
 .debug_info    0x00001320        0x0 ../../../../LUFA/Drivers/USB/LowLevel/Device.o
 .debug_info    0x00001320        0x0 ../../../../LUFA/Drivers/USB/LowLevel/Endpoint.o
 .debug_info    0x00001320      0x7f8 ../../../../LUFA/Drivers/USB/LowLevel/Host.o
 .debug_info    0x00001b18      0x4eb ../../../../LUFA/Drivers/USB/LowLevel/Pipe.o
 .debug_info    0x00002003      0x356 ../../../../LUFA/Drivers/USB/LowLevel/USBController.o
 .debug_info    0x00002359      0x197 ../../../../LUFA/Drivers/USB/LowLevel/USBInterrupt.o
 .debug_info    0x000024f0      0x5e6 ../../../../LUFA/Drivers/USB/HighLevel/ConfigDescriptor.o
 .debug_info    0x00002ad6        0x0 ../../../../LUFA/Drivers/USB/HighLevel/DeviceStandardReq.o
 .debug_info    0x00002ad6       0x76 ../../../../LUFA/Drivers/USB/HighLevel/Events.o
 .debug_info    0x00002b4c        0x0 ../../../../LUFA/Drivers/USB/HighLevel/EndpointStream.o
 .debug_info    0x00002b4c      0x595 ../../../../LUFA/Drivers/USB/HighLevel/HostStandardReq.o
 .debug_info    0x000030e1      0x888 ../../../../LUFA/Drivers/USB/HighLevel/PipeStream.o
 .debug_info    0x00003969      0x1ef ../../../../LUFA/Drivers/USB/HighLevel/USBTask.o
 .debug_info    0x00003b58      0x6f4 ../../../../LUFA/Drivers/USB/Class/Host/HIDParser.o
 .debug_info    0x0000424c      0x15a ../../../../LUFA/Drivers/Peripheral/Serial.o
 .debug_info    0x000043a6      0x23d ../../../../LUFA/Drivers/Peripheral/SerialStream.o
 .debug_info    0x000045e3      0x156 /usr/local/CrossPack-AVR-20100115/lib/gcc/avr/4.3.3/../../../../avr/lib/avr51/libc.a(iob.o)
 .debug_info    0x00004739      0x1b4 /usr/local/CrossPack-AVR-20100115/lib/gcc/avr/4.3.3/../../../../avr/lib/avr51/libc.a(printf_p.o)
 .debug_info    0x000048ed      0x1d1 /usr/local/CrossPack-AVR-20100115/lib/gcc/avr/4.3.3/../../../../avr/lib/avr51/libc.a(puts_p.o)
 .debug_info    0x00004abe      0x34a /usr/local/CrossPack-AVR-20100115/lib/gcc/avr/4.3.3/../../../../avr/lib/avr51/libc.a(vfprintf_std.o)
 .debug_info    0x00004e08      0x16a /usr/local/CrossPack-AVR-20100115/lib/gcc/avr/4.3.3/../../../../avr/lib/avr51/libc.a(fputc.o)
 *(.gnu.linkonce.wi.*)

.debug_abbrev   0x00000000     0x1c39
 *(.debug_abbrev)
 .debug_abbrev  0x00000000      0x21d PrinterHost.o
 .debug_abbrev  0x0000021d      0x18e ConfigDescriptor.o
 .debug_abbrev  0x000003ab      0x1fd Lib/PrinterCommands.o
 .debug_abbrev  0x000005a8        0x1 ../../../../LUFA/Drivers/USB/LowLevel/Device.o
 .debug_abbrev  0x000005a9        0x1 ../../../../LUFA/Drivers/USB/LowLevel/Endpoint.o
 .debug_abbrev  0x000005aa      0x284 ../../../../LUFA/Drivers/USB/LowLevel/Host.o
 .debug_abbrev  0x0000082e      0x1e8 ../../../../LUFA/Drivers/USB/LowLevel/Pipe.o
 .debug_abbrev  0x00000a16      0x145 ../../../../LUFA/Drivers/USB/LowLevel/USBController.o
 .debug_abbrev  0x00000b5b       0xbc ../../../../LUFA/Drivers/USB/LowLevel/USBInterrupt.o
 .debug_abbrev  0x00000c17      0x1d5 ../../../../LUFA/Drivers/USB/HighLevel/ConfigDescriptor.o
 .debug_abbrev  0x00000dec        0x1 ../../../../LUFA/Drivers/USB/HighLevel/DeviceStandardReq.o
 .debug_abbrev  0x00000ded       0x41 ../../../../LUFA/Drivers/USB/HighLevel/Events.o
 .debug_abbrev  0x00000e2e        0x1 ../../../../LUFA/Drivers/USB/HighLevel/EndpointStream.o
 .debug_abbrev  0x00000e2f      0x1b6 ../../../../LUFA/Drivers/USB/HighLevel/HostStandardReq.o
 .debug_abbrev  0x00000fe5      0x162 ../../../../LUFA/Drivers/USB/HighLevel/PipeStream.o
 .debug_abbrev  0x00001147      0x129 ../../../../LUFA/Drivers/USB/HighLevel/USBTask.o
 .debug_abbrev  0x00001270      0x1e7 ../../../../LUFA/Drivers/USB/Class/Host/HIDParser.o
 .debug_abbrev  0x00001457       0xf7 ../../../../LUFA/Drivers/Peripheral/Serial.o
 .debug_abbrev  0x0000154e      0x16f ../../../../LUFA/Drivers/Peripheral/SerialStream.o
 .debug_abbrev  0x000016bd       0xd0 /usr/local/CrossPack-AVR-20100115/lib/gcc/avr/4.3.3/../../../../avr/lib/avr51/libc.a(iob.o)
 .debug_abbrev  0x0000178d      0x10f /usr/local/CrossPack-AVR-20100115/lib/gcc/avr/4.3.3/../../../../avr/lib/avr51/libc.a(printf_p.o)
 .debug_abbrev  0x0000189c      0x13e /usr/local/CrossPack-AVR-20100115/lib/gcc/avr/4.3.3/../../../../avr/lib/avr51/libc.a(puts_p.o)
 .debug_abbrev  0x000019da      0x184 /usr/local/CrossPack-AVR-20100115/lib/gcc/avr/4.3.3/../../../../avr/lib/avr51/libc.a(vfprintf_std.o)
 .debug_abbrev  0x00001b5e       0xdb /usr/local/CrossPack-AVR-20100115/lib/gcc/avr/4.3.3/../../../../avr/lib/avr51/libc.a(fputc.o)

.debug_line     0x00000000     0x40cb
 *(.debug_line)
 .debug_line    0x00000000      0x5b2 PrinterHost.o
 .debug_line    0x000005b2      0x2d6 ConfigDescriptor.o
 .debug_line    0x00000888      0x421 Lib/PrinterCommands.o
 .debug_line    0x00000ca9       0x24 ../../../../LUFA/Drivers/USB/LowLevel/Device.o
 .debug_line    0x00000ccd       0x24 ../../../../LUFA/Drivers/USB/LowLevel/Endpoint.o
 .debug_line    0x00000cf1      0x749 ../../../../LUFA/Drivers/USB/LowLevel/Host.o
 .debug_line    0x0000143a      0x3c6 ../../../../LUFA/Drivers/USB/LowLevel/Pipe.o
 .debug_line    0x00001800      0x2d3 ../../../../LUFA/Drivers/USB/LowLevel/USBController.o
 .debug_line    0x00001ad3      0x275 ../../../../LUFA/Drivers/USB/LowLevel/USBInterrupt.o
 .debug_line    0x00001d48      0x38e ../../../../LUFA/Drivers/USB/HighLevel/ConfigDescriptor.o
 .debug_line    0x000020d6       0x24 ../../../../LUFA/Drivers/USB/HighLevel/DeviceStandardReq.o
 .debug_line    0x000020fa       0x8b ../../../../LUFA/Drivers/USB/HighLevel/Events.o
 .debug_line    0x00002185       0x24 ../../../../LUFA/Drivers/USB/HighLevel/EndpointStream.o
 .debug_line    0x000021a9      0x50b ../../../../LUFA/Drivers/USB/HighLevel/HostStandardReq.o
 .debug_line    0x000026b4      0x82b ../../../../LUFA/Drivers/USB/HighLevel/PipeStream.o
 .debug_line    0x00002edf      0x1c8 ../../../../LUFA/Drivers/USB/HighLevel/USBTask.o
 .debug_line    0x000030a7      0x5b0 ../../../../LUFA/Drivers/USB/Class/Host/HIDParser.o
 .debug_line    0x00003657      0x154 ../../../../LUFA/Drivers/Peripheral/Serial.o
 .debug_line    0x000037ab      0x164 ../../../../LUFA/Drivers/Peripheral/SerialStream.o
 .debug_line    0x0000390f       0x83 /usr/local/CrossPack-AVR-20100115/lib/gcc/avr/4.3.3/../../../../avr/lib/avr51/libc.a(iob.o)
 .debug_line    0x00003992      0x118 /usr/local/CrossPack-AVR-20100115/lib/gcc/avr/4.3.3/../../../../avr/lib/avr51/libc.a(printf_p.o)
 .debug_line    0x00003aaa       0xc8 /usr/local/CrossPack-AVR-20100115/lib/gcc/avr/4.3.3/../../../../avr/lib/avr51/libc.a(puts_p.o)
 .debug_line    0x00003b72      0x482 /usr/local/CrossPack-AVR-20100115/lib/gcc/avr/4.3.3/../../../../avr/lib/avr51/libc.a(vfprintf_std.o)
 .debug_line    0x00003ff4       0xd7 /usr/local/CrossPack-AVR-20100115/lib/gcc/avr/4.3.3/../../../../avr/lib/avr51/libc.a(fputc.o)

.debug_frame    0x00000000      0x530
 *(.debug_frame)
 .debug_frame   0x00000000       0x90 PrinterHost.o
 .debug_frame   0x00000090       0x40 ConfigDescriptor.o
 .debug_frame   0x000000d0       0x50 Lib/PrinterCommands.o
 .debug_frame   0x00000120       0x80 ../../../../LUFA/Drivers/USB/LowLevel/Host.o
 .debug_frame   0x000001a0       0x50 ../../../../LUFA/Drivers/USB/LowLevel/Pipe.o
 .debug_frame   0x000001f0       0x40 ../../../../LUFA/Drivers/USB/LowLevel/USBController.o
 .debug_frame   0x00000230       0x40 ../../../../LUFA/Drivers/USB/LowLevel/USBInterrupt.o
 .debug_frame   0x00000270       0x60 ../../../../LUFA/Drivers/USB/HighLevel/ConfigDescriptor.o
 .debug_frame   0x000002d0       0x20 ../../../../LUFA/Drivers/USB/HighLevel/Events.o
 .debug_frame   0x000002f0       0x30 ../../../../LUFA/Drivers/USB/HighLevel/HostStandardReq.o
 .debug_frame   0x00000320       0xc0 ../../../../LUFA/Drivers/USB/HighLevel/PipeStream.o
 .debug_frame   0x000003e0       0x20 ../../../../LUFA/Drivers/USB/HighLevel/USBTask.o
 .debug_frame   0x00000400       0x50 ../../../../LUFA/Drivers/USB/Class/Host/HIDParser.o
 .debug_frame   0x00000450       0x30 ../../../../LUFA/Drivers/Peripheral/Serial.o
 .debug_frame   0x00000480       0x30 ../../../../LUFA/Drivers/Peripheral/SerialStream.o
 .debug_frame   0x000004b0       0x20 /usr/local/CrossPack-AVR-20100115/lib/gcc/avr/4.3.3/../../../../avr/lib/avr51/libc.a(printf_p.o)
 .debug_frame   0x000004d0       0x20 /usr/local/CrossPack-AVR-20100115/lib/gcc/avr/4.3.3/../../../../avr/lib/avr51/libc.a(puts_p.o)
 .debug_frame   0x000004f0       0x20 /usr/local/CrossPack-AVR-20100115/lib/gcc/avr/4.3.3/../../../../avr/lib/avr51/libc.a(vfprintf_std.o)
 .debug_frame   0x00000510       0x20 /usr/local/CrossPack-AVR-20100115/lib/gcc/avr/4.3.3/../../../../avr/lib/avr51/libc.a(fputc.o)

.debug_str      0x00000000     0x2377
 *(.debug_str)
 .debug_str     0x00000000      0x7b3 PrinterHost.o
                                0x80e (size before relaxing)
 .debug_str     0x000007b3      0x4c9 ConfigDescriptor.o
                                0x729 (size before relaxing)
 .debug_str     0x00000c7c      0x133 Lib/PrinterCommands.o
                                0x475 (size before relaxing)
 .debug_str     0x00000daf      0x4ca ../../../../LUFA/Drivers/USB/LowLevel/Host.o
                                0xa6f (size before relaxing)
 .debug_str     0x00001279      0x243 ../../../../LUFA/Drivers/USB/LowLevel/Pipe.o
                                0x56a (size before relaxing)
 .debug_str     0x000014bc      0x168 ../../../../LUFA/Drivers/USB/LowLevel/USBController.o
                                0x473 (size before relaxing)
 .debug_str     0x00001624       0xa9 ../../../../LUFA/Drivers/USB/LowLevel/USBInterrupt.o
                                0x407 (size before relaxing)
 .debug_str     0x000016cd      0x1fe ../../../../LUFA/Drivers/USB/HighLevel/ConfigDescriptor.o
                                0x7f2 (size before relaxing)
 .debug_str     0x000018cb       0x3f ../../../../LUFA/Drivers/USB/HighLevel/Events.o
                                0x123 (size before relaxing)
 .debug_str     0x0000190a      0x1c5 ../../../../LUFA/Drivers/USB/HighLevel/HostStandardReq.o
                                0x52f (size before relaxing)
 .debug_str     0x00001acf      0x15e ../../../../LUFA/Drivers/USB/HighLevel/PipeStream.o
                                0x374 (size before relaxing)
 .debug_str     0x00001c2d       0x53 ../../../../LUFA/Drivers/USB/HighLevel/USBTask.o
                                0x1f2 (size before relaxing)
 .debug_str     0x00001c80      0x47e ../../../../LUFA/Drivers/USB/Class/Host/HIDParser.o
                                0x5f3 (size before relaxing)
 .debug_str     0x000020fe       0x7e ../../../../LUFA/Drivers/Peripheral/Serial.o
                                0x194 (size before relaxing)
 .debug_str     0x0000217c       0x7f ../../../../LUFA/Drivers/Peripheral/SerialStream.o
                                0x1c4 (size before relaxing)
 .debug_str     0x000021fb       0x7d /usr/local/CrossPack-AVR-20100115/lib/gcc/avr/4.3.3/../../../../avr/lib/avr51/libc.a(iob.o)
                                0x121 (size before relaxing)
 .debug_str     0x00002278       0x49 /usr/local/CrossPack-AVR-20100115/lib/gcc/avr/4.3.3/../../../../avr/lib/avr51/libc.a(printf_p.o)
                                0x158 (size before relaxing)
 .debug_str     0x000022c1       0x24 /usr/local/CrossPack-AVR-20100115/lib/gcc/avr/4.3.3/../../../../avr/lib/avr51/libc.a(puts_p.o)
                                0x146 (size before relaxing)
 .debug_str     0x000022e5       0x70 /usr/local/CrossPack-AVR-20100115/lib/gcc/avr/4.3.3/../../../../avr/lib/avr51/libc.a(vfprintf_std.o)
                                0x19a (size before relaxing)
 .debug_str     0x00002355       0x22 /usr/local/CrossPack-AVR-20100115/lib/gcc/avr/4.3.3/../../../../avr/lib/avr51/libc.a(fputc.o)
                                0x12a (size before relaxing)

.debug_loc      0x00000000     0x21b9
 *(.debug_loc)
 .debug_loc     0x00000000      0x1a8 PrinterHost.o
 .debug_loc     0x000001a8      0x120 ConfigDescriptor.o
 .debug_loc     0x000002c8      0x146 Lib/PrinterCommands.o
 .debug_loc     0x0000040e      0x245 ../../../../LUFA/Drivers/USB/LowLevel/Host.o
 .debug_loc     0x00000653      0x136 ../../../../LUFA/Drivers/USB/LowLevel/Pipe.o
 .debug_loc     0x00000789       0x13 ../../../../LUFA/Drivers/USB/LowLevel/USBController.o
 .debug_loc     0x0000079c      0x352 ../../../../LUFA/Drivers/USB/HighLevel/ConfigDescriptor.o
 .debug_loc     0x00000aee      0x240 ../../../../LUFA/Drivers/USB/HighLevel/HostStandardReq.o
 .debug_loc     0x00000d2e      0xa4f ../../../../LUFA/Drivers/USB/HighLevel/PipeStream.o
 .debug_loc     0x0000177d       0x13 ../../../../LUFA/Drivers/USB/HighLevel/USBTask.o
 .debug_loc     0x00001790      0x46c ../../../../LUFA/Drivers/USB/Class/Host/HIDParser.o
 .debug_loc     0x00001bfc       0x50 ../../../../LUFA/Drivers/Peripheral/Serial.o
 .debug_loc     0x00001c4c       0x36 ../../../../LUFA/Drivers/Peripheral/SerialStream.o
 .debug_loc     0x00001c82       0x5e /usr/local/CrossPack-AVR-20100115/lib/gcc/avr/4.3.3/../../../../avr/lib/avr51/libc.a(puts_p.o)
 .debug_loc     0x00001ce0      0x479 /usr/local/CrossPack-AVR-20100115/lib/gcc/avr/4.3.3/../../../../avr/lib/avr51/libc.a(vfprintf_std.o)
 .debug_loc     0x00002159       0x60 /usr/local/CrossPack-AVR-20100115/lib/gcc/avr/4.3.3/../../../../avr/lib/avr51/libc.a(fputc.o)

.debug_macinfo
 *(.debug_macinfo)
OUTPUT(PrinterHost.elf elf32-avr)
LOAD linker stubs

.debug_ranges   0x00000000      0x430
 .debug_ranges  0x00000000       0x50 PrinterHost.o
 .debug_ranges  0x00000050       0x40 ConfigDescriptor.o
 .debug_ranges  0x00000090       0x30 Lib/PrinterCommands.o
 .debug_ranges  0x000000c0       0x90 ../../../../LUFA/Drivers/USB/LowLevel/Host.o
 .debug_ranges  0x00000150       0x48 ../../../../LUFA/Drivers/USB/LowLevel/Pipe.o
 .debug_ranges  0x00000198       0x28 ../../../../LUFA/Drivers/USB/LowLevel/USBController.o
 .debug_ranges  0x000001c0       0x28 ../../../../LUFA/Drivers/USB/LowLevel/USBInterrupt.o
 .debug_ranges  0x000001e8       0x38 ../../../../LUFA/Drivers/USB/HighLevel/ConfigDescriptor.o
 .debug_ranges  0x00000220       0x18 ../../../../LUFA/Drivers/USB/HighLevel/Events.o
 .debug_ranges  0x00000238       0x20 ../../../../LUFA/Drivers/USB/HighLevel/HostStandardReq.o
 .debug_ranges  0x00000258       0x68 ../../../../LUFA/Drivers/USB/HighLevel/PipeStream.o
 .debug_ranges  0x000002c0       0x18 ../../../../LUFA/Drivers/USB/HighLevel/USBTask.o
 .debug_ranges  0x000002d8       0xa0 ../../../../LUFA/Drivers/USB/Class/Host/HIDParser.o
 .debug_ranges  0x00000378       0x20 ../../../../LUFA/Drivers/Peripheral/Serial.o
 .debug_ranges  0x00000398       0x20 ../../../../LUFA/Drivers/Peripheral/SerialStream.o
 .debug_ranges  0x000003b8       0x18 /usr/local/CrossPack-AVR-20100115/lib/gcc/avr/4.3.3/../../../../avr/lib/avr51/libc.a(printf_p.o)
 .debug_ranges  0x000003d0       0x18 /usr/local/CrossPack-AVR-20100115/lib/gcc/avr/4.3.3/../../../../avr/lib/avr51/libc.a(puts_p.o)
 .debug_ranges  0x000003e8       0x30 /usr/local/CrossPack-AVR-20100115/lib/gcc/avr/4.3.3/../../../../avr/lib/avr51/libc.a(vfprintf_std.o)
 .debug_ranges  0x00000418       0x18 /usr/local/CrossPack-AVR-20100115/lib/gcc/avr/4.3.3/../../../../avr/lib/avr51/libc.a(fputc.o)

Cross Reference Table

Symbol                                            File
CALLBACK_HIDParser_FilterHIDReportItem            ../../../../LUFA/Drivers/USB/Class/Host/HIDParser.o
DComp_NextBidirectionalPrinterInterface           ConfigDescriptor.o
DComp_NextPrinterInterfaceBulkDataEndpoint        ConfigDescriptor.o
EVENT_USB_Host_DeviceAttached                     PrinterHost.o
                                                  ../../../../LUFA/Drivers/USB/LowLevel/USBInterrupt.o
EVENT_USB_Host_DeviceEnumerationComplete          PrinterHost.o
                                                  ../../../../LUFA/Drivers/USB/LowLevel/Host.o
EVENT_USB_Host_DeviceEnumerationFailed            PrinterHost.o
                                                  ../../../../LUFA/Drivers/USB/LowLevel/USBInterrupt.o
                                                  ../../../../LUFA/Drivers/USB/LowLevel/Host.o
EVENT_USB_Host_DeviceUnattached                   PrinterHost.o
                                                  ../../../../LUFA/Drivers/USB/LowLevel/USBInterrupt.o
                                                  ../../../../LUFA/Drivers/USB/LowLevel/Host.o
EVENT_USB_Host_HostError                          PrinterHost.o
                                                  ../../../../LUFA/Drivers/USB/LowLevel/USBInterrupt.o
EVENT_USB_Host_StartOfFrame                       ../../../../LUFA/Drivers/USB/HighLevel/Events.o
                                                  ../../../../LUFA/Drivers/USB/LowLevel/USBInterrupt.o
Pipe_ClearPipes                                   ../../../../LUFA/Drivers/USB/LowLevel/Pipe.o
                                                  ../../../../LUFA/Drivers/USB/LowLevel/Host.o
Pipe_ConfigurePipe                                ../../../../LUFA/Drivers/USB/LowLevel/Pipe.o
                                                  ../../../../LUFA/Drivers/USB/LowLevel/Host.o
                                                  ConfigDescriptor.o
Pipe_Discard_Stream                               ../../../../LUFA/Drivers/USB/HighLevel/PipeStream.o
Pipe_IsEndpointBound                              ../../../../LUFA/Drivers/USB/LowLevel/Pipe.o
Pipe_Read_EStream_BE                              ../../../../LUFA/Drivers/USB/HighLevel/PipeStream.o
Pipe_Read_EStream_LE                              ../../../../LUFA/Drivers/USB/HighLevel/PipeStream.o
Pipe_Read_Stream_BE                               ../../../../LUFA/Drivers/USB/HighLevel/PipeStream.o
Pipe_Read_Stream_LE                               ../../../../LUFA/Drivers/USB/HighLevel/PipeStream.o
Pipe_WaitUntilReady                               ../../../../LUFA/Drivers/USB/LowLevel/Pipe.o
                                                  ../../../../LUFA/Drivers/USB/HighLevel/PipeStream.o
                                                  Lib/PrinterCommands.o
Pipe_Write_EStream_BE                             ../../../../LUFA/Drivers/USB/HighLevel/PipeStream.o
Pipe_Write_EStream_LE                             ../../../../LUFA/Drivers/USB/HighLevel/PipeStream.o
Pipe_Write_PStream_BE                             ../../../../LUFA/Drivers/USB/HighLevel/PipeStream.o
Pipe_Write_PStream_LE                             ../../../../LUFA/Drivers/USB/HighLevel/PipeStream.o
Pipe_Write_Stream_BE                              ../../../../LUFA/Drivers/USB/HighLevel/PipeStream.o
Pipe_Write_Stream_LE                              ../../../../LUFA/Drivers/USB/HighLevel/PipeStream.o
                                                  Lib/PrinterCommands.o
PrinterAltSetting                                 ConfigDescriptor.o
                                                  PrinterHost.o
PrinterInterfaceNumber                            Lib/PrinterCommands.o
                                                  ConfigDescriptor.o
                                                  PrinterHost.o
Printer_GetDeviceID                               Lib/PrinterCommands.o
                                                  PrinterHost.o
Printer_GetPortStatus                             Lib/PrinterCommands.o
Printer_SendData                                  Lib/PrinterCommands.o
                                                  PrinterHost.o
Printer_SoftReset                                 Lib/PrinterCommands.o
ProcessConfigurationDescriptor                    ConfigDescriptor.o
                                                  PrinterHost.o
Serial_TxString                                   ../../../../LUFA/Drivers/Peripheral/Serial.o
Serial_TxString_P                                 ../../../../LUFA/Drivers/Peripheral/Serial.o
SetupHardware                                     PrinterHost.o
USARTStream                                       ../../../../LUFA/Drivers/Peripheral/SerialStream.o
                                                  PrinterHost.o
USB_ControlPipeSize                               ../../../../LUFA/Drivers/USB/LowLevel/Pipe.o
                                                  ../../../../LUFA/Drivers/USB/HighLevel/HostStandardReq.o
                                                  ../../../../LUFA/Drivers/USB/LowLevel/USBController.o
                                                  ../../../../LUFA/Drivers/USB/LowLevel/Host.o
USB_ControlRequest                                ../../../../LUFA/Drivers/USB/HighLevel/USBTask.o
                                                  ../../../../LUFA/Drivers/USB/HighLevel/HostStandardReq.o
                                                  ../../../../LUFA/Drivers/USB/HighLevel/ConfigDescriptor.o
                                                  ../../../../LUFA/Drivers/USB/LowLevel/Host.o
                                                  Lib/PrinterCommands.o
                                                  PrinterHost.o
USB_Event_Stub                                    ../../../../LUFA/Drivers/USB/HighLevel/Events.o
USB_GetHIDReportItemInfo                          ../../../../LUFA/Drivers/USB/Class/Host/HIDParser.o
USB_GetHIDReportSize                              ../../../../LUFA/Drivers/USB/Class/Host/HIDParser.o
USB_GetNextDescriptorComp                         ../../../../LUFA/Drivers/USB/HighLevel/ConfigDescriptor.o
                                                  ConfigDescriptor.o
USB_GetNextDescriptorOfType                       ../../../../LUFA/Drivers/USB/HighLevel/ConfigDescriptor.o
USB_GetNextDescriptorOfTypeAfter                  ../../../../LUFA/Drivers/USB/HighLevel/ConfigDescriptor.o
USB_GetNextDescriptorOfTypeBefore                 ../../../../LUFA/Drivers/USB/HighLevel/ConfigDescriptor.o
USB_HostState                                     ../../../../LUFA/Drivers/USB/HighLevel/USBTask.o
                                                  ../../../../LUFA/Drivers/USB/LowLevel/USBInterrupt.o
                                                  ../../../../LUFA/Drivers/USB/LowLevel/USBController.o
                                                  ../../../../LUFA/Drivers/USB/LowLevel/Pipe.o
                                                  ../../../../LUFA/Drivers/USB/LowLevel/Host.o
                                                  PrinterHost.o
USB_Host_ClearPipeStall                           ../../../../LUFA/Drivers/USB/LowLevel/Host.o
USB_Host_GetDeviceConfigDescriptor                ../../../../LUFA/Drivers/USB/HighLevel/ConfigDescriptor.o
                                                  ConfigDescriptor.o
USB_Host_GetDeviceDescriptor                      ../../../../LUFA/Drivers/USB/LowLevel/Host.o
USB_Host_GetDeviceStringDescriptor                ../../../../LUFA/Drivers/USB/LowLevel/Host.o
USB_Host_ProcessNextHostState                     ../../../../LUFA/Drivers/USB/LowLevel/Host.o
                                                  ../../../../LUFA/Drivers/USB/HighLevel/USBTask.o
USB_Host_SendControlRequest                       ../../../../LUFA/Drivers/USB/HighLevel/HostStandardReq.o
                                                  ../../../../LUFA/Drivers/USB/HighLevel/ConfigDescriptor.o
                                                  ../../../../LUFA/Drivers/USB/LowLevel/Host.o
                                                  Lib/PrinterCommands.o
                                                  PrinterHost.o
USB_Host_SetDeviceConfiguration                   ../../../../LUFA/Drivers/USB/LowLevel/Host.o
                                                  PrinterHost.o
USB_Host_WaitMS                                   ../../../../LUFA/Drivers/USB/LowLevel/Host.o
                                                  ../../../../LUFA/Drivers/USB/HighLevel/HostStandardReq.o
USB_INT_ClearAllInterrupts                        ../../../../LUFA/Drivers/USB/LowLevel/USBInterrupt.o
                                                  ../../../../LUFA/Drivers/USB/LowLevel/USBController.o
USB_INT_DisableAllInterrupts                      ../../../../LUFA/Drivers/USB/LowLevel/USBInterrupt.o
                                                  ../../../../LUFA/Drivers/USB/LowLevel/USBController.o
USB_Init                                          ../../../../LUFA/Drivers/USB/LowLevel/USBController.o
                                                  PrinterHost.o
USB_IsInitialized                                 ../../../../LUFA/Drivers/USB/HighLevel/USBTask.o
                                                  ../../../../LUFA/Drivers/USB/LowLevel/USBController.o
USB_Printer_Host                                  PrinterHost.o
USB_ProcessHIDReport                              ../../../../LUFA/Drivers/USB/Class/Host/HIDParser.o
USB_ResetInterface                                ../../../../LUFA/Drivers/USB/LowLevel/USBController.o
                                                  ../../../../LUFA/Drivers/USB/LowLevel/USBInterrupt.o
                                                  ../../../../LUFA/Drivers/USB/LowLevel/Host.o
USB_SetHIDReportItemInfo                          ../../../../LUFA/Drivers/USB/Class/Host/HIDParser.o
USB_ShutDown                                      ../../../../LUFA/Drivers/USB/LowLevel/USBController.o
                                                  PrinterHost.o
USB_USBTask                                       ../../../../LUFA/Drivers/USB/HighLevel/USBTask.o
                                                  PrinterHost.o
__bad_interrupt                                   /usr/local/CrossPack-AVR-20100115/lib/gcc/avr/4.3.3/../../../../avr/lib/avr51/crtusb1287.o
__bss_end                                         /usr/local/CrossPack-AVR-20100115/lib/gcc/avr/4.3.3/avr51/libgcc.a(_clear_bss.o)
__bss_start                                       /usr/local/CrossPack-AVR-20100115/lib/gcc/avr/4.3.3/avr51/libgcc.a(_clear_bss.o)
__data_end                                        /usr/local/CrossPack-AVR-20100115/lib/gcc/avr/4.3.3/../../../../avr/lib/avr51/crtusb1287.o
__data_load_start                                 /usr/local/CrossPack-AVR-20100115/lib/gcc/avr/4.3.3/../../../../avr/lib/avr51/crtusb1287.o
__data_start                                      /usr/local/CrossPack-AVR-20100115/lib/gcc/avr/4.3.3/../../../../avr/lib/avr51/crtusb1287.o
__do_clear_bss                                    /usr/local/CrossPack-AVR-20100115/lib/gcc/avr/4.3.3/avr51/libgcc.a(_clear_bss.o)
                                                  /usr/local/CrossPack-AVR-20100115/lib/gcc/avr/4.3.3/../../../../avr/lib/avr51/libc.a(iob.o)
                                                  ../../../../LUFA/Drivers/USB/HighLevel/USBTask.o
                                                  ../../../../LUFA/Drivers/USB/LowLevel/Host.o
                                                  ConfigDescriptor.o
__do_copy_data                                    /usr/local/CrossPack-AVR-20100115/lib/gcc/avr/4.3.3/../../../../avr/lib/avr51/crtusb1287.o
                                                  ../../../../LUFA/Drivers/Peripheral/SerialStream.o
                                                  ../../../../LUFA/Drivers/USB/LowLevel/Pipe.o
                                                  ../../../../LUFA/Drivers/USB/LowLevel/Host.o
                                                  PrinterHost.o
__eerd_byte_usb1287                               /usr/local/CrossPack-AVR-20100115/lib/gcc/avr/4.3.3/../../../../avr/lib/avr51/libc.a(eerd_byte_at90usb1287.o)
                                                  ../../../../LUFA/Drivers/USB/HighLevel/PipeStream.o
__eeupd_byte_usb1287                              /usr/local/CrossPack-AVR-20100115/lib/gcc/avr/4.3.3/../../../../avr/lib/avr51/libc.a(eeupd_byte_at90usb1287.o)
                                                  ../../../../LUFA/Drivers/USB/HighLevel/PipeStream.o
__eeupd_r18_usb1287                               /usr/local/CrossPack-AVR-20100115/lib/gcc/avr/4.3.3/../../../../avr/lib/avr51/libc.a(eeupd_byte_at90usb1287.o)
__heap_end                                        /usr/local/CrossPack-AVR-20100115/lib/gcc/avr/4.3.3/../../../../avr/lib/avr51/crtusb1287.o
__init                                            /usr/local/CrossPack-AVR-20100115/lib/gcc/avr/4.3.3/../../../../avr/lib/avr51/crtusb1287.o
__iob                                             /usr/local/CrossPack-AVR-20100115/lib/gcc/avr/4.3.3/../../../../avr/lib/avr51/libc.a(puts_p.o)
                                                  /usr/local/CrossPack-AVR-20100115/lib/gcc/avr/4.3.3/../../../../avr/lib/avr51/libc.a(printf_p.o)
                                                  /usr/local/CrossPack-AVR-20100115/lib/gcc/avr/4.3.3/../../../../avr/lib/avr51/libc.a(iob.o)
                                                  PrinterHost.o
__stack                                           /usr/local/CrossPack-AVR-20100115/lib/gcc/avr/4.3.3/../../../../avr/lib/avr51/crtusb1287.o
__ultoa_invert                                    /usr/local/CrossPack-AVR-20100115/lib/gcc/avr/4.3.3/../../../../avr/lib/avr51/libc.a(ultoa_invert.o)
                                                  /usr/local/CrossPack-AVR-20100115/lib/gcc/avr/4.3.3/../../../../avr/lib/avr51/libc.a(vfprintf_std.o)
__vector_1                                        /usr/local/CrossPack-AVR-20100115/lib/gcc/avr/4.3.3/../../../../avr/lib/avr51/crtusb1287.o
__vector_10                                       ../../../../LUFA/Drivers/USB/LowLevel/USBInterrupt.o
                                                  /usr/local/CrossPack-AVR-20100115/lib/gcc/avr/4.3.3/../../../../avr/lib/avr51/crtusb1287.o
__vector_11                                       /usr/local/CrossPack-AVR-20100115/lib/gcc/avr/4.3.3/../../../../avr/lib/avr51/crtusb1287.o
__vector_12                                       /usr/local/CrossPack-AVR-20100115/lib/gcc/avr/4.3.3/../../../../avr/lib/avr51/crtusb1287.o
__vector_13                                       /usr/local/CrossPack-AVR-20100115/lib/gcc/avr/4.3.3/../../../../avr/lib/avr51/crtusb1287.o
__vector_14                                       /usr/local/CrossPack-AVR-20100115/lib/gcc/avr/4.3.3/../../../../avr/lib/avr51/crtusb1287.o
__vector_15                                       /usr/local/CrossPack-AVR-20100115/lib/gcc/avr/4.3.3/../../../../avr/lib/avr51/crtusb1287.o
__vector_16                                       /usr/local/CrossPack-AVR-20100115/lib/gcc/avr/4.3.3/../../../../avr/lib/avr51/crtusb1287.o
__vector_17                                       /usr/local/CrossPack-AVR-20100115/lib/gcc/avr/4.3.3/../../../../avr/lib/avr51/crtusb1287.o
__vector_18                                       /usr/local/CrossPack-AVR-20100115/lib/gcc/avr/4.3.3/../../../../avr/lib/avr51/crtusb1287.o
__vector_19                                       /usr/local/CrossPack-AVR-20100115/lib/gcc/avr/4.3.3/../../../../avr/lib/avr51/crtusb1287.o
__vector_2                                        /usr/local/CrossPack-AVR-20100115/lib/gcc/avr/4.3.3/../../../../avr/lib/avr51/crtusb1287.o
__vector_20                                       /usr/local/CrossPack-AVR-20100115/lib/gcc/avr/4.3.3/../../../../avr/lib/avr51/crtusb1287.o
__vector_21                                       /usr/local/CrossPack-AVR-20100115/lib/gcc/avr/4.3.3/../../../../avr/lib/avr51/crtusb1287.o
__vector_22                                       /usr/local/CrossPack-AVR-20100115/lib/gcc/avr/4.3.3/../../../../avr/lib/avr51/crtusb1287.o
__vector_23                                       /usr/local/CrossPack-AVR-20100115/lib/gcc/avr/4.3.3/../../../../avr/lib/avr51/crtusb1287.o
__vector_24                                       /usr/local/CrossPack-AVR-20100115/lib/gcc/avr/4.3.3/../../../../avr/lib/avr51/crtusb1287.o
__vector_25                                       /usr/local/CrossPack-AVR-20100115/lib/gcc/avr/4.3.3/../../../../avr/lib/avr51/crtusb1287.o
__vector_26                                       /usr/local/CrossPack-AVR-20100115/lib/gcc/avr/4.3.3/../../../../avr/lib/avr51/crtusb1287.o
__vector_27                                       /usr/local/CrossPack-AVR-20100115/lib/gcc/avr/4.3.3/../../../../avr/lib/avr51/crtusb1287.o
__vector_28                                       /usr/local/CrossPack-AVR-20100115/lib/gcc/avr/4.3.3/../../../../avr/lib/avr51/crtusb1287.o
__vector_29                                       /usr/local/CrossPack-AVR-20100115/lib/gcc/avr/4.3.3/../../../../avr/lib/avr51/crtusb1287.o
__vector_3                                        /usr/local/CrossPack-AVR-20100115/lib/gcc/avr/4.3.3/../../../../avr/lib/avr51/crtusb1287.o
__vector_30                                       /usr/local/CrossPack-AVR-20100115/lib/gcc/avr/4.3.3/../../../../avr/lib/avr51/crtusb1287.o
__vector_31                                       /usr/local/CrossPack-AVR-20100115/lib/gcc/avr/4.3.3/../../../../avr/lib/avr51/crtusb1287.o
__vector_32                                       /usr/local/CrossPack-AVR-20100115/lib/gcc/avr/4.3.3/../../../../avr/lib/avr51/crtusb1287.o
__vector_33                                       /usr/local/CrossPack-AVR-20100115/lib/gcc/avr/4.3.3/../../../../avr/lib/avr51/crtusb1287.o
__vector_34                                       /usr/local/CrossPack-AVR-20100115/lib/gcc/avr/4.3.3/../../../../avr/lib/avr51/crtusb1287.o
__vector_35                                       /usr/local/CrossPack-AVR-20100115/lib/gcc/avr/4.3.3/../../../../avr/lib/avr51/crtusb1287.o
__vector_36                                       /usr/local/CrossPack-AVR-20100115/lib/gcc/avr/4.3.3/../../../../avr/lib/avr51/crtusb1287.o
__vector_37                                       /usr/local/CrossPack-AVR-20100115/lib/gcc/avr/4.3.3/../../../../avr/lib/avr51/crtusb1287.o
__vector_4                                        /usr/local/CrossPack-AVR-20100115/lib/gcc/avr/4.3.3/../../../../avr/lib/avr51/crtusb1287.o
__vector_5                                        /usr/local/CrossPack-AVR-20100115/lib/gcc/avr/4.3.3/../../../../avr/lib/avr51/crtusb1287.o
__vector_6                                        /usr/local/CrossPack-AVR-20100115/lib/gcc/avr/4.3.3/../../../../avr/lib/avr51/crtusb1287.o
__vector_7                                        /usr/local/CrossPack-AVR-20100115/lib/gcc/avr/4.3.3/../../../../avr/lib/avr51/crtusb1287.o
__vector_8                                        /usr/local/CrossPack-AVR-20100115/lib/gcc/avr/4.3.3/../../../../avr/lib/avr51/crtusb1287.o
__vector_9                                        /usr/local/CrossPack-AVR-20100115/lib/gcc/avr/4.3.3/../../../../avr/lib/avr51/crtusb1287.o
__vector_default                                  /usr/local/CrossPack-AVR-20100115/lib/gcc/avr/4.3.3/../../../../avr/lib/avr51/crtusb1287.o
__vectors                                         /usr/local/CrossPack-AVR-20100115/lib/gcc/avr/4.3.3/../../../../avr/lib/avr51/crtusb1287.o
_exit                                             /usr/local/CrossPack-AVR-20100115/lib/gcc/avr/4.3.3/avr51/libgcc.a(_exit.o)
exit                                              /usr/local/CrossPack-AVR-20100115/lib/gcc/avr/4.3.3/avr51/libgcc.a(_exit.o)
                                                  /usr/local/CrossPack-AVR-20100115/lib/gcc/avr/4.3.3/../../../../avr/lib/avr51/crtusb1287.o
fputc                                             /usr/local/CrossPack-AVR-20100115/lib/gcc/avr/4.3.3/../../../../avr/lib/avr51/libc.a(fputc.o)
                                                  /usr/local/CrossPack-AVR-20100115/lib/gcc/avr/4.3.3/../../../../avr/lib/avr51/libc.a(vfprintf_std.o)
main                                              PrinterHost.o
                                                  /usr/local/CrossPack-AVR-20100115/lib/gcc/avr/4.3.3/../../../../avr/lib/avr51/crtusb1287.o
memcpy                                            /usr/local/CrossPack-AVR-20100115/lib/gcc/avr/4.3.3/../../../../avr/lib/avr51/libc.a(memcpy.o)
                                                  /usr/local/CrossPack-AVR-20100115/lib/gcc/avr/4.3.3/../../../../avr/lib/avr51/libc.a(memmove.o)
memmove                                           /usr/local/CrossPack-AVR-20100115/lib/gcc/avr/4.3.3/../../../../avr/lib/avr51/libc.a(memmove.o)
                                                  Lib/PrinterCommands.o
printf_P                                          /usr/local/CrossPack-AVR-20100115/lib/gcc/avr/4.3.3/../../../../avr/lib/avr51/libc.a(printf_p.o)
                                                  PrinterHost.o
puts_P                                            /usr/local/CrossPack-AVR-20100115/lib/gcc/avr/4.3.3/../../../../avr/lib/avr51/libc.a(puts_p.o)
                                                  PrinterHost.o
strnlen                                           /usr/local/CrossPack-AVR-20100115/lib/gcc/avr/4.3.3/../../../../avr/lib/avr51/libc.a(strnlen.o)
                                                  /usr/local/CrossPack-AVR-20100115/lib/gcc/avr/4.3.3/../../../../avr/lib/avr51/libc.a(vfprintf_std.o)
strnlen_P                                         /usr/local/CrossPack-AVR-20100115/lib/gcc/avr/4.3.3/../../../../avr/lib/avr51/libc.a(strnlen_P.o)
                                                  /usr/local/CrossPack-AVR-20100115/lib/gcc/avr/4.3.3/../../../../avr/lib/avr51/libc.a(vfprintf_std.o)
vfprintf                                          /usr/local/CrossPack-AVR-20100115/lib/gcc/avr/4.3.3/../../../../avr/lib/avr51/libc.a(vfprintf_std.o)
                                                  /usr/local/CrossPack-AVR-20100115/lib/gcc/avr/4.3.3/../../../../avr/lib/avr51/libc.a(printf_p.o)
